03-30 13:14:54.595  1529  1529 W PackageSettings: Missing permission state for package com.google.android.hardwareinfo on user 0
03-30 13:14:54.595  1529  1529 W PackageSettings: Missing permission state for package com.google.android.overlay.glanceablehubsettings2022_gms on user 0
03-30 13:14:54.595  1529  1529 W PackageSettings: Missing permission state for package com.urbandroid.dontkillmyapp on user 0
03-30 13:14:54.595  1529  1529 W PackageSettings: Missing permission state for package com.google.android.overlay.pixelconfig2019midyear_gms on user 0
03-30 13:14:54.595  1529  1529 W PackageSettings: Missing permission state for package com.google.android.trichromelibrary_699813532 on user 0
03-30 13:14:54.595  1529  1529 W PackageSettings: Missing permission state for package com.android.bluetoothmidiservice on user 0
03-30 13:14:54.595  1529  1529 W PackageSettings: Missing permission state for package fsgpgfw1k.v64xr36kia19.kt1f7i4z28pvl4v on user 0
03-30 13:14:54.595  1529  1529 W PackageSettings: Missing permission state for package com.android.theme.lockscreen_clock_font.ninjas on user 0
03-30 13:14:54.595  1529  1529 W PackageSettings: Missing permission state for package com.boedec.hoel.frequencygenerator on user 0
03-30 13:14:54.595  1529  1529 W PackageSettings: Missing permission state for package com.android.theme.lockscreen_clock_font.nunito on user 0
03-30 13:14:54.595  1529  1529 W PackageSettings: Missing permission state for package ca.ctv.ctvgo on user 0
03-30 13:14:54.595  1529  1529 W PackageSettings: Missing permission state for package com.google.android.pixel.setupwizard.overlay.expressive_gms on user 0
03-30 13:14:54.595  1529  1529 W PackageSettings: Missing permission state for package sy.android.sypressure on user 0
03-30 13:14:54.595  1529  1529 W PackageSettings: Missing permission state for package com.google.android.overlay.devicelockcontroller_gms on user 0
03-30 13:14:54.595  1529  1529 W PackageSettings: Missing permission state for package net.luizmello.brainwaves on user 0
03-30 13:14:54.595  1529  1529 W PackageSettings: Missing permission state for package com.android.theme.font.accuratist on user 0
03-30 13:14:54.595  1529  1529 W PackageSettings: Missing permission state for package com.android.theme.lockscreen_clock_font.gautsmotelupperright on user 0
03-30 13:14:54.595  1529  1529 W PackageSettings: Missing permission state for package com.android.theme.lockscreen_clock_font.oswald on user 0
03-30 13:14:54.595  1529  1529 W PackageSettings: Missing permission state for package com.google.android.dreamlinerupdater on user 0
03-30 13:14:54.595  1529  1529 W PackageSettings: Missing permission state for package com.ebay.mobile on user 0
03-30 13:14:54.595  1529  1529 W PackageSettings: Missing permission state for package com.google.android.apps.nexuslauncher.overlay.custom on user 0
03-30 13:14:54.595  1529  1529 W PackageSettings: Missing permission state for package com.yygg.note.app on user 0
03-30 13:14:54.595  1529  1529 W PackageSettings: Missing permission state for package com.android.bluetooth.bthelper.auto_generated_rro_vendor__ on user 0
03-30 13:14:54.595  1529  1529 W PackageSettings: Missing permission state for package com.android.settings.evolution.overlay on user 0
03-30 13:14:54.596  1529  1529 W PackageSettings: Missing permission state for package com.android.internal.display.cutout.emulation.notchbarkiller on user 0
03-30 13:14:54.596  1529  1529 W PackageSettings: Missing permission state for package com.td.myspend on user 0
03-30 13:14:54.596  1529  1529 W PackageSettings: Missing permission state for package com.android.theme.lockscreen_clock_font.quando on user 0
03-30 13:14:54.596  1529  1529 W PackageSettings: Missing permission state for package com.groundspeak.geocaching.intro on user 0
03-30 13:14:54.596  1529  1529 W PackageSettings: Missing permission state for package com.plus.android.overlay.settings on user 0
03-30 13:14:54.596  1529  1529 W PackageSettings: Missing permission state for package gr.nikolasspyr.integritycheck on user 0
03-30 13:14:54.596  1529  1529 W PackageSettings: Missing permission state for package com.google.android.apps.pixel.creativeassistant on user 0
03-30 13:14:54.596  1529  1529 W PackageSettings: Missing permission state for package com.brother.mfc.brprint on user 0
03-30 13:14:54.596  1529  1529 W PackageSettings: Missing permission state for package com.cpuid.cpu_z on user 0
03-30 13:14:54.596  1529  1529 W PackageSettings: Missing permission state for package co.feeld on user 0
03-30 13:14:54.596  1529  1529 W PackageSettings: Missing permission state for package com.android.imsserviceentitlement.auto_generated_rro_product__ on user 0
03-30 13:14:54.596  1529  1529 W PackageSettings: Missing permission state for package com.android.phone.auto_generated_rro_product__ on user 0
03-30 13:14:54.596  1529  1529 W PackageSettings: Missing permission state for package com.android.theme.lockscreen_clock_font.subway on user 0
03-30 13:14:54.596  1529  1529 W PackageSettings: Missing permission state for package com.android.theme.lockscreen_clock_font.surfer on user 0
03-30 13:14:54.596  1529  1529 W PackageSettings: Missing permission state for package com.arjanvlek.oxygenupdater on user 0
03-30 13:14:54.596  1529  1529 W PackageSettings: Missing permission state for package android.auto_generated_rro_product__ on user 0
03-30 13:14:54.596  1529  1529 W PackageSettings: Missing permission state for package com.google.android.play.games on user 0
03-30 13:14:54.596  1529  1529 W PackageSettings: Missing permission state for package notion.id on user 0
03-30 13:14:54.596  1529  1529 W PackageSettings: Missing permission state for package com.android.system.navbar.oneplus on user 0
03-30 13:14:54.596  1529  1529 W PackageSettings: Missing permission state for package com.android.theme.lockscreen_clock_font.googlesansflex on user 0
03-30 13:14:54.596  1529  1529 W PackageSettings: Missing permission state for package flar2.devcheck on user 0
03-30 13:14:54.596  1529  1529 W PackageSettings: Missing permission state for package com.android.theme.icon.samsung on user 0
03-30 13:14:54.596  1529  1529 W PackageSettings: Missing permission state for package com.android.theme.lockscreen_clock_font.ubuntu on user 0
03-30 13:14:54.596  1529  1529 W PackageSettings: Missing permission state for package com.google.android.apps.magazines on user 0
03-30 13:14:54.596  1529  1529 W PackageSettings: Missing permission state for package com.android.ondevicepersonalization.services on user 0
03-30 13:14:54.596  1529  1529 W PackageSettings: Missing permission state for package com.google.android.apps.adm on user 0
03-30 13:14:54.596  1529  1529 W PackageSettings: Missing permission state for package com.google.android.apps.m4b on user 0
03-30 13:14:54.596  1529  1529 W PackageSettings: Missing permission state for package com.android.phone.auto_generated_rro_product___gms on user 0
03-30 13:14:54.596  1529  1529 W PackageSettings: Missing permission state for package com.android.documentsui.overlay on user 0
03-30 13:14:54.596  1529  1529 W PackageSettings: Missing permission state for package com.google.android.rilextension on user 0
03-30 13:14:54.596  1529  1529 W PackageSettings: Missing permission state for package com.android.bluetooth.bthelper.adapter.auto_generated_rro_product__ on user 0
03-30 13:14:54.596  1529  1529 W PackageSettings: Missing permission state for package com.oneplus.membership on user 0
03-30 13:14:54.596  1529  1529 W PackageSettings: Missing permission state for package com.google.android.overlay.glanceablehubconfig_gms on user 0
03-30 13:14:54.596  1529  1529 W PackageSettings: Missing permission state for package com.android.theme.icon.cloudy on user 0
03-30 13:14:54.596  1529  1529 W PackageSettings: Missing permission state for package com.android.captiveportallogin on user 0
03-30 13:14:54.596  1529  1529 W PackageSettings: Missing permission state for package com.android.theme.font.linotte on user 0
03-30 13:14:54.596  1529  1529 W PackageSettings: Missing permission state for package com.riteshsahu.SMSBackupRestore on user 0
03-30 13:14:54.596  1529  1529 W PackageSettings: Missing permission state for package web.tradenewton.com on user 0
03-30 13:14:54.596  1529  1529 W PackageSettings: Missing permission state for package com.android.theme.font.grandhotel on user 0
03-30 13:14:54.596  1529  1529 W PackageSettings: Missing permission state for package com.droid27.transparentclockweather on user 0
03-30 13:14:54.596  1529  1529 W PackageSettings: Missing permission state for package com.google.android.GoogleCamera on user 0
03-30 13:14:54.596  1529  1529 W PackageSettings: Missing permission state for package com.google.earth on user 0
03-30 13:14:54.596  1529  1529 W PackageSettings: Missing permission state for package com.android.devicelockcontroller on user 0
03-30 13:14:54.596  1529  1529 W PackageSettings: Missing permission state for package com.android.theme.lockscreen_clock_font.spacegame on user 0
03-30 13:14:54.596  1529  1529 W PackageSettings: Missing permission state for package com.google.android.apps.pixel.dcservice on user 0
03-30 13:14:54.596  1529  1529 W PackageSettings: Missing permission state for package com.android.theme.icon.flower on user 0
03-30 13:14:54.596  1529  1529 W PackageSettings: Missing permission state for package com.android.theme.font.play on user 0
03-30 13:14:54.596  1529  1529 W PackageSettings: Missing permission state for package com.android.theme.lockscreen_clock_font.monbijouxclownpiece on user 0
03-30 13:14:54.596  1529  1529 W PackageSettings: Missing permission state for package com.microsoft.teams on user 0
03-30 13:14:54.596  1529  1529 W PackageSettings: Missing permission state for package com.android.settings.auto_generated_rro_product___gms on user 0
03-30 13:14:54.596  1529  1529 W PackageSettings: Missing permission state for package com.android.theme.icon.sevencookie on user 0
03-30 13:14:54.596  1529  1529 W PackageSettings: Missing permission state for package com.snapchat.android on user 0
03-30 13:14:54.596  1529  1529 W PackageSettings: Missing permission state for package com.google.android.inputmethod.latin on user 0
03-30 13:14:54.596  1529  1529 W PackageSettings: Missing permission state for package com.android.theme.lockscreen_clock_font.th3machine on user 0
03-30 13:14:54.596  1529  1529 W PackageSettings: Missing permission state for package com.amazon.kindle on user 0
03-30 13:14:54.596  1529  1529 W PackageSettings: Missing permission state for package org.omnirom.omnistyle.auto_generated_rro_product__ on user 0
03-30 13:14:54.596  1529  1529 W PackageSettings: Missing permission state for package com.tapped.drawrider on user 0
03-30 13:14:54.596  1529  1529 W PackageSettings: Missing permission state for package tanron.conf.java.gr.jp.simpleclock on user 0
03-30 13:14:54.596  1529  1529 W PackageSettings: Missing permission state for package com.google.android.storagemanager on user 0
03-30 13:14:54.596  1529  1529 W PackageSettings: Missing permission state for package android.auto_generated_rro_vendor__ on user 0
03-30 13:14:54.596  1529  1529 W PackageSettings: Missing permission state for package com.google.android.apps.restore on user 0
03-30 13:14:54.596  1529  1529 W PackageSettings: Missing permission state for package com.android.theme.font.redressed on user 0
03-30 13:14:54.596  1529  1529 W PackageSettings: Missing permission state for shared user: android.uid.log
03-30 13:14:54.596  1529  1529 W PackageSettings: Missing permission state for shared user: android.uid.uwb
03-30 13:14:54.741  1529  1529 W PackageManager: Ignoring persisted ABI override for package com.google.android.permission
03-30 13:14:54.792   970   970 W Lyric   : tuning_provider_base.cc:65: /apex/com.google.pixel.camera.hal/etc/lib64/camera/. is not a binarypb.
03-30 13:14:54.792   970   970 W Lyric   : tuning_provider_base.cc:65: /apex/com.google.pixel.camera.hal/etc/lib64/camera/.. is not a binarypb.
03-30 13:14:54.792   970   970 W Lyric   : tuning_provider_base.cc:65: /apex/com.google.pixel.camera.hal/etc/lib64/camera/tuning_ocl.txt is not a binarypb.
03-30 13:14:54.797  1529  1529 W PackageManager: Failed to scan /product/overlay/FontPoppins: Application package com.android.theme.font.poppins already installed.  Skipping duplicate.
03-30 13:14:54.829  1529  1529 W PackageManager: Failed to scan /product/overlay/WallpaperPicker2PixelOverlay.apk: Application package com.google.android.wallpaper.picker.overlay already installed.  Skipping duplicate.
03-30 13:14:54.834  1529  1529 W PackageManager: Failed to parse /system/framework/arm64: Missing base APK in /system/framework/arm64
03-30 13:14:54.834  1529  1529 W PackageManager: Failed to parse /system/framework/oat: Missing base APK in /system/framework/oat/arm64
03-30 13:14:54.843  1529  1529 W PackageManager: Failed to scan /system/priv-app/DocumentsUIGoogle: Package com.google.android.documentsui at /system/priv-app/DocumentsUIGoogle ignored: updated version 361153320 better than this 361153320
03-30 13:14:54.855  1529  1529 W PackageManager: Failed to scan /product/priv-app/PrebuiltBugle: Package com.google.android.apps.messaging at /product/priv-app/PrebuiltBugle ignored: updated version 303026063 better than this 273726063
03-30 13:14:54.855  1529  1529 W PackageManager: Failed to scan /product/priv-app/PartnerSetupPrebuilt: Package com.google.android.partnersetup at /product/priv-app/PartnerSetupPrebuilt ignored: updated version 7885 better than this 2869
03-30 13:14:54.855  1529  1529 W PackageManager: Failed to scan /product/priv-app/SCONE-v51348: Package com.google.android.apps.scone at /product/priv-app/SCONE-v51348 ignored: updated version 71531 better than this 51348
03-30 13:14:54.856  1529  1529 W PackageManager: Failed to scan /product/priv-app/DevicePersonalizationPrebuiltPixel2024-playstore_aiai_20250306.00_RC10: Package com.google.android.as at /product/priv-app/DevicePersonalizationPrebuiltPixel2024-playstore_aiai_20250306.00_RC10 ignored: updated version 14864562 better than this 14796041
03-30 13:14:54.856  1529  1529 W PackageManager: Failed to scan /product/priv-app/SatelliteGatewayPrebuilt: Package com.google.android.apps.stargate at /product/priv-app/SatelliteGatewayPrebuilt ignored: updated version 95614000 better than this 85477000
03-30 13:14:54.857  1529  1529 W PackageManager: Failed to scan /product/priv-app/DevicePersonalizationPrebuiltPixel2025-playstore_aiai_20250306.00_RC10: Package com.google.android.as at /product/priv-app/DevicePersonalizationPrebuiltPixel2025-playstore_aiai_20250306.00_RC10 ignored: updated version 14864562 better than this 14796054
03-30 13:14:54.857  1529  1529 W PackageManager: Failed to scan /product/priv-app/GoogleDialer: Package com.google.android.dialer at /product/priv-app/GoogleDialer ignored: updated version 19559378 better than this 19000468
03-30 13:14:54.857  1529  1529 W PackageManager: Failed to scan /product/priv-app/CarrierWifi: Package com.google.android.apps.carrier.carrierwifi at /product/priv-app/CarrierWifi ignored: updated version 143 better than this 104
03-30 13:14:54.857  1529  1529 W PackageManager: Failed to scan /product/priv-app/GoogleRestorePrebuilt-v842048: Package com.google.android.apps.restore at /product/priv-app/GoogleRestorePrebuilt-v842048 ignored: updated version 1007148 better than this 842048
03-30 13:14:54.857  1529  1529 W PackageManager: Failed to scan /product/priv-app/AndroidAutoStubPrebuilt: Package com.google.android.projection.gearhead at /product/priv-app/AndroidAutoStubPrebuilt ignored: updated version 164661034 better than this 12552680
03-30 13:14:54.858  1529  1529 W PackageManager: Failed to scan /product/priv-app/PrebuiltGmsCore: Package com.google.android.gms at /product/priv-app/PrebuiltGmsCore ignored: updated version 261133035 better than this 253434035
03-30 13:14:54.859  1529  1529 W PackageManager: Failed to scan /product/priv-app/RelationshipsPrebuilt-301: Package com.google.android.apps.pixel.relationships at /product/priv-app/RelationshipsPrebuilt-301 ignored: updated version 2044 better than this 301
03-30 13:14:54.859  1529  1529 W PackageManager: Failed to scan /product/priv-app/EuiccGoogle: Package com.google.android.euicc at /product/priv-app/EuiccGoogle ignored: updated version 231486 better than this 230031
03-30 13:14:54.859  1529  1529 W PackageManager: Failed to scan /product/priv-app/SearchSelectorPrebuilt: Package com.google.android.apps.setupwizard.searchselector at /product/priv-app/SearchSelectorPrebuilt ignored: updated version 5141 better than this 4483
03-30 13:14:54.859  1529  1529 W PackageManager: Failed to scan /product/priv-app/DeviceIntelligenceNetworkPrebuilt-astrea_20240329.00_RC02: Package com.google.android.as.oss at /product/priv-app/DeviceIntelligenceNetworkPrebuilt-astrea_20240329.00_RC02 ignored: updated version 129887 better than this 55115
03-30 13:14:54.861  1529  1529 W PackageManager: Failed to scan /product/priv-app/TurboPrebuilt: Package com.google.android.apps.turbo at /product/priv-app/TurboPrebuilt ignored: updated version 10272287 better than this 10271342
03-30 13:14:54.861  1529  1529 W PackageManager: Failed to scan /product/priv-app/GeminiShell_227: Package com.google.android.apps.bard at /product/priv-app/GeminiShell_227 ignored: updated version 290 better than this 227
03-30 13:14:54.862  1529  1529 W PackageManager: Failed to scan /product/priv-app/AmbientStreaming: Package com.google.ambient.streaming at /product/priv-app/AmbientStreaming ignored: updated version 100108500 better than this 1000000
03-30 13:14:54.862  1529  1529 W PackageManager: Failed to scan /product/priv-app/SCONE: Package com.google.android.apps.scone at /product/priv-app/SCONE ignored: updated version 71531 better than this 49580
03-30 13:14:54.862  1529  1529 W PackageManager: Failed to scan /product/priv-app/PrebuiltDeskClockGoogle_76007351: Package com.google.android.deskclock at /product/priv-app/PrebuiltDeskClockGoogle_76007351 ignored: updated version 76042511 better than this 76007351
03-30 13:14:54.863  1529  1529 W PackageManager: Failed to scan /product/priv-app/MaestroPrebuilt: Package com.google.android.apps.wearables.maestro.companion at /product/priv-app/MaestroPrebuilt ignored: updated version 10234011 better than this 1
03-30 13:14:54.864  1529  1529 W PackageManager: Failed to scan /product/priv-app/WellbeingPrebuilt: Package com.google.android.apps.wellbeing at /product/priv-app/WellbeingPrebuilt ignored: updated version 814527 better than this 756717
03-30 13:14:54.865  1529  1529 W PackageManager: Failed to scan /product/priv-app/AICorePrebuilt-aicore_20250130.00_RC01: Package com.google.android.aicore at /product/priv-app/AICorePrebuilt-aicore_20250130.00_RC01 ignored: updated version 398090 better than this 151239
03-30 13:14:54.866  1529  1529 W PackageManager: Failed to scan /product/priv-app/DreamlinerPrebuilt: Package com.google.android.apps.dreamliner at /product/priv-app/DreamlinerPrebuilt ignored: updated version 22005348 better than this 22003320
03-30 13:14:54.866  1529  1529 W PackageManager: Failed to scan /product/priv-app/Phonesky: Package com.android.vending at /product/priv-app/Phonesky ignored: updated version 85072430 better than this 84793030
03-30 13:14:54.866  1529  1529 W PackageManager: Failed to scan /product/priv-app/PixelCameraServicesConnectivityClient: Package com.google.android.apps.camera.services at /product/priv-app/PixelCameraServicesConnectivityClient ignored: updated version 481837 better than this 421585
03-30 13:14:54.867  1529  1529 W PackageManager: Failed to scan /product/priv-app/Velvet: Package com.google.android.googlequicksearchbox at /product/priv-app/Velvet ignored: updated version 301714343 better than this 301597491
03-30 13:14:54.867  1529  1529 W PackageManager: Failed to scan /product/priv-app/ScribePrebuilt_v8.4.773573318: Package com.google.audio.hearing.visualization.accessibility.scribe at /product/priv-app/ScribePrebuilt_v8.4.773573318 ignored: updated version 186092 better than this 173868
03-30 13:14:54.867  1529  1529 W PackageManager: Failed to scan /product/priv-app/RecorderPrebuilt_725581069: Package com.google.android.apps.recorder at /product/priv-app/RecorderPrebuilt_725581069 ignored: updated version 42385213 better than this 42239713
03-30 13:14:54.868  1529  1529 W PackageManager: Failed to scan /product/priv-app/WeatherPixelPrebuilt_10006113: Package com.google.android.apps.weather at /product/priv-app/WeatherPixelPrebuilt_10006113 ignored: updated version 10008253 better than this 10006113
03-30 13:14:54.871  1529  1529 W PackageManager: Failed to scan /product/priv-app/GoogleCamera: Package com.google.android.GoogleCamera at /product/priv-app/GoogleCamera ignored: updated version 69247550 better than this 68281438
03-30 13:14:54.871  1529  1529 W PackageManager: Failed to scan /product/priv-app/SafetyHubPrebuilt: Package com.google.android.apps.safetyhub at /product/priv-app/SafetyHubPrebuilt ignored: updated version 100795506 better than this 100693219
03-30 13:14:54.872  1529  1529 W PackageManager: Failed to scan /product/priv-app/OdadPrebuilt: Package com.google.android.odad at /product/priv-app/OdadPrebuilt ignored: updated version 92406 better than this 64325
03-30 13:14:54.873  1529  1529 W PackageManager: Failed to scan /product/priv-app/DreamlinerDreamsPrebuilt: Package com.google.assistant.hubui at /product/priv-app/DreamlinerDreamsPrebuilt ignored: updated version 421128 better than this 303736
03-30 13:14:54.874  1529  1529 W PackageManager: Failed to scan /product/priv-app/AdaptiveVPNPrebuilt-10435: Package com.google.android.apps.privacy.wildlife at /product/priv-app/AdaptiveVPNPrebuilt-10435 ignored: updated version 111042 better than this 10435
03-30 13:14:54.875  1529  1529 W PackageManager: Failed to scan /product/priv-app/FilesPrebuilt: Package com.google.android.apps.nbu.files at /product/priv-app/FilesPrebuilt ignored: updated version 1711587 better than this 1031083
03-30 13:14:54.875  1529  1529 W PackageManager: Failed to scan /product/priv-app/CustomizationBundlePrebuilt: Package com.google.android.apps.pixel.customizationbundle at /product/priv-app/CustomizationBundlePrebuilt ignored: updated version 10004655 better than this 10003239
03-30 13:14:54.876  1529  1529 W PackageManager: Failed to scan /product/priv-app/SettingsIntelligenceGooglePrebuilt: Package com.google.android.settings.intelligence at /product/priv-app/SettingsIntelligenceGooglePrebuilt ignored: updated version 1000280341 better than this 1000242341
03-30 13:14:54.877  1529  1529 W PackageManager: Failed to scan /product/app/PrebuiltGoogleTelemetryTvp: Package com.google.mainline.telemetry at /product/app/PrebuiltGoogleTelemetryTvp ignored: updated version 360609004 better than this 360609004
03-30 13:14:54.878  1529  1529 W PackageManager: Failed to parse /product/app/Chrome: Missing base APK in /product/app/Chrome
03-30 13:14:54.878  1529  1529 W PackageManager: Failed to scan /product/app/SoundAmplifierPrebuilt_v4.8.758106410: Package com.google.android.accessibility.soundamplifier at /product/app/SoundAmplifierPrebuilt_v4.8.758106410 ignored: updated version 236304 better than this 234224
03-30 13:14:54.879  1529  1529 W PackageManager: Failed to scan /product/app/CalculatorGooglePrebuilt_85006267: Package com.google.android.calculator at /product/app/CalculatorGooglePrebuilt_85006267 ignored: updated version 85009963 better than this 85006267
03-30 13:14:54.879  1529  1529 W PackageManager: Failed to parse /product/app/WebViewGoogle: Missing base APK in /product/app/WebViewGoogle
03-30 13:14:54.880  1529  1529 W PackageManager: Failed to scan /product/app/WallpaperAIPrebuilt_10000372: Package com.google.android.apps.aiwallpapers at /product/app/WallpaperAIPrebuilt_10000372 ignored: updated version 10000452 better than this 10000382
03-30 13:14:54.880  1529  1529 W PackageManager: Failed to parse /product/app/TrichromeLibrary: Missing base APK in /product/app/TrichromeLibrary
03-30 13:14:54.880  1529  1529 W PackageManager: Failed to scan /product/app/Photos: Package com.google.android.apps.photos at /product/app/Photos ignored: updated version 51478014 better than this 50050824
03-30 13:14:54.884  1529  1529 W PackageManager: Failed to scan /product/app/TrichromeLibrary-Stub: Package com.google.android.trichromelibrary_699813532 at /product/app/TrichromeLibrary-Stub ignored: updated version 699813532 better than this 699813532
03-30 13:14:54.884  1529  1529 W PackageManager: Failed to scan /product/app/GoogleTTS: Package com.google.android.tts at /product/app/GoogleTTS ignored: updated version 210623404 better than this 210582124
03-30 13:14:54.885  1529  1529 W PackageManager: Failed to scan /product/app/VoiceAccessPrebuilt: Package com.google.android.apps.accessibility.voiceaccess at /product/app/VoiceAccessPrebuilt ignored: updated version 113310 better than this 94804
03-30 13:14:54.886  1529  1529 W PackageManager: Failed to scan /product/app/LatinIMEGooglePrebuilt: Package com.google.android.inputmethod.latin at /product/app/LatinIMEGooglePrebuilt ignored: updated version 175712534 better than this 175370066
03-30 13:14:54.886  1529  1529 W PackageManager: Failed to scan /product/app/talkback: Package com.google.android.marvin.talkback at /product/app/talkback ignored: updated version 60192274 better than this 60162622
03-30 13:14:54.889  1529  1529 W PackageManager: Failed to scan /product/app/CalendarGooglePrebuilt: Package com.google.android.calendar at /product/app/CalendarGooglePrebuilt ignored: updated version 2018069165 better than this 2017693769
03-30 13:14:54.889  1529  1529 W PackageManager: Failed to scan /product/app/ModuleMetadataGoogle: Package com.google.android.modulemetadata at /product/app/ModuleMetadataGoogle ignored: updated version 361143214 better than this 361143214
03-30 13:14:54.889  1529  1529 W PackageManager: Failed to scan /product/app/WebViewGoogle-Stub: Package com.google.android.webview at /product/app/WebViewGoogle-Stub ignored: updated version 768011903 better than this 699813532
03-30 13:14:54.890  1529  1529 W PackageManager: Failed to scan /product/app/Chrome-Stub: Package com.android.chrome at /product/app/Chrome-Stub ignored: updated version 768016433 better than this 699813532
03-30 13:14:54.890  1529  1529 W PackageManager: Failed to scan /product/app/SwitchAccessPrebuilt_1.16.0.726766860: Package com.google.android.accessibility.switchaccess at /product/app/SwitchAccessPrebuilt_1.16.0.726766860 ignored: updated version 755 better than this 651
03-30 13:14:54.940  1529  1529 W PackageManager: Failed to scan /product/app/DevicePolicyPrebuilt-v10334460: Package com.google.android.apps.work.clouddpc at /product/app/DevicePolicyPrebuilt-v10334460 ignored: updated version 10619160 better than this 10334460
03-30 13:14:54.941  1529  1529 W PackageManager: Failed to scan /product/app/SoundPickerPrebuilt_33000242: Package com.google.android.soundpicker at /product/app/SoundPickerPrebuilt_33000242 ignored: updated version 33000332 better than this 33000242
03-30 13:14:54.941  1529  1529 W PackageManager: Failed to scan /product/app/GoogleContacts: Package com.google.android.contacts at /product/app/GoogleContacts ignored: updated version 3268619 better than this 3239333
03-30 13:14:54.943  1529  1529 W PackageManager: Failed to scan /product/app/arcore-1.48: Package com.google.ar.core at /product/app/arcore-1.48 ignored: updated version 260340193 better than this 250340293
03-30 13:14:54.943  1529  1529 W PackageManager: Failed to scan /product/app/WallpaperEmojiPrebuilt-foldable-wallpaper: Package com.google.android.apps.emojiwallpaper at /product/app/WallpaperEmojiPrebuilt-foldable-wallpaper ignored: updated version 6854 better than this 6454
03-30 13:14:54.945  1529  1529 W PackageManager: Failed to parse /system_ext/priv-app/TurboAdapter: Targeting R+ (version 30 and above) requires the resources.arsc of installed APKs to be stored uncompressed and aligned on a 4-byte boundary
03-30 13:14:54.948     0     0 W init    : Activation of cgroup controller +memory failed in path /sys/fs/cgroup/system/uid_1000: Invalid argument
03-30 13:14:54.951     0     0 W libprocessgroup: Failed to apply MaxPerformance process profile
03-30 13:14:54.951     0     0 E init    : failed to set task profiles
03-30 13:14:54.954  1529  1529 W PackageManager: Failed to scan /system_ext/priv-app/DeviceConnectivityServicePrebuilt_25.03.00: Package com.google.android.apps.pixel.dcservice at /system_ext/priv-app/DeviceConnectivityServicePrebuilt_25.03.00 ignored: updated version 92836 better than this 7445
03-30 13:14:54.976     0     0 W init    : Activation of cgroup controller +memory failed in path /sys/fs/cgroup/system/uid_1000: Invalid argument
03-30 13:14:55.017  1529  1529 W PackageManager: Relax SCAN_REQUIRE_KNOWN requirement for package com.google.android.trichromelibrary_699813532
03-30 13:14:55.020  1529  1529 W PackageManager: Relax SCAN_REQUIRE_KNOWN requirement for package com.google.android.documentsui
03-30 13:14:55.020     0     0 W gxp_callisto 20c00000.callisto: BTS is not supported
03-30 13:14:55.025  1529  1529 W PackageManager: Relax SCAN_REQUIRE_KNOWN requirement for package com.google.android.accessibility.soundamplifier
03-30 13:14:55.027  1529  1529 W PackageManager: Relax SCAN_REQUIRE_KNOWN requirement for package com.google.android.inputmethod.latin
03-30 13:14:55.030     0     0 W dhdpcie 0001: 01:00.0: Direct firmware load for bcmdhd_clm.blob_MP1.0_ROW failed with error -2
03-30 13:14:55.030     0     0 W dhdpcie 0001: 01:00.0: Direct firmware load for bcmdhd_clm.blob_MP1.0 failed with error -2
03-30 13:14:55.030     0     0 W dhdpcie 0001: 01:00.0: Direct firmware load for bcmdhd_clm.blob_ROW failed with error -2
03-30 13:14:55.030     0     0 W dhdpcie 0001: 01:00.0: Direct firmware load for bcmdhd_clm.blob failed with error -2
03-30 13:14:55.043  1529  1529 W PackageManager: Relax SCAN_REQUIRE_KNOWN requirement for package com.google.android.apps.wellbeing
03-30 13:14:55.044   970   970 W Lyric   : prebuilt_autocal_controller.cc:317: Reading of previous calibration file failed.
03-30 13:14:55.044   970   970 W Lyric   : prebuilt_autocal_controller.cc:322: Reading of previous calibration context failed.
03-30 13:14:55.050  1529  1529 W PackageManager: Relax SCAN_REQUIRE_KNOWN requirement for package com.google.android.calculator
03-30 13:14:55.052  1529  1529 W PackageManager: Skipping provider name com.lgeha.nuts.lmsprovider (in package com.lgeha.nuts): name already used by com.lgeha.nuts
03-30 13:14:55.052  1529  1529 W PackageManager: Skipping provider name com.lgeha.nuts.provider (in package com.lgeha.nuts): name already used by com.lgeha.nuts
03-30 13:14:55.066  1529  1529 W PackageManager: Skipping provider name co.feeld.provider (in package co.feeld): name already used by co.feeld
03-30 13:14:55.073  1529  1529 W PackageManager: Skipping provider name com.Likewise.apps.Likewise.provider (in package com.Likewise.apps.Likewise): name already used by com.Likewise.apps.Likewise
03-30 13:14:55.074  1529  1529 W PackageManager: Relax SCAN_REQUIRE_KNOWN requirement for package com.google.android.odad
03-30 13:14:55.082  1529  1529 W PackageManager: Relax SCAN_REQUIRE_KNOWN requirement for package com.google.android.calendar
03-30 13:14:55.097     0     0 E init    : Control message: Could not find 'aidl/activity' for ctl.interface_start from pid: 395 (/system/bin/servicemanager)
03-30 13:14:55.100  1529  1529 W PackageManager: Relax SCAN_REQUIRE_KNOWN requirement for package com.google.android.apps.turbo
03-30 13:14:55.110  1529  1529 W PackageManager: Relax SCAN_REQUIRE_KNOWN requirement for package com.google.android.apps.messaging
03-30 13:14:55.111  1529  1529 W PackageManager: Skipping provider name com.google.android.apps.messaging.photopicker_images (in package com.google.android.apps.messaging): name already used by com.google.android.apps.messaging
03-30 13:14:55.118  1529  1529 W PackageManager: Skipping provider name com.amazon.mShop.android.shopping.fileprovider (in package com.amazon.mShop.android.shopping): name already used by com.amazon.mShop.android.shopping
03-30 13:14:55.118  1529  1529 W PackageManager: Skipping provider name com.amazon.mShop.android.shopping.provider (in package com.amazon.mShop.android.shopping): name already used by com.amazon.mShop.android.shopping
03-30 13:14:55.121  1529  1529 W PackageManager: Relax SCAN_REQUIRE_KNOWN requirement for package com.google.android.apps.bard
03-30 13:14:55.133  1529  1529 W PackageManager: Relax SCAN_REQUIRE_KNOWN requirement for package com.google.android.aicore
03-30 13:14:55.133  1529  1529 W PackageManager: Package com.google.android.aicore declares library com.google.android.apps.aicore that is not declared on system image; skipping
03-30 13:14:55.133  1529  1529 W PackageManager: Package com.google.android.aicore declares library com.google.android.apps.aicore that is not declared on system image; skipping
03-30 13:14:55.157  1529  1529 W PackageManager: Relax SCAN_REQUIRE_KNOWN requirement for package com.google.android.apps.stargate
03-30 13:14:55.159     0     0 E init    : Control message: Could not find 'aidl/android.hardware.contexthub.IContextHub/default' for ctl.interface_start from pid: 395 (/system/bin/servicemanager)
03-30 13:14:55.160     0     0 W dhdpcie 0001: 01:00.0: Direct firmware load for bcmdhd_txcap.blob_MP1.0_ROW failed with error -2
03-30 13:14:55.160     0     0 W dhdpcie 0001: 01:00.0: Direct firmware load for bcmdhd_txcap.blob_MP1.0 failed with error -2
03-30 13:14:55.160     0     0 W dhdpcie 0001: 01:00.0: Direct firmware load for bcmdhd_txcap.blob_ROW failed with error -2
03-30 13:14:55.160     0     0 W dhdpcie 0001: 01:00.0: Direct firmware load for bcmdhd_txcap.blob failed with error -2
03-30 13:14:55.164  1529  1529 W PackageManager: Relax SCAN_REQUIRE_KNOWN requirement for package com.google.android.apps.scone
03-30 13:14:55.175  1529  1529 W PackageManager: Relax SCAN_REQUIRE_KNOWN requirement for package com.google.android.contacts
03-30 13:14:55.179  1529  1529 W PackageManager: Relax SCAN_REQUIRE_KNOWN requirement for package com.google.android.soundpicker
03-30 13:14:55.192  1529  1529 W PackageManager: Relax SCAN_REQUIRE_KNOWN requirement for package com.google.android.apps.pixel.customizationbundle
03-30 13:14:55.194  1529  1529 W PackageManager: Relax SCAN_REQUIRE_KNOWN requirement for package com.google.assistant.hubui
03-30 13:14:55.198  1529  1529 W PackageManager: Relax SCAN_REQUIRE_KNOWN requirement for package com.google.android.apps.dreamliner
03-30 13:14:55.211  1529  1529 W PackageManager: Relax SCAN_REQUIRE_KNOWN requirement for package com.google.android.apps.nbu.files
03-30 13:14:55.222  1529  1529 W PackageManager: Relax SCAN_REQUIRE_KNOWN requirement for package com.google.android.as.oss
03-30 13:14:55.225  1529  1529 W PackageManager: Relax SCAN_REQUIRE_KNOWN requirement for package com.google.ar.core
03-30 13:14:55.229  1529  1529 W PackageManager: Relax SCAN_REQUIRE_KNOWN requirement for package com.google.audio.hearing.visualization.accessibility.scribe
03-30 13:14:55.238  1529  1529 W PackageManager: Relax SCAN_REQUIRE_KNOWN requirement for package com.google.android.webview
03-30 13:14:55.287  1529  1529 W PackageManager: Relax SCAN_REQUIRE_KNOWN requirement for package com.google.android.apps.work.clouddpc
03-30 13:14:55.311  1529  1529 W PackageManager: Unable to update from com.android.music to com.google.android.music: old package still exists
03-30 13:14:55.311  1529  1529 W PackageManager: Unable to update from com.android.music to com.google.android.music: old package still exists
03-30 13:14:55.312  1529  1529 W PackageManager: Unable to update from com.android.music to com.google.android.music: old package still exists
03-30 13:14:55.312  1529  1529 W PackageManager: Unable to update from com.android.music to com.google.android.music: old package still exists
03-30 13:14:55.314  1529  1529 W PackageManager: Relax SCAN_REQUIRE_KNOWN requirement for package com.google.android.apps.aiwallpapers
03-30 13:14:55.323  1529  1529 W PackageManager: Skipping provider name com.google.android.apps.paidtasks.fileprovider (in package com.google.android.apps.paidtasks): name already used by com.google.android.apps.paidtasks
03-30 13:14:55.325  1529  1529 W PackageManager: Provider ComponentInfo{com.wealthsimple.trade/androidx.core.content.FileProvider} already defined; ignoring
03-30 13:14:55.325  1529  1529 W PackageManager: Skipping provider name com.wealthsimple.trade.provider (in package com.wealthsimple.trade): name already used by com.wealthsimple.trade
03-30 13:14:55.325  1529  1529 W PackageManager: Skipping provider name com.wealthsimple.trade.provider (in package com.wealthsimple.trade): name already used by com.wealthsimple.trade
03-30 13:14:55.328     0     0 E wbrc_bt_dev_open: WLAN is ON
03-30 13:14:55.328     0     0 E wbrc_bt_dev_open: state -> IDLE
03-30 13:14:55.328     0     0 E         : wbrc_bt_dev_open Device opened 1 time(s)
03-30 13:14:55.328     0     0 E         : wbrc_bt_dev_open Done
03-30 13:14:55.332     0     0 E bt2wbrc_bt_before_regoff: enter
03-30 13:14:55.332     0     0 E bt2wbrc_bt_before_regoff: exit
03-30 13:14:55.332     0     0 E bt2wbrc_bt_after_regoff: enter
03-30 13:14:55.332     0     0 E bt2wbrc_bt_after_regoff: exit
03-30 13:14:55.346  1529  1529 W PackageManager: Relax SCAN_REQUIRE_KNOWN requirement for package com.android.chrome
03-30 13:14:55.351  1529  1529 W PackageManager: Relax SCAN_REQUIRE_KNOWN requirement for package com.google.android.apps.pixel.relationships
03-30 13:14:55.362     0     0 E bt2wbrc_bt_before_regon: enter
03-30 13:14:55.362     0     0 E bt2wbrc_bt_before_regon: delay 20 ms
03-30 13:14:55.394     0     0 E bt2wbrc_bt_before_regon: delta b/w last BT_REG_OFF and this BT_REG_ON = 61505004 ns
03-30 13:14:55.394     0     0 E bt2wbrc_bt_before_regon: exit
03-30 13:14:55.394     0     0 E bt2wbrc_bt_after_regon: enter
03-30 13:14:55.394     0     0 E bt2wbrc_bt_after_regon: exit
03-30 13:14:55.402  1529  1529 W PackageManager: Relax SCAN_REQUIRE_KNOWN requirement for package com.google.android.GoogleCamera
03-30 13:14:55.406  1529  1529 W PackageManager: Relax SCAN_REQUIRE_KNOWN requirement for package com.google.android.apps.photos
03-30 13:14:55.416  1529  1529 W PackageManager: Relax SCAN_REQUIRE_KNOWN requirement for package com.google.android.settings.intelligence
03-30 13:14:55.416  1529  1529 W PackageManager: Skipping provider name com.google.android.settings.intelligence (in package com.google.android.settings.intelligence): name already used by com.google.android.settings.intelligence
03-30 13:14:55.436     0     0 E cpif    : cmd_init_start_handler: PCIE: LINK_ATTR_SBD_IPC is NOT set
03-30 13:14:55.437     0     0 E cpif    : mif_enable_irq: phone_active(#394) is already active <complete_normal_boot>
03-30 13:14:55.437     0     0 E cpif    : mif_enable_irq: cp2ap_wakeup(#393) is already active <complete_normal_boot>
03-30 13:14:55.445     0     0 E exynos-uart 155d0000.serial: skip exynos_serial suspend/resume
03-30 13:14:55.450  1529  1529 W PackageManager: Relax SCAN_REQUIRE_KNOWN requirement for package com.google.android.apps.safetyhub
03-30 13:14:55.456  1529  1529 W PackageManager: Provider ComponentInfo{com.BeautifullyMadeGames.ThePresident/com.tabtale.ttplugins.ttpcore.TTPFakeContentProvider} already defined; ignoring
03-30 13:14:55.473  1529  1529 W PackageManager: Provider ComponentInfo{org.mozilla.firefox_beta/androidx.startup.InitializationProvider} already defined; ignoring
03-30 13:14:55.473  1529  1529 W PackageManager: Skipping provider name org.mozilla.firefox_beta.androidx-startup (in package org.mozilla.firefox_beta): name already used by org.mozilla.firefox_beta
03-30 13:14:55.495  1529  1529 W PackageManager: Skipping provider name com.microsoft.teams.provider (in package com.microsoft.teams): name already used by com.microsoft.teams
03-30 13:14:55.494     0     0 W init    : Activation of cgroup controller +memory failed in path /sys/fs/cgroup/system/uid_1000: Invalid argument
03-30 13:14:55.540  1529  1529 W PackageManager: Relax SCAN_REQUIRE_KNOWN requirement for package com.google.android.apps.carrier.carrierwifi
03-30 13:14:55.544  1529  1529 W PackageManager: Relax SCAN_REQUIRE_KNOWN requirement for package com.android.vending
03-30 13:14:55.558  1529  1529 W PackageManager: Relax SCAN_REQUIRE_KNOWN requirement for package com.google.android.marvin.talkback
03-30 13:14:55.564  1529  1529 W PackageManager: Skipping provider name com.microsoft.office.officehubrow.provider (in package com.microsoft.office.officehubrow): name already used by com.microsoft.office.officehubrow
03-30 13:14:55.564  1529  1529 W PackageManager: Skipping provider name com.microsoft.office.officehubrow.provider (in package com.microsoft.office.officehubrow): name already used by com.microsoft.office.officehubrow
03-30 13:14:55.578  1529  1529 W PackageManager: Relax SCAN_REQUIRE_KNOWN requirement for package com.google.ambient.streaming
03-30 13:14:55.583  1529  1529 W PackageManager: Skipping provider name com.wealthsimple.cash.fileprovider (in package com.wealthsimple.cash): name already used by com.wealthsimple.cash
03-30 13:14:55.585  1529  1529 W PackageManager: Relax SCAN_REQUIRE_KNOWN requirement for package com.google.android.apps.pixel.dcservice
03-30 13:14:55.596  1529  1529 W PackageManager: Relax SCAN_REQUIRE_KNOWN requirement for package com.google.android.apps.recorder
03-30 13:14:55.640  1529  1529 W PackageManager: Relax SCAN_REQUIRE_KNOWN requirement for package com.google.android.apps.privacy.wildlife
03-30 13:14:55.660  1529  1529 W PackageManager: Relax SCAN_REQUIRE_KNOWN requirement for package com.google.android.googlequicksearchbox
03-30 13:14:55.708  1529  1529 W PackageManager: Provider ComponentInfo{com.ckt_works.axxessapplication/androidx.startup.InitializationProvider} already defined; ignoring
03-30 13:14:55.708  1529  1529 W PackageManager: Skipping provider name com.ckt_works.axxessapplication.androidx-startup (in package com.ckt_works.axxessapplication): name already used by com.ckt_works.axxessapplication
03-30 13:14:55.708  1529  1529 W PackageManager: Provider ComponentInfo{com.ckt_works.axxessapplication/androidx.startup.InitializationProvider} already defined; ignoring
03-30 13:14:55.708  1529  1529 W PackageManager: Skipping provider name com.ckt_works.axxessapplication.androidx-startup (in package com.ckt_works.axxessapplication): name already used by com.ckt_works.axxessapplication
03-30 13:14:55.708  1529  1529 W PackageManager: Provider ComponentInfo{com.ckt_works.axxessapplication/androidx.startup.InitializationProvider} already defined; ignoring
03-30 13:14:55.708  1529  1529 W PackageManager: Skipping provider name com.ckt_works.axxessapplication.androidx-startup (in package com.ckt_works.axxessapplication): name already used by com.ckt_works.axxessapplication
03-30 13:14:55.713  1529  1529 W PackageManager: Relax SCAN_REQUIRE_KNOWN requirement for package com.google.android.projection.gearhead
03-30 13:14:55.786  1529  1529 W PackageManager: Relax SCAN_REQUIRE_KNOWN requirement for package com.google.android.accessibility.switchaccess
03-30 13:14:55.799  1529  1529 W PackageManager: Skipping provider name com.skype.raider.fileprovider (in package com.skype.raider): name already used by com.skype.raider
03-30 13:14:55.805  1529  1529 W PackageManager: Skipping provider name com.microsoft.office.outlook.fileprovider (in package com.microsoft.office.outlook): name already used by com.microsoft.office.outlook
03-30 13:14:55.805  1529  1529 W PackageManager: Skipping provider name com.microsoft.office.outlook.provider (in package com.microsoft.office.outlook): name already used by com.microsoft.office.outlook
03-30 13:14:55.844  1529  1529 W PackageManager: Relax SCAN_REQUIRE_KNOWN requirement for package com.google.android.dialer
03-30 13:14:55.873  1529  1529 W PackageManager: Relax SCAN_REQUIRE_KNOWN requirement for package com.google.android.deskclock
03-30 13:14:55.877  1529  1529 W PackageManager: Skipping provider name com.shopify.arrive.provider (in package com.shopify.arrive): name already used by com.shopify.arrive
03-30 13:14:55.877  1529  1529 W PackageManager: Skipping provider name com.shopify.arrive.provider (in package com.shopify.arrive): name already used by com.shopify.arrive
03-30 13:14:55.907  1529  1529 W PackageManager: Relax SCAN_REQUIRE_KNOWN requirement for package com.google.android.apps.restore
03-30 13:14:55.938  1529  1529 W PackageManager: Relax SCAN_REQUIRE_KNOWN requirement for package com.google.android.apps.accessibility.voiceaccess
03-30 13:14:55.953  1529  1529 W PackageManager: Skipping provider name com.instagram.android.androidx-startup (in package com.instagram.android): name already used by com.instagram.android
03-30 13:14:55.958  1529  1529 W PackageManager: Provider ComponentInfo{com.contextlogic.wish/androidx.core.content.FileProvider} already defined; ignoring
03-30 13:14:55.962  1529  1529 W PackageManager: Provider ComponentInfo{com.soundcloud.android/com.soundcloud.android.storage.provider.ScContentProvider} already defined; ignoring
03-30 13:14:55.962  1529  1529 W PackageManager: Skipping provider name com.soundcloud.android.provider.ScContentProvider (in package com.soundcloud.android): name already used by com.soundcloud.android
03-30 13:14:55.964   970  1934 E Lyric   : display_state_transition_controller_impl.cc:216: 1 calls in 0 sec(s): WaitForStateTransition failed: ABORTED: Call to Wait was aborted
03-30 13:14:55.964  1529  1529 W PackageManager: Relax SCAN_REQUIRE_KNOWN requirement for package com.google.android.apps.emojiwallpaper
03-30 13:14:55.969  1529  1529 W PackageManager: Relax SCAN_REQUIRE_KNOWN requirement for package com.google.android.apps.weather
03-30 13:14:55.971  1529  1529 W PackageManager: Relax SCAN_REQUIRE_KNOWN requirement for package com.google.android.apps.wearables.maestro.companion
03-30 13:14:55.978  1529  1529 W PackageManager: Relax SCAN_REQUIRE_KNOWN requirement for package com.google.android.tts
03-30 13:14:55.985  1529  1529 W PackageManager: Relax SCAN_REQUIRE_KNOWN requirement for package com.google.android.partnersetup
03-30 13:14:55.991     0     0 E init    : Control message: Could not find 'aidl/android.frameworks.sensorservice.ISensorManager/default' for ctl.interface_start from pid: 395 (/system/bin/servicemanager)
03-30 13:14:56.009  1529  1529 W PackageManager: Relax SCAN_REQUIRE_KNOWN requirement for package com.google.android.gms
03-30 13:14:56.035  1529  1529 W PackageManager: Relax SCAN_REQUIRE_KNOWN requirement for package com.google.android.euicc
03-30 13:14:56.044     0     0 E init    : Control message: Could not find 'aidl/android.frameworks.sensorservice.ISensorManager/default' for ctl.interface_start from pid: 395 (/system/bin/servicemanager)
03-30 13:14:56.072  1529  1529 W PackageManager: Relax SCAN_REQUIRE_KNOWN requirement for package com.google.android.apps.setupwizard.searchselector
03-30 13:14:56.077  1529  1529 W PackageManager: Relax SCAN_REQUIRE_KNOWN requirement for package com.google.android.as
03-30 13:14:56.092  1529  1529 W PackageManager: Relax SCAN_REQUIRE_KNOWN requirement for package com.google.android.apps.camera.services
03-30 13:14:56.099     0     0 E init    : Control message: Could not find 'aidl/activity' for ctl.interface_start from pid: 395 (/system/bin/servicemanager)
03-30 13:14:56.111  1529  1529 W PackageManager: Relax SCAN_REQUIRE_KNOWN requirement for package com.google.mainline.telemetry
03-30 13:14:56.112  1529  1529 W PackageManager: Relax SCAN_REQUIRE_KNOWN requirement for package com.google.android.modulemetadata
03-30 13:14:56.120  1529  1529 W PackageManager: There should probably be exactly one storage manager; found 2: matches=[ResolveInfo{120b765 com.google.android.apps.nbu.files/.home.HomeActivity p=100 m=0x108000 userHandle=UserHandle{0}}, ResolveInfo{fed0c3a com.google.android.storagemanager/com.android.storagemanager.deletionhelper.DeletionHelperActivity m=0x108000 userHandle=UserHandle{0}}]
03-30 13:14:56.156  1529  1529 W AppIdPermissionPolicy: Ignoring permission com.google.android.gtalkservice.permission.GTALK_SERVICE declared in system package com.google.android.gsf: already declared in another system package com.google.android.gms
03-30 13:14:56.156  1529  1529 W AppIdPermissionPolicy: Ignoring permission com.google.android.c2dm.permission.SEND declared in system package com.google.android.gsf: already declared in another system package com.google.android.gms
03-30 13:14:56.156  1529  1529 W AppIdPermissionPolicy: Ignoring permission com.google.android.c2dm.permission.RECEIVE declared in system package com.google.android.gsf: already declared in another system package com.google.android.gms
03-30 13:14:56.156  1529  1529 W AppIdPermissionPolicy: Ignoring permission com.android.vending.INTENT_VENDING_ONLY declared in system package com.google.android.gsf: already declared in another system package com.google.android.gms
03-30 13:14:56.156  1529  1529 W AppIdPermissionPolicy: Ignoring permission com.google.android.providers.settings.permission.WRITE_GSETTINGS declared in system package com.google.android.gsf: already declared in another system package com.google.android.gms
03-30 13:14:56.156  1529  1529 W AppIdPermissionPolicy: Ignoring permission com.google.android.providers.gsf.permission.READ_GSERVICES declared in system package com.google.android.gsf: already declared in another system package com.google.android.gms
