03-30 13:56:27.308  1487  1487 W PackageManager: Unable to update from com.android.music to com.google.android.music: old package still exists
03-30 13:56:27.308  1487  1487 W PackageManager: Unable to update from com.android.music to com.google.android.music: old package still exists
03-30 13:56:27.308  1487  1487 W PackageManager: Unable to update from com.android.music to com.google.android.music: old package still exists
03-30 13:56:27.310  1487  1487 W PackageManager: Relax SCAN_REQUIRE_KNOWN requirement for package com.google.android.apps.aiwallpapers
03-30 13:56:27.320  1487  1487 W PackageManager: Skipping provider name com.google.android.apps.paidtasks.fileprovider (in package com.google.android.apps.paidtasks): name already used by com.google.android.apps.paidtasks
03-30 13:56:27.323  1487  1487 W PackageManager: Provider ComponentInfo{com.wealthsimple.trade/androidx.core.content.FileProvider} already defined; ignoring
03-30 13:56:27.323  1487  1487 W PackageManager: Skipping provider name com.wealthsimple.trade.provider (in package com.wealthsimple.trade): name already used by com.wealthsimple.trade
03-30 13:56:27.323  1487  1487 W PackageManager: Skipping provider name com.wealthsimple.trade.provider (in package com.wealthsimple.trade): name already used by com.wealthsimple.trade
03-30 13:56:27.341  1487  1487 W PackageManager: Relax SCAN_REQUIRE_KNOWN requirement for package com.android.chrome
03-30 13:56:27.347  1487  1487 W PackageManager: Relax SCAN_REQUIRE_KNOWN requirement for package com.google.android.apps.pixel.relationships
03-30 13:56:27.386  1487  1487 W PackageManager: Relax SCAN_REQUIRE_KNOWN requirement for package com.google.android.apps.photos
03-30 13:56:27.404  1487  1487 W PackageManager: Relax SCAN_REQUIRE_KNOWN requirement for package com.google.android.GoogleCamera
03-30 13:56:27.412  1487  1487 W PackageManager: Relax SCAN_REQUIRE_KNOWN requirement for package com.google.android.settings.intelligence
03-30 13:56:27.413  1487  1487 W PackageManager: Skipping provider name com.google.android.settings.intelligence (in package com.google.android.settings.intelligence): name already used by com.google.android.settings.intelligence
03-30 13:56:27.443  1487  1487 W PackageManager: Relax SCAN_REQUIRE_KNOWN requirement for package com.google.android.apps.safetyhub
03-30 13:56:27.448  1487  1487 W PackageManager: Provider ComponentInfo{com.BeautifullyMadeGames.ThePresident/com.tabtale.ttplugins.ttpcore.TTPFakeContentProvider} already defined; ignoring
03-30 13:56:27.464  1487  1487 W PackageManager: Provider ComponentInfo{org.mozilla.firefox_beta/androidx.startup.InitializationProvider} already defined; ignoring
03-30 13:56:27.464  1487  1487 W PackageManager: Skipping provider name org.mozilla.firefox_beta.androidx-startup (in package org.mozilla.firefox_beta): name already used by org.mozilla.firefox_beta
03-30 13:56:27.480     0     0 E cpif    : cmd_init_start_handler: PCIE: LINK_ATTR_SBD_IPC is NOT set
03-30 13:56:27.481     0     0 E cpif    : mif_enable_irq: phone_active(#387) is already active <complete_normal_boot>
03-30 13:56:27.481     0     0 E cpif    : mif_enable_irq: cp2ap_wakeup(#386) is already active <complete_normal_boot>
03-30 13:56:27.497     0     0 W init    : Activation of cgroup controller +memory failed in path /sys/fs/cgroup/system/uid_1000: Invalid argument
03-30 13:56:27.497  1487  1487 W PackageManager: Skipping provider name com.microsoft.teams.provider (in package com.microsoft.teams): name already used by com.microsoft.teams
03-30 13:56:27.548  1487  1487 W PackageManager: Relax SCAN_REQUIRE_KNOWN requirement for package com.google.android.apps.carrier.carrierwifi
03-30 13:56:27.555  1487  1487 W PackageManager: Relax SCAN_REQUIRE_KNOWN requirement for package com.android.vending
03-30 13:56:27.569  1487  1487 W PackageManager: Skipping provider name com.microsoft.office.officehubrow.provider (in package com.microsoft.office.officehubrow): name already used by com.microsoft.office.officehubrow
03-30 13:56:27.569  1487  1487 W PackageManager: Skipping provider name com.microsoft.office.officehubrow.provider (in package com.microsoft.office.officehubrow): name already used by com.microsoft.office.officehubrow
03-30 13:56:27.572  1487  1487 W PackageManager: Relax SCAN_REQUIRE_KNOWN requirement for package com.google.android.marvin.talkback
03-30 13:56:27.584  1487  1487 W PackageManager: Relax SCAN_REQUIRE_KNOWN requirement for package com.google.ambient.streaming
03-30 13:56:27.589  1487  1487 W PackageManager: Skipping provider name com.wealthsimple.cash.fileprovider (in package com.wealthsimple.cash): name already used by com.wealthsimple.cash
03-30 13:56:27.591  1487  1487 W PackageManager: Relax SCAN_REQUIRE_KNOWN requirement for package com.google.android.apps.pixel.dcservice
03-30 13:56:27.603  1487  1487 W PackageManager: Relax SCAN_REQUIRE_KNOWN requirement for package com.google.android.apps.recorder
03-30 13:56:27.650  1487  1487 W PackageManager: Relax SCAN_REQUIRE_KNOWN requirement for package com.google.android.apps.privacy.wildlife
03-30 13:56:27.658  1487  1487 W PackageManager: Relax SCAN_REQUIRE_KNOWN requirement for package com.google.android.googlequicksearchbox
03-30 13:56:27.719  1487  1487 W PackageManager: Provider ComponentInfo{com.ckt_works.axxessapplication/androidx.startup.InitializationProvider} already defined; ignoring
03-30 13:56:27.719  1487  1487 W PackageManager: Skipping provider name com.ckt_works.axxessapplication.androidx-startup (in package com.ckt_works.axxessapplication): name already used by com.ckt_works.axxessapplication
03-30 13:56:27.719  1487  1487 W PackageManager: Provider ComponentInfo{com.ckt_works.axxessapplication/androidx.startup.InitializationProvider} already defined; ignoring
03-30 13:56:27.719  1487  1487 W PackageManager: Skipping provider name com.ckt_works.axxessapplication.androidx-startup (in package com.ckt_works.axxessapplication): name already used by com.ckt_works.axxessapplication
03-30 13:56:27.719  1487  1487 W PackageManager: Provider ComponentInfo{com.ckt_works.axxessapplication/androidx.startup.InitializationProvider} already defined; ignoring
03-30 13:56:27.719  1487  1487 W PackageManager: Skipping provider name com.ckt_works.axxessapplication.androidx-startup (in package com.ckt_works.axxessapplication): name already used by com.ckt_works.axxessapplication
03-30 13:56:27.725  1487  1487 W PackageManager: Relax SCAN_REQUIRE_KNOWN requirement for package com.google.android.projection.gearhead
03-30 13:56:27.792  1487  1487 W PackageManager: Relax SCAN_REQUIRE_KNOWN requirement for package com.google.android.accessibility.switchaccess
03-30 13:56:27.805  1487  1487 W PackageManager: Skipping provider name com.skype.raider.fileprovider (in package com.skype.raider): name already used by com.skype.raider
03-30 13:56:27.816  1487  1487 W PackageManager: Skipping provider name com.microsoft.office.outlook.fileprovider (in package com.microsoft.office.outlook): name already used by com.microsoft.office.outlook
03-30 13:56:27.816  1487  1487 W PackageManager: Skipping provider name com.microsoft.office.outlook.provider (in package com.microsoft.office.outlook): name already used by com.microsoft.office.outlook
03-30 13:56:27.826  1487  1487 W PackageManager: Relax SCAN_REQUIRE_KNOWN requirement for package com.google.android.dialer
03-30 13:56:27.883  1487  1487 W PackageManager: Relax SCAN_REQUIRE_KNOWN requirement for package com.google.android.deskclock
03-30 13:56:27.887  1487  1487 W PackageManager: Skipping provider name com.shopify.arrive.provider (in package com.shopify.arrive): name already used by com.shopify.arrive
03-30 13:56:27.887  1487  1487 W PackageManager: Skipping provider name com.shopify.arrive.provider (in package com.shopify.arrive): name already used by com.shopify.arrive
03-30 13:56:27.915  1487  1487 W PackageManager: Relax SCAN_REQUIRE_KNOWN requirement for package com.google.android.apps.restore
03-30 13:56:27.949  1487  1487 W PackageManager: Relax SCAN_REQUIRE_KNOWN requirement for package com.google.android.apps.accessibility.voiceaccess
03-30 13:56:27.958  1487  1487 W PackageManager: Skipping provider name com.instagram.android.androidx-startup (in package com.instagram.android): name already used by com.instagram.android
03-30 13:56:27.966  1487  1487 W PackageManager: Provider ComponentInfo{com.contextlogic.wish/androidx.core.content.FileProvider} already defined; ignoring
03-30 13:56:27.969  1487  1487 W PackageManager: Relax SCAN_REQUIRE_KNOWN requirement for package com.google.android.apps.emojiwallpaper
03-30 13:56:27.972   972  1964 E Lyric   : display_state_transition_controller_impl.cc:216: 1 calls in 0 sec(s): WaitForStateTransition failed: ABORTED: Call to Wait was aborted
03-30 13:56:27.972  1487  1487 W PackageManager: Provider ComponentInfo{com.soundcloud.android/com.soundcloud.android.storage.provider.ScContentProvider} already defined; ignoring
03-30 13:56:27.972  1487  1487 W PackageManager: Skipping provider name com.soundcloud.android.provider.ScContentProvider (in package com.soundcloud.android): name already used by com.soundcloud.android
03-30 13:56:27.976  1487  1487 W PackageManager: Relax SCAN_REQUIRE_KNOWN requirement for package com.google.android.apps.weather
03-30 13:56:27.978  1487  1487 W PackageManager: Relax SCAN_REQUIRE_KNOWN requirement for package com.google.android.apps.wearables.maestro.companion
03-30 13:56:27.983  1487  1487 W PackageManager: Relax SCAN_REQUIRE_KNOWN requirement for package com.google.android.tts
03-30 13:56:27.988  1487  1487 W PackageManager: Relax SCAN_REQUIRE_KNOWN requirement for package com.google.android.partnersetup
03-30 13:56:27.999     0     0 E init    : Control message: Could not find 'aidl/android.frameworks.sensorservice.ISensorManager/default' for ctl.interface_start from pid: 395 (/system/bin/servicemanager)
03-30 13:56:28.016  1487  1487 W PackageManager: Relax SCAN_REQUIRE_KNOWN requirement for package com.google.android.gms
03-30 13:56:28.037     0     0 E init    : Control message: Could not find 'aidl/activity' for ctl.interface_start from pid: 395 (/system/bin/servicemanager)
03-30 13:56:28.044  1487  1487 W PackageManager: Relax SCAN_REQUIRE_KNOWN requirement for package com.google.android.euicc
03-30 13:56:28.083  1487  1487 W PackageManager: Relax SCAN_REQUIRE_KNOWN requirement for package com.google.android.apps.setupwizard.searchselector
03-30 13:56:28.087  1487  1487 W PackageManager: Relax SCAN_REQUIRE_KNOWN requirement for package com.google.android.as
03-30 13:56:28.102  1487  1487 W PackageManager: Relax SCAN_REQUIRE_KNOWN requirement for package com.google.android.apps.camera.services
03-30 13:56:28.112     0     0 E init    : Control message: Could not find 'aidl/android.frameworks.sensorservice.ISensorManager/default' for ctl.interface_start from pid: 395 (/system/bin/servicemanager)
03-30 13:56:28.123  1487  1487 W PackageManager: Relax SCAN_REQUIRE_KNOWN requirement for package com.google.mainline.telemetry
03-30 13:56:28.125  1487  1487 W PackageManager: Relax SCAN_REQUIRE_KNOWN requirement for package com.google.android.modulemetadata
03-30 13:56:28.136  1487  1487 W PackageManager: There should probably be exactly one storage manager; found 2: matches=[ResolveInfo{a47c4b1 com.google.android.apps.nbu.files/.home.HomeActivity p=100 m=0x108000 userHandle=UserHandle{0}}, ResolveInfo{62dd96 com.google.android.storagemanager/com.android.storagemanager.deletionhelper.DeletionHelperActivity m=0x108000 userHandle=UserHandle{0}}]
03-30 13:56:28.183  1487  1487 W AppIdPermissionPolicy: Ignoring permission com.google.android.gtalkservice.permission.GTALK_SERVICE declared in system package com.google.android.gsf: already declared in another system package com.google.android.gms
03-30 13:56:28.183  1487  1487 W AppIdPermissionPolicy: Ignoring permission com.google.android.c2dm.permission.SEND declared in system package com.google.android.gsf: already declared in another system package com.google.android.gms
03-30 13:56:28.183  1487  1487 W AppIdPermissionPolicy: Ignoring permission com.google.android.c2dm.permission.RECEIVE declared in system package com.google.android.gsf: already declared in another system package com.google.android.gms
03-30 13:56:28.183  1487  1487 W AppIdPermissionPolicy: Ignoring permission com.android.vending.INTENT_VENDING_ONLY declared in system package com.google.android.gsf: already declared in another system package com.google.android.gms
03-30 13:56:28.183  1487  1487 W AppIdPermissionPolicy: Ignoring permission com.google.android.providers.settings.permission.WRITE_GSETTINGS declared in system package com.google.android.gsf: already declared in another system package com.google.android.gms
03-30 13:56:28.183  1487  1487 W AppIdPermissionPolicy: Ignoring permission com.google.android.providers.gsf.permission.READ_GSERVICES declared in system package com.google.android.gsf: already declared in another system package com.google.android.gms
03-30 13:56:28.183  1487  1487 W AppIdPermissionPolicy: Ignoring permission com.google.android.providers.gsf.permission.WRITE_GSERVICES declared in system package com.google.android.gsf: already declared in another system package com.google.android.gms
03-30 13:56:28.188  1487  1487 W AppIdPermissionPolicy: Ignoring permission android.ext.services.DYNAMIC_RECEIVER_NOT_EXPORTED_PERMISSION declared in system package android.ext.services: already declared in another system package com.google.android.ext.services
03-30 13:56:28.188  1487  1487 W AppIdPermissionPolicy: Ignoring permission android.permission.ACCESS_ADSERVICES_TOPICS declared in system package com.android.adservices.api: already declared in another system package android.ext.services
03-30 13:56:28.188  1487  1487 W AppIdPermissionPolicy: Ignoring permission android.permission.ACCESS_ADSERVICES_ATTRIBUTION declared in system package com.android.adservices.api: already declared in another system package android.ext.services
03-30 13:56:28.188  1487  1487 W AppIdPermissionPolicy: Ignoring permission android.permission.ACCESS_ADSERVICES_CUSTOM_AUDIENCE declared in system package com.android.adservices.api: already declared in another system package android.ext.services
03-30 13:56:28.188  1487  1487 W AppIdPermissionPolicy: Ignoring permission android.permission.ACCESS_ADSERVICES_AD_SELECTION declared in system package com.android.adservices.api: already declared in another system package android.ext.services
03-30 13:56:28.188  1487  1487 W AppIdPermissionPolicy: Ignoring permission android.permission.ACCESS_ADSERVICES_PROTECTED_SIGNALS declared in system package com.android.adservices.api: already declared in another system package android.ext.services
03-30 13:56:28.188  1487  1487 W AppIdPermissionPolicy: Ignoring permission android.permission.ACCESS_ADSERVICES_AD_ID declared in system package com.android.adservices.api: already declared in another system package android.ext.services
03-30 13:56:28.190  1487  1487 W AppIdPermissionPolicy: Ignoring permission android.permission.INTERACT_ACROSS_USERS_FULL declared in package com.lgeha.nuts: already declared in another package android
03-30 13:56:28.191  1487  1487 W AppIdPermissionPolicy: Ignoring permission android.permission.READ_SEARCH_INDEXABLES declared in package com.samsung.android.oneconnect: already declared in another package android
03-30 13:56:28.191  1487  1487 W AppIdPermissionPolicy: Ignoring permission org.mtransit.android.provider.permission.READ_PROVIDER declared in package org.mtransit.android: already declared in another package org.mtransit.android.ca_whitehorse_transit_bus
03-30 13:56:28.191  1487  1487 W AppIdPermissionPolicy: Ignoring permission org.mtransit.android.receiver.permission.BROADCAST_RECEIVER declared in package org.mtransit.android: already declared in another package org.mtransit.android.ca_whitehorse_transit_bus
03-30 13:56:28.191  1487  1487 W AppIdPermissionPolicy: Ignoring permission com.amazon.whisperjoin.deviceprovisioningservice.AllowListPolicyUpdatePermission declared in package com.amazon.mShop.android.shopping: already declared in another package com.amazon.kindle
03-30 13:56:28.191  1487  1487 W AppIdPermissionPolicy: Ignoring permission com.amazon.whisperjoin.deviceprovisioningservice.ArcusUpdatePermission declared in package com.amazon.mShop.android.shopping: already declared in another package com.amazon.kindle
03-30 13:56:28.191  1487  1487 W AppIdPermissionPolicy: Ignoring permission com.amazon.whisperjoin.deviceprovisioningservice.FFSServiceActionPermission declared in package com.amazon.mShop.android.shopping: already declared in another package com.amazon.kindle
03-30 13:56:28.192  1487  1487 W AppIdPermissionPolicy: Ignoring permission com.amazon.identity.permission.CAN_CALL_MAP_INFORMATION_PROVIDER declared in package com.amazon.mShop.android.shopping: already declared in another package com.amazon.kindle
03-30 13:56:28.192  1487  1487 W AppIdPermissionPolicy: Ignoring permission com.amazon.identity.auth.device.perm.AUTH_SDK declared in package com.amazon.mShop.android.shopping: already declared in another package com.amazon.kindle
03-30 13:56:28.192  1487  1487 W AppIdPermissionPolicy: Ignoring permission com.amazon.dcp.sso.permission.account.changed declared in package com.amazon.mShop.android.shopping: already declared in another package com.amazon.kindle
03-30 13:56:28.192  1487  1487 W AppIdPermissionPolicy: Ignoring permission com.amazon.dcp.sso.permission.AmazonAccountPropertyService.property.changed declared in package com.amazon.mShop.android.shopping: already declared in another package com.amazon.kindle
03-30 13:56:28.192  1487  1487 W AppIdPermissionPolicy: Ignoring permission com.amazon.identity.permission.CALL_AMAZON_DEVICE_INFORMATION_PROVIDER declared in package com.amazon.mShop.android.shopping: already declared in another package com.amazon.kindle
03-30 13:56:28.192  1487  1487 W AppIdPermissionPolicy: Ignoring permission com.amazon.appmanager.preload.permission.READ_PRELOAD_DEVICE_INFO_PROVIDER declared in package com.amazon.mShop.android.shopping: already declared in another package com.amazon.kindle
03-30 13:56:28.199  1487  1487 W AppIdPermissionPolicy: Ignoring permission com.facebook.permission.prod.FB_APP_COMMUNICATION declared in package com.facebook.orca: already declared in another package com.facebook.katana
03-30 13:56:28.199  1487  1487 W AppIdPermissionPolicy: Ignoring permission com.facebook.receiver.permission.ACCESS declared in package com.facebook.orca: already declared in another package com.facebook.katana
03-30 13:56:28.329     0     0 E init    : Control message: Could not find 'aidl/android.frameworks.sensorservice.ISensorManager/default' for ctl.interface_start from pid: 395 (/system/bin/servicemanager)
03-30 13:56:28.479   972   972 E Lyric   : camera_provider_manager_impl.cc:438: Unable to get proxy camera IDs: UNAVAILABLE: Not bound to ICameraProvider service
03-30 13:56:28.789  1487  2140 W PackageManager: Skipping preparing app data for com.android.configinfrastructure
03-30 13:56:28.789  1487  2140 W PackageManager: Skipping preparing app data for com.android.appsearch
03-30 13:56:28.789  1487  1487 W UserSystemPackageInstaller: checkAllowlistedSystemPackages(mode=d) has 114 warnings:
03-30 13:56:28.789  1487  1487 W UserSystemPackageInstaller: com.google.android.networkstack.tethering is allowlisted but not present.
03-30 13:56:28.789  1487  1487 W UserSystemPackageInstaller: com.google.android.apps.betterbug is allowlisted but not present.
03-30 13:56:28.789  1487  1487 W UserSystemPackageInstaller: com.google.android.youtube is allowlisted but not present.
03-30 13:56:28.789  1487  1487 W UserSystemPackageInstaller: org.chromium.chrome is allowlisted but not present.
03-30 13:56:28.789  1487  2140 W PackageManager: Skipping preparing app data for com.android.telephonycore
03-30 13:56:28.789  1487  1487 W UserSystemPackageInstaller: com.google.android.apps.mediashell is allowlisted but not present.
03-30 13:56:28.789  1487  1487 W UserSystemPackageInstaller: com.google.android.apps.retaildemo.preload is allowlisted but not present.
03-30 13:56:28.789  1487  1487 W UserSystemPackageInstaller: com.android.theme.color.amethyst is allowlisted but not present.
03-30 13:56:28.789  1487  1487 W UserSystemPackageInstaller: com.android.theme.icon.pebble is allowlisted but not present.
03-30 13:56:28.789  1487  1487 W UserSystemPackageInstaller: com.google.android.cellbroadcastservice is allowlisted but not present.
03-30 13:56:28.789  1487  1487 W UserSystemPackageInstaller: com.google.android.apps.googleassistant is allowlisted and present but not a system package.
03-30 13:56:28.789  1487  1487 W UserSystemPackageInstaller: com.android.internal.systemui.navbar.gestural_wide_back is allowlisted but not present.
03-30 13:56:28.789  1487  1487 W UserSystemPackageInstaller: com.android.theme.color.sand is allowlisted but not present.
03-30 13:56:28.789  1487  1487 W UserSystemPackageInstaller: com.android.wallpapercropper is allowlisted but not present.
03-30 13:56:28.789  1487  1487 W UserSystemPackageInstaller: com.android.theme.icon.vessel is allowlisted but not present.
03-30 13:56:28.789  1487  1487 W UserSystemPackageInstaller: com.android.theme.color.cinnamon is allowlisted but not present.
03-30 13:56:28.789  1487  1487 W UserSystemPackageInstaller: com.android.theme.icon_pack.victor.settings is allowlisted but not present.
03-30 13:56:28.789  1487  1487 W UserSystemPackageInstaller: com.android.virtualdevicemanager is allowlisted but not present.
03-30 13:56:28.789  1487  1487 W UserSystemPackageInstaller: com.google.android.apps.nest.castauth is allowlisted but not present.
03-30 13:56:28.789  1487  1487 W UserSystemPackageInstaller: com.android.theme.icon_pack.rounded.systemui is allowlisted but not present.
03-30 13:56:28.789  1487  1487 W UserSystemPackageInstaller: com.android.theme.icon.taperedrect is allowlisted but not present.
03-30 13:56:28.789  1487  1487 W UserSystemPackageInstaller: com.google.android.docksetup is allowlisted but not present.
03-30 13:56:28.789  1487  1487 W UserSystemPackageInstaller: com.android.documentsui is allowlisted but not present.
03-30 13:56:28.789  1487  1487 W UserSystemPackageInstaller: com.android.crossdevicesync is allowlisted but not present.
03-30 13:56:28.789  1487  1487 W UserSystemPackageInstaller: com.android.quicksearchbox is allowlisted but not present.
03-30 13:56:28.789  1487  1487 W UserSystemPackageInstaller: com.android.messaging is allowlisted but not present.
03-30 13:56:28.789  1487  1487 W UserSystemPackageInstaller: com.google.android.health.connect.backuprestore is allowlisted but not present.
03-30 13:56:28.789  1487  1487 W UserSystemPackageInstaller: com.android.theme.icon_pack.rounded.android is allowlisted but not present.
03-30 13:56:28.790  1487  1487 W UserSystemPackageInstaller: com.android.internal.systemui.onehanded.gestural is allowlisted but not present.
03-30 13:56:28.790  1487  1487 W UserSystemPackageInstaller: com.google.android.apps.pixel.agent is allowlisted and present but not a system package.
03-30 13:56:28.790  1487  1487 W UserSystemPackageInstaller: android.autoinstalls.config.google.nexus is allowlisted but not present.
03-30 13:56:28.790  1487  1487 W UserSystemPackageInstaller: com.android.multiuser is allowlisted but not present.
03-30 13:56:28.790  1487  1487 W UserSystemPackageInstaller: com.android.theme.icon_pack.victor.systemui is allowlisted but not present.
03-30 13:56:28.790  1487  1487 W UserSystemPackageInstaller: com.android.theme.icon_pack.circular.themepicker is allowlisted but not present.
03-30 13:56:28.790  1487  1487 W UserSystemPackageInstaller: com.android.contactspicker is allowlisted but not present.
03-30 13:56:28.790  1487  1487 W UserSystemPackageInstaller: com.android.avatarpicker is allowlisted but not present.
03-30 13:56:28.790  1487  1487 W UserSystemPackageInstaller: com.android.theme.color.tangerine is allowlisted but not present.
03-30 13:56:28.790  1487  1487 W UserSystemPackageInstaller: com.android.eyedropper is allowlisted but not present.
03-30 13:56:28.790  1487  1487 W UserSystemPackageInstaller: com.android.theme.color.aquamarine is allowlisted but not present.
03-30 13:56:28.790  1487  1487 W UserSystemPackageInstaller: com.android.theme.color.black is allowlisted but not present.
03-30 13:56:28.790  1487  1487 W UserSystemPackageInstaller: com.android.theme.color.green is allowlisted but not present.
03-30 13:56:28.790  1487  1487 W UserSystemPackageInstaller: com.android.theme.color.ocean is allowlisted but not present.
03-30 13:56:28.790  1487  1487 W UserSystemPackageInstaller: com.android.theme.color.space is allowlisted but not present.
03-30 13:56:28.790  1487  1487 W UserSystemPackageInstaller: com.android.contacts is allowlisted but not present.
03-30 13:56:28.790  1487  1487 W UserSystemPackageInstaller: com.android.camera2 is allowlisted but not present.
03-30 13:56:28.790  1487  1487 W UserSystemPackageInstaller: org.lineageos.recorder is allowlisted but not present.
03-30 13:56:28.790  1487  1487 W UserSystemPackageInstaller: com.android.theme.icon_pack.rounded.launcher is allowlisted but not present.
03-30 13:56:28.790  1487  1487 W UserSystemPackageInstaller: com.android.theme.icon_pack.kai.settings is allowlisted but not present.
03-30 13:56:28.790  1487  1487 W UserSystemPackageInstaller: com.android.launcher3 is allowlisted and present but not a system package.
03-30 13:56:28.790  1487  1487 W UserSystemPackageInstaller: com.android.internal.systemui.navbar.twobutton is allowlisted but not present.
03-30 13:56:28.790  1487  1487 W UserSystemPackageInstaller: com.google.android.gm is allowlisted and present but not a system package.
03-30 13:56:28.790  1487  1487 W UserSystemPackageInstaller: com.google.android.apps.tachyon is allowlisted and present but not a system package.
03-30 13:56:28.790  1487  1487 W UserSystemPackageInstaller: com.android.theme.icon_pack.sam.settings is allowlisted but not present.
03-30 13:56:28.790  1487  1487 W UserSystemPackageInstaller: com.android.calendar is allowlisted but not present.
03-30 13:56:28.790  1487  1487 W UserSystemPackageInstaller: com.android.internal.systemui.navbar.gestural_extra_wide_back is allowlisted but not present.
03-30 13:56:28.790  1487  1487 W UserSystemPackageInstaller: com.android.theme.icon_pack.kai.themepicker is allowlisted but not present.
03-30 13:56:28.790  1487  1487 W UserSystemPackageInstaller: com.android.theme.icon_pack.victor.launcher is allowlisted but not present.
03-30 13:56:28.790  1487  1487 W UserSystemPackageInstaller: com.google.android.apps.ai.icons is allowlisted but not present.
03-30 13:56:28.790  1487  1487 W UserSystemPackageInstaller: com.android.theme.icon_pack.filled.settings is allowlisted but not present.
03-30 13:56:28.790  1487  1487 W UserSystemPackageInstaller: com.android.theme.icon_pack.kai.systemui is allowlisted but not present.
03-30 13:56:28.790  1487  1487 W UserSystemPackageInstaller: com.android.jabara_terminal is allowlisted but not present.
03-30 13:56:28.790  1487  1487 W UserSystemPackageInstaller: com.android.theme.icon_pack.circular.settings is allowlisted but not present.
03-30 13:56:28.790  1487  1487 W UserSystemPackageInstaller: com.google.android.apps.docs is allowlisted and present but not a system package.
03-30 13:56:28.790  1487  1487 W UserSystemPackageInstaller: com.google.android.apps.maps is allowlisted and present but not a system package.
03-30 13:56:28.790  1487  1487 W UserSystemPackageInstaller: com.google.android.apps.tips is allowlisted but not present.
03-30 13:56:28.790  1487  1487 W UserSystemPackageInstaller: com.google.android.apps.warp is allowlisted but not present.
03-30 13:56:28.790  1487  1487 W UserSystemPackageInstaller: com.android.theme.icon_pack.sam.systemui is allowlisted but not present.
03-30 13:56:28.790  1487  1487 W UserSystemPackageInstaller: com.google.android.apps.kids.home is allowlisted but not present.
03-30 13:56:28.790  1487  1487 W UserSystemPackageInstaller: com.android.theme.icon.teardrop is allowlisted but not present.
03-30 13:56:28.790  1487  1487 W UserSystemPackageInstaller: com.android.theme.icon_pack.rounded.themepicker is allowlisted but not present.
03-30 13:56:28.790  1487  1487 W UserSystemPackageInstaller: com.android.camera is allowlisted but not present.
03-30 13:56:28.790  1487  1487 W UserSystemPackageInstaller: com.android.dialer is allowlisted but not present.
03-30 13:56:28.790  1487  1487 W UserSystemPackageInstaller: com.android.gallery3d is allowlisted but not present.
03-30 13:56:28.790  1487  1487 W UserSystemPackageInstaller: com.android.theme.icon_pack.filled.systemui is allowlisted but not present.
03-30 13:56:28.790  1487  1487 W UserSystemPackageInstaller: com.google.android.apps.wallpaper.nexus is allowlisted but not present.
03-30 13:56:28.790  1487  1487 W UserSystemPackageInstaller: com.google.android.videos is allowlisted and present but not a system package.
03-30 13:56:28.790  1487  1487 W UserSystemPackageInstaller: org.lineageos.jelly is allowlisted but not present.
03-30 13:56:28.790  1487  1487 W UserSystemPackageInstaller: com.android.theme.icon_pack.sam.android is allowlisted but not present.
03-30 13:56:28.790  1487  1487 W UserSystemPackageInstaller: com.android.theme.icon_pack.filled.android is allowlisted but not present.
03-30 13:56:28.790  1487  1487 W UserSystemPackageInstaller: com.android.theme.icon_pack.circular.systemui is allowlisted but not present.
03-30 13:56:28.790  1487  1487 W UserSystemPackageInstaller: com.android.inputmethod.latin is allowlisted but not present.
03-30 13:56:28.790  1487  1487 W UserSystemPackageInstaller: org.lineageos.eleven is allowlisted but not present.
03-30 13:56:28.790  1487  1487 W UserSystemPackageInstaller: org.lineageos.etar is allowlisted but not present.
03-30 13:56:28.790  1487  1487 W UserSystemPackageInstaller: com.android.theme.icon_pack.kai.android is allowlisted but not present.
03-30 13:56:28.790  1487  1487 W UserSystemPackageInstaller: com.android.theme.icon_pack.kai.launcher is allowlisted but not present.
03-30 13:56:28.790  1487  1487 W UserSystemPackageInstaller: org.lineageos.audiofx is allowlisted but not present.
03-30 13:56:28.790  1487  1487 W UserSystemPackageInstaller: org.lineageos.aperture is allowlisted but not present.
03-30 13:56:28.790  1487  1487 W UserSystemPackageInstaller: com.google.android.apps.youtube.kids is allowlisted but not present.
03-30 13:56:28.790  1487  1487 W UserSystemPackageInstaller: com.android.theme.icon_pack.sam.launcher is allowlisted but not present.
03-30 13:56:28.790  1487  1487 W UserSystemPackageInstaller: com.android.theme.icon.squircle is allowlisted but not present.
03-30 13:56:28.790  1487  1487 W UserSystemPackageInstaller: com.google.android.apps.pixel.health is allowlisted but not present.
03-30 13:56:28.790  1487  1487 W UserSystemPackageInstaller: com.android.theme.icon_pack.victor.android is allowlisted but not present.
03-30 13:56:28.790  1487  1487 W UserSystemPackageInstaller: com.android.theme.color.palette is allowlisted but not present.
03-30 13:56:28.790  1487  1487 W UserSystemPackageInstaller: com.android.theme.icon_pack.filled.launcher is allowlisted but not present.
03-30 13:56:28.790  1487  1487 W UserSystemPackageInstaller: com.android.calculator2 is allowlisted but not present.
03-30 13:56:28.790  1487  1487 W UserSystemPackageInstaller: com.google.android.apps.books is allowlisted but not present.
03-30 13:56:28.790  1487  1487 W UserSystemPackageInstaller: com.google.android.apps.chromecast.app is allowlisted and present but not a system package.
03-30 13:56:28.790  1487  1487 W UserSystemPackageInstaller: com.android.theme.color.carbon is allowlisted but not present.
03-30 13:56:28.790  1487  1487 W UserSystemPackageInstaller: com.android.theme.icon_pack.circular.launcher is allowlisted but not present.
03-30 13:56:28.790  1487  1487 W UserSystemPackageInstaller: com.caf.fmradio is allowlisted but not present.
03-30 13:56:28.790  1487  1487 W UserSystemPackageInstaller: com.google.android.keep is allowlisted and present but not a system package.
03-30 13:56:28.790  1487  1487 W UserSystemPackageInstaller: com.android.theme.icon_pack.filled.themepicker is allowlisted but not present.
03-30 13:56:28.790  1487  2140 W PackageManager: Skipping preparing app data for com.android.hardware.biometrics.face.virtual
03-30 13:56:28.790  1487  1487 W UserSystemPackageInstaller: com.android.theme.icon_pack.victor.themepicker is allowlisted but not present.
03-30 13:56:28.790  1487  1487 W UserSystemPackageInstaller: com.android.theme.color.orchid is allowlisted but not present.
03-30 13:56:28.790  1487  1487 W UserSystemPackageInstaller: com.android.deskclock is allowlisted but not present.
03-30 13:56:28.790  1487  2140 W PackageManager: Skipping preparing app data for com.android.adservices
03-30 13:56:28.790  1487  1487 W UserSystemPackageInstaller: com.google.android.apps.youtube.music is allowlisted but not present.
03-30 13:56:28.790  1487  1487 W UserSystemPackageInstaller: com.android.theme.color.purple is allowlisted but not present.
03-30 13:56:28.790  1487  1487 W UserSystemPackageInstaller: com.google.android.apps.pixel.creativeassistant is allowlisted and present but not a system package.
03-30 13:56:28.790  1487  1487 W UserSystemPackageInstaller: com.android.theme.icon_pack.sam.themepicker is allowlisted but not present.
03-30 13:56:28.790  1487  1487 W UserSystemPackageInstaller: com.google.android.apps.adm is allowlisted and present but not a system package.
03-30 13:56:28.790  1487  1487 W UserSystemPackageInstaller: com.android.wallpaperpicker is allowlisted but not present.
03-30 13:56:28.790  1487  1487 W UserSystemPackageInstaller: com.android.theme.icon.roundedrect is allowlisted but not present.
03-30 13:56:28.790  1487  1487 W UserSystemPackageInstaller: com.android.internal.systemui.navbar.gestural_narrow_back is allowlisted but not present.
03-30 13:56:28.790  1487  2140 W PackageManager: Skipping preparing app data for com.android.scheduling
03-30 13:56:28.790  1487  1487 W UserSystemPackageInstaller: com.android.theme.icon_pack.rounded.settings is allowlisted but not present.
03-30 13:56:28.790  1487  1487 W UserSystemPackageInstaller: com.android.theme.icon_pack.circular.android is allowlisted but not present.
03-30 13:56:28.791  1487  2140 W PackageManager: Skipping preparing app data for com.google.android.widevine.nonupdatable
03-30 13:56:28.791  1487  2140 W PackageManager: Skipping preparing app data for com.android.profiling
03-30 13:56:28.791  1487  2140 W PackageManager: Skipping preparing app data for com.android.art
03-30 13:56:28.791  1487  2140 W PackageManager: Skipping preparing app data for com.android.uwb
03-30 13:56:28.791  1487  2140 W PackageManager: Skipping preparing app data for com.android.tethering
03-30 13:56:28.791  1487  2140 W PackageManager: Skipping preparing app data for com.android.media.swcodec
03-30 13:56:28.791  1487  2140 W PackageManager: Skipping preparing app data for com.android.conscrypt
03-30 13:56:28.791  1487  2140 W PackageManager: Skipping preparing app data for com.android.bt
03-30 13:56:28.791  1487  2140 W PackageManager: Skipping preparing app data for com.android.adbd
03-30 13:56:28.791  1487  2140 W PackageManager: Skipping preparing app data for com.android.i18n
03-30 13:56:28.791  1487  2140 W PackageManager: Skipping preparing app data for com.android.rkpd
03-30 13:56:28.791  1487  2140 W PackageManager: Skipping preparing app data for com.android.virt
03-30 13:56:28.791  1487  2140 W PackageManager: Skipping preparing app data for com.android.wifi
03-30 13:56:28.791  1487  2140 W PackageManager: Skipping preparing app data for com.android.runtime
03-30 13:56:28.791  1487  2140 W PackageManager: Skipping preparing app data for com.android.devicelock
03-30 13:56:28.791  1487  2140 W PackageManager: Skipping preparing app data for com.google.pixel.euicc.update
03-30 13:56:28.791  1487  2140 W PackageManager: Skipping preparing app data for com.android.apex.cts.shim
03-30 13:56:28.791  1487  2140 W PackageManager: Skipping preparing app data for com.android.compos
03-30 13:56:28.792  1487  2140 W PackageManager: Skipping preparing app data for com.android.neuralnetworks
03-30 13:56:28.792  1487  2140 W PackageManager: Skipping preparing app data for com.android.healthfitness
03-30 13:56:28.792  1487  2140 W PackageManager: Skipping preparing app data for com.android.hardware.biometrics.fingerprint.virtual
03-30 13:56:28.792  1487  2140 W PackageManager: Skipping preparing app data for com.android.hardware.cas
03-30 13:56:28.792  1487  2140 W PackageManager: Skipping preparing app data for com.android.resolv
03-30 13:56:28.792  1487  2140 W PackageManager: Skipping preparing app data for com.android.sdkext
03-30 13:56:28.792  1487  2140 W PackageManager: Skipping preparing app data for com.android.tzdata
03-30 13:56:28.792  1487  2140 W PackageManager: Skipping preparing app data for com.google.android.permission
03-30 13:56:28.792  1487  2140 W PackageManager: Skipping preparing app data for com.google.pixel.camera.hal
03-30 13:56:28.792  1487  2140 W PackageManager: Skipping preparing app data for com.android.os.statsd
03-30 13:56:28.792  1487  2140 W PackageManager: Skipping preparing app data for com.android.extservices
03-30 13:56:28.792  1487  2140 W PackageManager: Skipping preparing app data for com.android.cellbroadcast
03-30 13:56:28.792  1487  2140 W PackageManager: Skipping preparing app data for com.android.ipsec
03-30 13:56:28.792  1487  2140 W PackageManager: Skipping preparing app data for com.android.media
03-30 13:56:28.792  1487  2140 W PackageManager: Skipping preparing app data for com.android.sdksandbox
03-30 13:56:28.792  1487  2140 W PackageManager: Skipping preparing app data for com.google.android.hardware.biometrics.face
03-30 13:56:28.792  1487  2140 W PackageManager: Skipping preparing app data for com.android.crashrecovery
03-30 13:56:28.792  1487  2140 W PackageManager: Skipping preparing app data for com.android.mediaprovider
03-30 13:56:28.792  1487  2140 W PackageManager: Skipping preparing app data for com.android.uprobestats
03-30 13:56:28.792  1487  2140 W PackageManager: Skipping preparing app data for com.google.pixel.wifi.ext
03-30 13:56:28.792  1487  2140 W PackageManager: Skipping preparing app data for com.android.nfcservices
03-30 13:56:28.792  1487  2140 W PackageManager: Skipping preparing app data for com.android.ondevicepersonalization
03-30 13:56:28.829     0     0 E init    : Control message: Could not find 'aidl/sensor_privacy' for ctl.interface_start from pid: 395 (/system/bin/servicemanager)
03-30 13:56:29.001     0     0 E init    : Control message: Could not find 'aidl/android.frameworks.sensorservice.ISensorManager/default' for ctl.interface_start from pid: 395 (/system/bin/servicemanager)
03-30 13:56:29.115     0     0 E init    : Control message: Could not find 'aidl/android.frameworks.sensorservice.ISensorManager/default' for ctl.interface_start from pid: 395 (/system/bin/servicemanager)
03-30 13:56:29.186  1487  1790 W ActivityTaskManager: Skip updateConfiguration because mWindowManager isn't set
03-30 13:56:29.188  1487  1790 W BroadcastLoopers: Found previously unknown looper Thread[android.fg,5,main]
03-30 13:56:29.207     0     0 W healthd : battery l=70 v=3960 t=27.7 h=2 st=3 c=-1332812 fc=4730000 cc=132 chg=
03-30 13:56:29.333     0     0 E init    : Control message: Could not find 'aidl/android.frameworks.sensorservice.ISensorManager/default' for ctl.interface_start from pid: 395 (/system/bin/servicemanager)
03-30 13:56:29.332  1487  1487 W SettingsState: invalid override flag name device_personalization_services/Captions__ec_vocal_burst_v2_thresholds
03-30 13:56:29.332  1487  1487 W SettingsState: invalid override flag name adservices/fledge_custom_audience_max_ads_size_b
03-30 13:56:29.332  1487  1487 W SettingsState: invalid override flag name privacy/max_safety_labels_persisted_per_app
03-30 13:56:29.332  1487  1487 W SettingsState: invalid override flag name device_personalization_services/EchoSearchRanking__fa_scorer_p_query_given_corpus_coefficient
03-30 13:56:29.332  1487  1487 W SettingsState: invalid override flag name device_personalization_services/TextClassifierTcLib__enable_superpacks_kg_actions_ranking
03-30 13:56:29.332  1487  1487 W SettingsState: invalid override flag name adservices/enable_tablet_region_fix
03-30 13:56:29.332  1487  1487 W SettingsState: invalid override flag name device_personalization_services/BrellaInAstrea__enable_brella_in_astrea
03-30 13:56:29.332  1487  1487 W SettingsState: invalid override flag name device_personalization_services/NowPlaying__ambient_music_get_model_state_cooldown_seconds_cloud_search
03-30 13:56:29.332  1487  1487 W SettingsState: invalid override flag name device_personalization_services/EchoSearch__appsearch_donation_to_fetch_visibility_delay_in_millis
03-30 13:56:29.332  1487  1487 W SettingsState: invalid override flag name device_personalization_services/PrivateInference__proxy_token_durable_cache_preferred_pool_size
03-30 13:56:29.332  1487  1487 W SettingsState: invalid override flag name device_personalization_services/Captions__enable_ec_v2_integration
03-30 13:56:29.332  1487  1487 W SettingsState: invalid override flag name adservices/topics_disable_direct_app_calls
03-30 13:56:29.332  1487  1487 W SettingsState: invalid override flag name adservices/fledge_background_fetch_enabled
03-30 13:56:29.332  1487  1487 W SettingsState: invalid override flag name profiling/java_heap_dump_size_kb_default
03-30 13:56:29.332  1487  1487 W SettingsState: invalid override flag name device_personalization_services/EchoSearch__enable_pnb_recency_score
03-30 13:56:29.332  1487  1487 W SettingsState: invalid override flag name telephony/is_telephony_anomaly_report_enabled
03-30 13:56:29.332  1487  1487 W SettingsState: invalid override flag name device_personalization_services/EchoSmartspace__enable_weather_removal_as_secondary_card_home
03-30 13:56:29.332  1487  1487 W SettingsState: invalid override flag name device_personalization_services/NowPlaying__create_shortcut_on_np_enabled
03-30 13:56:29.332  1487  1487 W SettingsState: invalid override flag name device_personalization_services/SmartNotification__notification_summaries_manifest_config
03-30 13:56:29.332  1487  1487 W SettingsState: invalid override flag name runtime_native/use_app_image_startup_cache
03-30 13:56:29.332  1487  1487 W SettingsState: invalid override flag name adservices/ui_toggle_speed_bump_enabled
03-30 13:56:29.332  1487  1487 W SettingsState: invalid override flag name device_personalization_services/MessageArmour__warning_delay_ms
03-30 13:56:29.332  1487  1487 W SettingsState: invalid override flag name storage_native_boot/target_dirty_ratio
03-30 13:56:29.333  1487  1487 W SettingsState: invalid override flag name health_fitness/RateLimiter__max_data_push_limit_across_apps_15m_background
03-30 13:56:29.333  1487  1487 W SettingsState: invalid override flag name tethering/nsd_optimized_expired_service_removal
03-30 13:56:29.333  1487  1487 W SettingsState: invalid override flag name window_manager/SinglePointerPanning__enable_single_pointer_panning
03-30 13:56:29.333  1487  1487 W SettingsState: invalid override flag name device_personalization_services/EchoSearch__enable_relevance_based_ee2
03-30 13:56:29.333  1487  1487 W SettingsState: invalid override flag name aicore/AicCommon__npu_manager_timeout_ms
03-30 13:56:29.333  1487  1487 W SettingsState: invalid override flag name device_personalization_services/AstreaFeedback__enable_view_data_dialog_v2_single_entity
03-30 13:56:29.333  1487  1487 W SettingsState: invalid override flag name connectivity/apf_handle_arp_offload_force_disable
03-30 13:56:29.333  1487  1487 W SettingsState: invalid override flag name device_personalization_services/Screenshot__enable_add_to_wallet_title
03-30 13:56:29.333  1487  1487 W SettingsState: invalid override flag name privacy/safety_center_override_refresh_on_page_open_sources
03-30 13:56:29.333  1487  1487 W SettingsState: invalid override flag name device_personalization_services/EchoSearch__enable_appsearch_universal_fetcher
03-30 13:56:29.333  1487  1487 W SettingsState: invalid override flag name device_personalization_services/ChroniclePackageMonitoring__enable_reconcile_job
03-30 13:56:29.333  1487  1487 W SettingsState: invalid override flag name adservices/enrollment_blocklist_ids
03-30 13:56:29.333  1487  1487 W SettingsState: invalid override flag name adservices/measurement_registration_input_event_valid_window_ms
03-30 13:56:29.333  1487  1487 W SettingsState: invalid override flag name device_personalization_services/Memory__zero_state_suggestion_model
03-30 13:56:29.333  1487  1487 W SettingsState: invalid override flag name aicore/AicSafety__use_flexible_safety_baymax_classifier
03-30 13:56:29.333  1487  1487 W SettingsState: invalid override flag name adservices/fledge_ad_counter_histogram_absolute_max_per_buyer_event_count
03-30 13:56:29.333  1487  1487 W SettingsState: invalid override flag name settings_stats/GlobalFeature__boolean_whitelist
03-30 13:56:29.333  1487  1487 W SettingsState: invalid override flag name device_personalization_services/EchoSearchRanking__base_score_play
03-30 13:56:29.333  1487  1487 W SettingsState: invalid override flag name aicore/AicSafety__use_flexible_safety_smart_reply_classifier
03-30 13:56:29.333  1487  1487 W SettingsState: invalid override flag name configuration/beta_launch
03-30 13:56:29.333  1487  1487 W SettingsState: invalid override flag name device_personalization_services/AicModels__mdd_manifest_config
03-30 13:56:29.333  1487  1487 W SettingsState: invalid override flag name configuration/flag_five
03-30 13:56:29.333  1487  1487 W SettingsState: invalid override flag name configuration/flag_four
03-30 13:56:29.333  1487  1487 W SettingsState: invalid override flag name device_personalization_services/Superpacks__require_charging_by_default
03-30 13:56:29.333  1487  1487 W SettingsState: invalid override flag name device_personalization_services/SmartNotification__no_cooldown_when_charging
03-30 13:56:29.333  1487  1487 W SettingsState: invalid override flag name device_personalization_services/EchoSearch__enable_qsb_ee2
03-30 13:56:29.333  1487  1487 W SettingsState: invalid override flag name systemui/use_unbundled_sharesheet
03-30 13:56:29.333  1487  1487 W SettingsState: invalid override flag name device_policy_manager/enable_coexistence
03-30 13:56:29.333  1487  1487 W SettingsState: invalid override flag name aicore/AicDataRelease__build_id_1558569612950046780
03-30 13:56:29.333  1487  1487 W SettingsState: invalid override flag name device_personalization_services/EchoSearch__people_sharesheet_shortcut_scorer_boost
03-30 13:56:29.333  1487  1487 W SettingsState: invalid override flag name device_personalization_services/Echo__smartspace_enable_eta_lyft
03-30 13:56:29.333  1487  1487 W SettingsState: invalid override flag name device_personalization_services/Notification__enable_pixel_spoon_suggestions_animation
03-30 13:56:29.333  1487  1487 W SettingsState: invalid override flag name device_personalization_services/EchoSearch__enable_fa_score_global_ranking
03-30 13:56:29.333  1487  1487 W SettingsState: invalid override flag name adservices/fledge_auction_server_enable_debug_reporting
03-30 13:56:29.333  1487  1487 W SettingsState: invalid override flag name adservices/key_fledge_custom_audience_max_bidding_logic_uri_size_b
03-30 13:56:29.333  1487  1487 W SettingsState: invalid override flag name exo/enable_keyboard_switch
03-30 13:56:29.333  1487  1487 W SettingsState: invalid override flag name aicore/AicDataRelease__build_id_5848825322855942324
03-30 13:56:29.333  1487  1487 W SettingsState: invalid override flag name adservices/fledge_background_fetch_eligible_update_base_interval_s
03-30 13:56:29.333  1487  1487 W SettingsState: invalid override flag name device_personalization_services/NowPlaying__redirect_history_enabled
03-30 13:56:29.333  1487  1487 W SettingsState: invalid override flag name input_native_boot/velocitytracker_strategy
03-30 13:56:29.333  1487  1487 W SettingsState: invalid override flag name device_personalization_services/EchoSearchAip__wallet_srp_medium_confidence_threshold
03-30 13:56:29.333  1487  1487 W SettingsState: invalid override flag name latency_tracker/action_show_voice_interaction_trace_threshold
03-30 13:56:29.333  1487  1487 W SettingsState: invalid override flag name device_personalization_services/MessageArmour__sms_sender_exclusion_regex_list
03-30 13:56:29.333  1487  1487 W SettingsState: invalid override flag name odad/phl_threshold_score
03-30 13:56:29.333  1487  1487 W SettingsState: invalid override flag name device_personalization_services/Pwm__mms_retrieval_window_days
03-30 13:56:29.333  1487  1487 W SettingsState: invalid override flag name device_personalization_services/EchoSearch__enable_saves_vertical_collection_srp_preview
03-30 13:56:29.333  1487  1487 W SettingsState: invalid override flag name device_personalization_services/EchoSearchRanking__fa_scorer_additive_p_corpus_and_p_query
03-30 13:56:29.333  1487  1487 W SettingsState: invalid override flag name device_personalization_services/EchoSearchRanking__base_score_shortcut
03-30 13:56:29.333  1487  1487 W SettingsState: invalid override flag name adservices/measurement_enable_ara_deduplication_alignment_v1
03-30 13:56:29.333  1487  1487 W SettingsState: invalid override flag name device_personalization_services/TextClassifierTcLib__tclib_langid_superpacks_manifest_version
