03-30 13:10:25.910 31361 31361 W AmazonKindle.ci.i: [main]: Detected invalid event action 2 during the touch event
03-30 13:10:25.919 31361 31361 W AmazonKindle.ci.i: [main]: Detected invalid event action 2 during the touch event
03-30 13:10:25.927 31361 31361 W AmazonKindle.ci.i: [main]: Detected invalid event action 2 during the touch event
03-30 13:10:25.935 31361 31361 W AmazonKindle.ci.i: [main]: Detected invalid event action 2 during the touch event
03-30 13:10:25.944 31361 31361 W AmazonKindle.ci.i: [main]: Detected invalid event action 2 during the touch event
03-30 13:10:25.952 31361 31361 W AmazonKindle.ci.i: [main]: Detected invalid event action 2 during the touch event
03-30 13:10:25.960 31361 31361 W AmazonKindle.ci.i: [main]: Detected invalid event action 2 during the touch event
03-30 13:10:25.969 31361 31361 W AmazonKindle.ci.i: [main]: Detected invalid event action 2 during the touch event
03-30 13:10:25.977 31361 31361 W AmazonKindle.ci.i: [main]: Detected invalid event action 2 during the touch event
03-30 13:10:25.986 31361 31361 W AmazonKindle.ci.i: [main]: Detected invalid event action 2 during the touch event
03-30 13:10:26.044 31361 31361 W AmazonKindle.ci.i: [main]: Detected invalid event action 2 during the touch event
03-30 13:10:26.054  1476  5364 E StatsAidl: Error writing Atom ID 100130. Result: 0
03-30 13:10:26.072 31361 31361 W AmazonKindle.com.amazon.kindle.krx.reader.PositionChangedEventHandler: [main]: UNKNOWN navigation direction, using NEXT
03-30 13:10:26.095 31361 31746 E YJ_Core : LayoutState failed to lock the RenderDocSection
03-30 13:10:26.096 31361 31746 E YJ_Core : LayoutState failed to lock the RenderDocSection
03-30 13:10:26.096 31361 31746 E YJ_Core : LayoutState failed to lock the RenderDocSection
03-30 13:10:26.096 31361 31746 E YJ_Core : LayoutState failed to lock the RenderDocSection
03-30 13:10:26.096 31361 31746 E YJ_Core : LayoutState failed to lock the RenderDocSection
03-30 13:10:26.096 31361 31746 E YJ_Core : LayoutState failed to lock the RenderDocSection
03-30 13:10:26.097 31361 31746 E YJ_Core : LayoutState failed to lock the RenderDocSection
03-30 13:10:26.097 31361 31746 E YJ_Core : LayoutState failed to lock the RenderDocSection
03-30 13:10:26.097 31361 31746 E YJ_Core : LayoutState failed to lock the RenderDocSection
03-30 13:10:26.097 31361 31746 E YJ_Core : LayoutState failed to lock the RenderDocSection
03-30 13:10:26.097 31361 31746 E YJ_Core : LayoutState failed to lock the RenderDocSection
03-30 13:10:26.097 31361 31746 E YJ_Core : LayoutState failed to lock the RenderDocSection
03-30 13:10:26.097 31361 31746 E YJ_Core : LayoutState failed to lock the RenderDocSection
03-30 13:10:26.097 31361 31746 E YJ_Core : LayoutState failed to lock the RenderDocSection
03-30 13:10:26.097 31361 31746 E YJ_Core : LayoutState failed to lock the RenderDocSection
03-30 13:10:26.097 31361 31746 E YJ_Core : LayoutState failed to lock the RenderDocSection
03-30 13:10:26.097 31361 31746 E YJ_Core : LayoutState failed to lock the RenderDocSection
03-30 13:10:26.098 31361 31746 E YJ_Core : LayoutState failed to lock the RenderDocSection
03-30 13:10:26.098 31361 31746 E YJ_Core : LayoutState failed to lock the RenderDocSection
03-30 13:10:26.098 31361 31746 E YJ_Core : LayoutState failed to lock the RenderDocSection
03-30 13:10:26.098 31361 31746 E YJ_Core : LayoutState failed to lock the RenderDocSection
03-30 13:10:26.098 31361 31746 E YJ_Core : LayoutState failed to lock the RenderDocSection
03-30 13:10:26.098 31361 31746 E YJ_Core : LayoutState failed to lock the RenderDocSection
03-30 13:10:26.098 31361 31746 E YJ_Core : LayoutState failed to lock the RenderDocSection
03-30 13:10:26.098 31361 31746 E YJ_Core : LayoutState failed to lock the RenderDocSection
03-30 13:10:26.098 31361 31746 E YJ_Core : LayoutState failed to lock the RenderDocSection
03-30 13:10:26.098 31361 31746 E YJ_Core : LayoutState failed to lock the RenderDocSection
03-30 13:10:26.098 31361 31557 W AmazonKindle.ReaderDownload: com.amazon.kindle.services.download.DownloadContentService: [KindlePubSub-3]: Received update for book id AMZNID0/B0CSZMX2B1/0/ not in flight
03-30 13:10:26.098 31361 31746 E YJ_Core : LayoutState failed to lock the RenderDocSection
03-30 13:10:26.098 31361 31746 E YJ_Core : LayoutState failed to lock the RenderDocSection
03-30 13:10:26.099 31361 31746 E YJ_Core : LayoutState failed to lock the RenderDocSection
03-30 13:10:26.100 31361 31590 E AmazonKindle.KindleNDKLog: [Thread-24]: [ProfilesStorage:ERROR] Couldn't find any profiles including default.
03-30 13:10:26.210 31361 31366 W m.amazon.kindle: Cleared Reference was only reachable from finalizer (only reported once)
03-30 13:10:26.253 31361 31366 W m.amazon.kindle: Reducing the number of considered missed Gc histogram windows from 499 to 100
03-30 13:10:26.451  1033  3423 W libbinder.ServiceManagerCppClient: Waited one second for stats (is service started? Number of threads started in the threadpool: 6. Are binder threads started and available?)
03-30 13:10:26.451  1476  2391 W libbinder.ServiceManagerCppClient: Waited one second for stats (is service started? Number of threads started in the threadpool: 32. Are binder threads started and available?)
03-30 13:10:26.451  1158 13843 W libbinder.ServiceManagerCppClient: Waited one second for stats (is service started? Number of threads started in the threadpool: 17. Are binder threads started and available?)
03-30 13:10:26.863  5021  5368 W Looper  : Drained
03-30 13:10:27.452  1033  3423 W libbinder.ServiceManagerCppClient: Waited one second for stats (is service started? Number of threads started in the threadpool: 6. Are binder threads started and available?)
03-30 13:10:27.452  1476  2391 W libbinder.ServiceManagerCppClient: Waited one second for stats (is service started? Number of threads started in the threadpool: 32. Are binder threads started and available?)
03-30 13:10:27.452  1158 13843 W libbinder.ServiceManagerCppClient: Waited one second for stats (is service started? Number of threads started in the threadpool: 17. Are binder threads started and available?)
03-30 13:10:28.454  1476  2391 W libbinder.ServiceManagerCppClient: Waited one second for stats (is service started? Number of threads started in the threadpool: 32. Are binder threads started and available?)
03-30 13:10:28.454  1158 13843 W libbinder.ServiceManagerCppClient: Waited one second for stats (is service started? Number of threads started in the threadpool: 17. Are binder threads started and available?)
03-30 13:10:28.454  1033  3423 W libbinder.ServiceManagerCppClient: Waited one second for stats (is service started? Number of threads started in the threadpool: 6. Are binder threads started and available?)
03-30 13:10:29.455  1476  2391 W libbinder.ServiceManagerCppClient: Waited one second for stats (is service started? Number of threads started in the threadpool: 32. Are binder threads started and available?)
03-30 13:10:29.455  1158 13843 W libbinder.ServiceManagerCppClient: Waited one second for stats (is service started? Number of threads started in the threadpool: 17. Are binder threads started and available?)
03-30 13:10:29.456  1033  3423 W libbinder.ServiceManagerCppClient: Waited one second for stats (is service started? Number of threads started in the threadpool: 6. Are binder threads started and available?)
03-30 13:10:30.069  1476  5364 W ActivityManager: Receiver with filter android.content.IntentFilter@62d8f4 already registered for pid 13742, callerPackage is net.moemoe.tomorrow.myAnalogClock2
03-30 13:10:30.069  1476  5364 W ActivityManager: Receiver with filter android.content.IntentFilter@8e8e81d already registered for pid 13742, callerPackage is net.moemoe.tomorrow.myAnalogClock2
03-30 13:10:30.074  1476  6961 W ActivityManager: Foreground service started from background can not have location/camera/microphone access: service net.moemoe.tomorrow.myAnalogClock2/.ClockSystemService
03-30 13:10:30.170  1476  6961 W ActivityManager: Receiver with filter android.content.IntentFilter@35ebc63 already registered for pid 13742, callerPackage is net.moemoe.tomorrow.myAnalogClock2
03-30 13:10:30.170  1476  6961 W ActivityManager: Receiver with filter android.content.IntentFilter@44e9060 already registered for pid 13742, callerPackage is net.moemoe.tomorrow.myAnalogClock2
03-30 13:10:30.176  1476  5364 W ActivityManager: Foreground service started from background can not have location/camera/microphone access: service net.moemoe.tomorrow.myAnalogClock2/.ClockSystemService_Small
03-30 13:10:30.287  1476  5364 W ActivityManager: Receiver with filter android.content.IntentFilter@81a29ea already registered for pid 13742, callerPackage is net.moemoe.tomorrow.myAnalogClock2
03-30 13:10:30.288  1476  5364 W ActivityManager: Receiver with filter android.content.IntentFilter@e554db already registered for pid 13742, callerPackage is net.moemoe.tomorrow.myAnalogClock2
03-30 13:10:30.294  1476  6961 W ActivityManager: Foreground service started from background can not have location/camera/microphone access: service net.moemoe.tomorrow.myAnalogClock2/.ClockSystemService_Large
03-30 13:10:30.457  1476  2391 W libbinder.ServiceManagerCppClient: Waited one second for stats (is service started? Number of threads started in the threadpool: 32. Are binder threads started and available?)
03-30 13:10:30.457  1158 13843 W libbinder.ServiceManagerCppClient: Waited one second for stats (is service started? Number of threads started in the threadpool: 17. Are binder threads started and available?)
03-30 13:10:30.457  1033  3423 W libbinder.ServiceManagerCppClient: Waited one second for stats (is service started? Number of threads started in the threadpool: 6. Are binder threads started and available?)
03-30 13:10:31.008  1476  1691 W ProcessStats: Tracking association SourceState{268958d com.android.vending:background/10347 ImpBg #456715} whose proc state 6 is better than process ProcessState{f927814 com.android.vending/10347 pkg=com.android.vending} proc state 14 (34 skipped)
03-30 13:10:31.458  1476  2391 W libbinder.ServiceManagerCppClient: Waited one second for stats (is service started? Number of threads started in the threadpool: 32. Are binder threads started and available?)
03-30 13:10:31.458  1033  3423 W libbinder.ServiceManagerCppClient: Waited one second for stats (is service started? Number of threads started in the threadpool: 6. Are binder threads started and available?)
03-30 13:10:31.458  1158 13843 W libbinder.ServiceManagerCppClient: Waited one second for stats (is service started? Number of threads started in the threadpool: 17. Are binder threads started and available?)
03-30 13:10:32.459  1476  2391 W libbinder.ServiceManagerCppClient: Waited one second for stats (is service started? Number of threads started in the threadpool: 32. Are binder threads started and available?)
03-30 13:10:32.460  1033  3423 W libbinder.ServiceManagerCppClient: Waited one second for stats (is service started? Number of threads started in the threadpool: 6. Are binder threads started and available?)
03-30 13:10:32.460  1158 13843 W libbinder.ServiceManagerCppClient: Waited one second for stats (is service started? Number of threads started in the threadpool: 17. Are binder threads started and available?)
03-30 13:10:33.461  1476  2391 W libbinder.ServiceManagerCppClient: Waited one second for stats (is service started? Number of threads started in the threadpool: 32. Are binder threads started and available?)
03-30 13:10:33.461  1158 13843 W libbinder.ServiceManagerCppClient: Waited one second for stats (is service started? Number of threads started in the threadpool: 17. Are binder threads started and available?)
03-30 13:10:33.462  1033  3423 W libbinder.ServiceManagerCppClient: Waited one second for stats (is service started? Number of threads started in the threadpool: 6. Are binder threads started and available?)
03-30 13:10:34.462  1476  2391 W libbinder.ServiceManagerCppClient: Waited one second for stats (is service started? Number of threads started in the threadpool: 32. Are binder threads started and available?)
03-30 13:10:34.462  1158 13843 W libbinder.ServiceManagerCppClient: Waited one second for stats (is service started? Number of threads started in the threadpool: 17. Are binder threads started and available?)
03-30 13:10:34.462  1033  3423 W libbinder.ServiceManagerCppClient: Waited one second for stats (is service started? Number of threads started in the threadpool: 6. Are binder threads started and available?)
03-30 13:10:35.463  1158 13843 W libbinder.ServiceManagerCppClient: Waited one second for stats (is service started? Number of threads started in the threadpool: 17. Are binder threads started and available?)
03-30 13:10:35.463  1476  2391 W libbinder.ServiceManagerCppClient: Waited one second for stats (is service started? Number of threads started in the threadpool: 32. Are binder threads started and available?)
03-30 13:10:35.463  1033  3423 W libbinder.ServiceManagerCppClient: Waited one second for stats (is service started? Number of threads started in the threadpool: 6. Are binder threads started and available?)
03-30 13:10:36.077  1476  6961 W ActivityManager: Receiver with filter android.content.IntentFilter@6bb9d20 already registered for pid 13742, callerPackage is net.moemoe.tomorrow.myAnalogClock2
03-30 13:10:36.078  1476  6961 W ActivityManager: Receiver with filter android.content.IntentFilter@e81d6d9 already registered for pid 13742, callerPackage is net.moemoe.tomorrow.myAnalogClock2
03-30 13:10:36.082  1476  5364 W ActivityManager: Foreground service started from background can not have location/camera/microphone access: service net.moemoe.tomorrow.myAnalogClock2/.ClockSystemService
03-30 13:10:36.177  1476  6961 W ActivityManager: Receiver with filter android.content.IntentFilter@9adbf7f already registered for pid 13742, callerPackage is net.moemoe.tomorrow.myAnalogClock2
03-30 13:10:36.178  1476  6961 W ActivityManager: Receiver with filter android.content.IntentFilter@a8d6b4c already registered for pid 13742, callerPackage is net.moemoe.tomorrow.myAnalogClock2
03-30 13:10:36.183  1476  5364 W ActivityManager: Foreground service started from background can not have location/camera/microphone access: service net.moemoe.tomorrow.myAnalogClock2/.ClockSystemService_Small
03-30 13:10:36.298  1476  5364 W ActivityManager: Receiver with filter android.content.IntentFilter@e734d76 already registered for pid 13742, callerPackage is net.moemoe.tomorrow.myAnalogClock2
03-30 13:10:36.300  1476  5364 W ActivityManager: Receiver with filter android.content.IntentFilter@7f61f77 already registered for pid 13742, callerPackage is net.moemoe.tomorrow.myAnalogClock2
03-30 13:10:36.305  1476  6961 W ActivityManager: Foreground service started from background can not have location/camera/microphone access: service net.moemoe.tomorrow.myAnalogClock2/.ClockSystemService_Large
03-30 13:10:36.464  1476  2391 W libbinder.ServiceManagerCppClient: Waited one second for stats (is service started? Number of threads started in the threadpool: 32. Are binder threads started and available?)
03-30 13:10:36.464  1158 13843 W libbinder.ServiceManagerCppClient: Waited one second for stats (is service started? Number of threads started in the threadpool: 17. Are binder threads started and available?)
03-30 13:10:36.464  1033  3423 W libbinder.ServiceManagerCppClient: Waited one second for stats (is service started? Number of threads started in the threadpool: 6. Are binder threads started and available?)
03-30 13:10:37.465  1158 13843 W libbinder.ServiceManagerCppClient: Waited one second for stats (is service started? Number of threads started in the threadpool: 17. Are binder threads started and available?)
03-30 13:10:37.465  1476  2391 W libbinder.ServiceManagerCppClient: Waited one second for stats (is service started? Number of threads started in the threadpool: 32. Are binder threads started and available?)
03-30 13:10:37.466  1033  3423 W libbinder.ServiceManagerCppClient: Waited one second for stats (is service started? Number of threads started in the threadpool: 6. Are binder threads started and available?)
03-30 13:10:38.420  5021  5021 W JobService: onNetworkChanged() not implemented in com.android.providers.downloads.DownloadJobService. Must override in a subclass.
03-30 13:10:38.466  1476  2391 W libbinder.ServiceManagerCppClient: Waited one second for stats (is service started? Number of threads started in the threadpool: 32. Are binder threads started and available?)
03-30 13:10:38.466  1158 13843 W libbinder.ServiceManagerCppClient: Waited one second for stats (is service started? Number of threads started in the threadpool: 17. Are binder threads started and available?)
03-30 13:10:38.466  1033  3423 W libbinder.ServiceManagerCppClient: Waited one second for stats (is service started? Number of threads started in the threadpool: 6. Are binder threads started and available?)
03-30 13:10:38.708  1476 13796 E StatsAidl: Error writing Atom ID 100131. Result: 0
03-30 13:10:38.710  1476 13796 E StatsAidl: Error writing Atom ID 100131. Result: 0
03-30 13:10:38.715 31361 31361 W AmazonKindle.ci.i: [main]: Detected invalid event action 0 during the touch where-in the activity might be still running
03-30 13:10:38.715 31361 31361 W AmazonKindle.ci.i: [main]: Detected invalid event action 0 during the touch event
03-30 13:10:38.724 31361 31361 W AmazonKindle.ci.i: [main]: Detected invalid event action 2 during the touch event
03-30 13:10:38.732 31361 31361 W AmazonKindle.ci.i: [main]: Detected invalid event action 2 during the touch event
03-30 13:10:38.740 31361 31361 W AmazonKindle.ci.i: [main]: Detected invalid event action 2 during the touch event
03-30 13:10:38.743 31361 31361 W AmazonKindle.com.amazon.kindle.krx.reader.PositionChangedEventHandler: [main]: UNKNOWN navigation direction, using NEXT
03-30 13:10:38.748 31361 31361 W AmazonKindle.ci.i: [main]: Detected invalid event action 2 during the touch event
03-30 13:10:38.758 31361 31361 W AmazonKindle.ci.i: [main]: Detected invalid event action 2 during the touch event
03-30 13:10:38.765 31361 31361 W AmazonKindle.ci.i: [main]: Detected invalid event action 2 during the touch event
03-30 13:10:38.774 31361 31361 W AmazonKindle.ci.i: [main]: Detected invalid event action 2 during the touch event
03-30 13:10:38.783 31361 31361 W AmazonKindle.ci.i: [main]: Detected invalid event action 2 during the touch event
03-30 13:10:38.791 31361 31361 W AmazonKindle.ci.i: [main]: Detected invalid event action 2 during the touch event
03-30 13:10:38.792  1476 13796 E StatsAidl: Error writing Atom ID 100130. Result: 0
03-30 13:10:38.957 31361 31590 E AmazonKindle.KindleNDKLog: [Thread-24]: [ProfilesStorage:ERROR] Couldn't find any profiles including default.
03-30 13:10:38.958 31361 31590 W KindlePubSub: No handlers found for event WaypointUpdateInternalEvent(profileId=, updatedWaypoints=[Waypoint{mBookData=BookData{mAsin=B0CSZMX2B1,mIsSample=false,mIsOwnedByCustomer=true,mContentType=EBOK,mGuid=CR!Q8W3Y3Q35X7AS6WSZMHV21FXYAJ4},mStartPosition=BookPosition{mLongPosition=142923,mShortPosition=142923},mEndPosition=BookPosition{mLongPosition=142923,mShortPosition=142923},mLastModifiedTime=Mon Mar 30 13:10:38 GMT-07:00 2026}]). This might mean it's unused or that nothing has subscribed yet
03-30 13:10:38.968 31361 31590 E AmazonKindle.KindleNDKLog: [Thread-24]: [ProfilesStorage:ERROR] Couldn't find any profiles including default.
03-30 13:10:38.968 31361 31614 W KindlePubSub: No handlers found for event com.amazon.kindle.event.AnnotationManagerEvent@81be2e5. This might mean it's unused or that nothing has subscribed yet
03-30 13:10:38.975 31361 31557 W AmazonKindle.ReaderDownload: com.amazon.kindle.services.download.DownloadContentService: [KindlePubSub-3]: Received update for book id AMZNID0/B0CSZMX2B1/0/ not in flight
03-30 13:10:38.978 31361 31746 E YJ_Core : LayoutState failed to lock the RenderDocSection
03-30 13:10:38.978 31361 31746 E YJ_Core : LayoutState failed to lock the RenderDocSection
03-30 13:10:38.979 31361 31746 E YJ_Core : LayoutState failed to lock the RenderDocSection
03-30 13:10:38.979 31361 31746 E YJ_Core : LayoutState failed to lock the RenderDocSection
03-30 13:10:38.979 31361 31746 E YJ_Core : LayoutState failed to lock the RenderDocSection
03-30 13:10:38.979 31361 31746 E YJ_Core : LayoutState failed to lock the RenderDocSection
03-30 13:10:38.980 31361 31746 E YJ_Core : LayoutState failed to lock the RenderDocSection
03-30 13:10:38.980 31361 31746 E YJ_Core : LayoutState failed to lock the RenderDocSection
03-30 13:10:38.980 31361 31746 E YJ_Core : LayoutState failed to lock the RenderDocSection
03-30 13:10:38.980 31361 31746 E YJ_Core : LayoutState failed to lock the RenderDocSection
03-30 13:10:38.980 31361 31746 E YJ_Core : LayoutState failed to lock the RenderDocSection
03-30 13:10:38.981 31361 31746 E YJ_Core : LayoutState failed to lock the RenderDocSection
03-30 13:10:38.981 31361 31746 E YJ_Core : LayoutState failed to lock the RenderDocSection
03-30 13:10:38.981 31361 31746 E YJ_Core : LayoutState failed to lock the RenderDocSection
03-30 13:10:38.981 31361 31746 E YJ_Core : LayoutState failed to lock the RenderDocSection
03-30 13:10:38.982 31361 31746 E YJ_Core : LayoutState failed to lock the RenderDocSection
03-30 13:10:38.982 31361 31746 E YJ_Core : LayoutState failed to lock the RenderDocSection
03-30 13:10:38.982 31361 31746 E YJ_Core : LayoutState failed to lock the RenderDocSection
03-30 13:10:38.982 31361 31746 E YJ_Core : LayoutState failed to lock the RenderDocSection
03-30 13:10:38.982 31361 31746 E YJ_Core : LayoutState failed to lock the RenderDocSection
03-30 13:10:38.982 31361 31746 E YJ_Core : LayoutState failed to lock the RenderDocSection
03-30 13:10:38.983 31361 31746 E YJ_Core : LayoutState failed to lock the RenderDocSection
03-30 13:10:38.983 31361 31746 E YJ_Core : LayoutState failed to lock the RenderDocSection
03-30 13:10:38.983 31361 31746 E YJ_Core : LayoutState failed to lock the RenderDocSection
03-30 13:10:38.988 31361 31746 E YJ_Core : LayoutState failed to lock the RenderDocSection
03-30 13:10:38.988 31361 31746 E YJ_Core : LayoutState failed to lock the RenderDocSection
03-30 13:10:38.989 31361 31746 E YJ_Core : LayoutState failed to lock the RenderDocSection
03-30 13:10:38.989 31361 31746 E YJ_Core : LayoutState failed to lock the RenderDocSection
03-30 13:10:38.989 31361 31746 E YJ_Core : LayoutState failed to lock the RenderDocSection
03-30 13:10:38.989 31361 31746 E YJ_Core : LayoutState failed to lock the RenderDocSection
03-30 13:10:38.989 31361 31746 E YJ_Core : LayoutState failed to lock the RenderDocSection
03-30 13:10:38.989 31361 31746 E YJ_Core : LayoutState failed to lock the RenderDocSection
03-30 13:10:38.989 31361 31746 E YJ_Core : LayoutState failed to lock the RenderDocSection
03-30 13:10:38.989 31361 31746 E YJ_Core : LayoutState failed to lock the RenderDocSection
03-30 13:10:38.989 31361 31746 E YJ_Core : LayoutState failed to lock the RenderDocSection
03-30 13:10:38.990 31361 31746 E YJ_Core : LayoutState failed to lock the RenderDocSection
03-30 13:10:38.990 31361 31746 E YJ_Core : LayoutState failed to lock the RenderDocSection
03-30 13:10:38.990 31361 31746 E YJ_Core : LayoutState failed to lock the RenderDocSection
03-30 13:10:38.990 31361 31746 E YJ_Core : LayoutState failed to lock the RenderDocSection
03-30 13:10:38.990 31361 31746 E YJ_Core : LayoutState failed to lock the RenderDocSection
03-30 13:10:38.990 31361 31746 E YJ_Core : LayoutState failed to lock the RenderDocSection
03-30 13:10:38.990 31361 31746 E YJ_Core : LayoutState failed to lock the RenderDocSection
03-30 13:10:38.990 31361 31746 E YJ_Core : LayoutState failed to lock the RenderDocSection
03-30 13:10:38.990 31361 31746 E YJ_Core : LayoutState failed to lock the RenderDocSection
03-30 13:10:38.991 31361 31746 E YJ_Core : LayoutState failed to lock the RenderDocSection
03-30 13:10:38.991 31361 31746 E YJ_Core : LayoutState failed to lock the RenderDocSection
03-30 13:10:38.991 31361 31746 E YJ_Core : LayoutState failed to lock the RenderDocSection
03-30 13:10:38.991 31361 31746 E YJ_Core : LayoutState failed to lock the RenderDocSection
03-30 13:10:39.467  1476  2391 W libbinder.ServiceManagerCppClient: Waited one second for stats (is service started? Number of threads started in the threadpool: 32. Are binder threads started and available?)
03-30 13:10:39.467  1158 13843 W libbinder.ServiceManagerCppClient: Waited one second for stats (is service started? Number of threads started in the threadpool: 17. Are binder threads started and available?)
03-30 13:10:39.467  1033  3423 W libbinder.ServiceManagerCppClient: Waited one second for stats (is service started? Number of threads started in the threadpool: 6. Are binder threads started and available?)
03-30 13:10:39.843 25722 25865 E msgr.msys: E[N mns:DGWClient]_OnDiskCacheGetData(1079)=>Start post callback cache refresh DNS resolution
03-30 13:10:39.976 25722 25865 E msgr.msys: E[N mns:DGWClient]_OnResolverSuccess(291)=>Cache refresh succeeded with system DNS resolver. IP count: 2
03-30 13:10:40.406  1476  5364 E StatsAidl: Error writing Atom ID 100131. Result: 0
03-30 13:10:40.408  1476  5364 E StatsAidl: Error writing Atom ID 100131. Result: 0
03-30 13:10:40.438  1476  5364 W WindowManager: App com.facebook.orca has a system alert window (type = 2038) with FLAG_NOT_TOUCHABLE and LayoutParams.alpha = 1.00 > 0.80, setting alpha to 0.80 to let touches pass through (if this is isn't desirable, remove flag FLAG_NOT_TOUCHABLE).
03-30 13:10:40.468  1476  2391 W libbinder.ServiceManagerCppClient: Waited one second for stats (is service started? Number of threads started in the threadpool: 32. Are binder threads started and available?)
03-30 13:10:40.468  1158 13843 W libbinder.ServiceManagerCppClient: Waited one second for stats (is service started? Number of threads started in the threadpool: 17. Are binder threads started and available?)
03-30 13:10:40.468  1033  3423 W libbinder.ServiceManagerCppClient: Waited one second for stats (is service started? Number of threads started in the threadpool: 6. Are binder threads started and available?)
03-30 13:10:40.750  1476  5364 E StatsAidl: Error writing Atom ID 100130. Result: 0
03-30 13:10:41.469  1158 13843 W libbinder.ServiceManagerCppClient: Waited one second for stats (is service started? Number of threads started in the threadpool: 17. Are binder threads started and available?)
03-30 13:10:41.469  1476  2391 W libbinder.ServiceManagerCppClient: Waited one second for stats (is service started? Number of threads started in the threadpool: 32. Are binder threads started and available?)
03-30 13:10:41.469  1033  3423 W libbinder.ServiceManagerCppClient: Waited one second for stats (is service started? Number of threads started in the threadpool: 6. Are binder threads started and available?)
03-30 13:10:41.913  1476  1703 W ProcessStats: Tracking association SourceState{59ae036 system/1000 BFgs #456753} whose proc state 4 is better than process ProcessState{e88b110 com.google.android.tts/10382 pkg=com.google.android.tts} proc state 14 (78 skipped)
03-30 13:10:42.064  1476 13796 W WindowManager: App com.facebook.orca has a system alert window (type = 2038) with FLAG_NOT_TOUCHABLE and LayoutParams.alpha = 1.00 > 0.80, setting alpha to 0.80 to let touches pass through (if this is isn't desirable, remove flag FLAG_NOT_TOUCHABLE).
03-30 13:10:42.082  1476 13796 W ActivityManager: Receiver with filter android.content.IntentFilter@ed68499 already registered for pid 13742, callerPackage is net.moemoe.tomorrow.myAnalogClock2
03-30 13:10:42.083  1476  5364 W ActivityManager: Receiver with filter android.content.IntentFilter@513435e already registered for pid 13742, callerPackage is net.moemoe.tomorrow.myAnalogClock2
03-30 13:10:42.086  1476 13796 W ActivityManager: Foreground service started from background can not have location/camera/microphone access: service net.moemoe.tomorrow.myAnalogClock2/.ClockSystemService
03-30 13:10:42.185  1476  5364 W ActivityManager: Receiver with filter android.content.IntentFilter@cc5440c already registered for pid 13742, callerPackage is net.moemoe.tomorrow.myAnalogClock2
03-30 13:10:42.185  1476  5364 W ActivityManager: Receiver with filter android.content.IntentFilter@801d155 already registered for pid 13742, callerPackage is net.moemoe.tomorrow.myAnalogClock2
03-30 13:10:42.190  1476  5364 W ActivityManager: Foreground service started from background can not have location/camera/microphone access: service net.moemoe.tomorrow.myAnalogClock2/.ClockSystemService_Small
03-30 13:10:42.309  1476  5364 W ActivityManager: Receiver with filter android.content.IntentFilter@e139b37 already registered for pid 13742, callerPackage is net.moemoe.tomorrow.myAnalogClock2
03-30 13:10:42.310  1476  5364 W ActivityManager: Receiver with filter android.content.IntentFilter@b2e08a4 already registered for pid 13742, callerPackage is net.moemoe.tomorrow.myAnalogClock2
03-30 13:10:42.316  1476  5364 W ActivityManager: Foreground service started from background can not have location/camera/microphone access: service net.moemoe.tomorrow.myAnalogClock2/.ClockSystemService_Large
03-30 13:10:42.470  1476  2391 W libbinder.ServiceManagerCppClient: Waited one second for stats (is service started? Number of threads started in the threadpool: 32. Are binder threads started and available?)
03-30 13:10:42.470  1158 13843 W libbinder.ServiceManagerCppClient: Waited one second for stats (is service started? Number of threads started in the threadpool: 17. Are binder threads started and available?)
03-30 13:10:42.470  1033  3423 W libbinder.ServiceManagerCppClient: Waited one second for stats (is service started? Number of threads started in the threadpool: 6. Are binder threads started and available?)
03-30 13:10:42.809  5021  5021 W JobService: onNetworkChanged() not implemented in com.android.providers.downloads.DownloadJobService. Must override in a subclass.
03-30 13:10:42.809  5021  5021 W JobService: onNetworkChanged() not implemented in com.android.providers.downloads.DownloadJobService. Must override in a subclass.
03-30 13:10:43.471  1476  2391 W libbinder.ServiceManagerCppClient: Waited one second for stats (is service started? Number of threads started in the threadpool: 32. Are binder threads started and available?)
03-30 13:10:43.471  1158 13843 W libbinder.ServiceManagerCppClient: Waited one second for stats (is service started? Number of threads started in the threadpool: 17. Are binder threads started and available?)
03-30 13:10:43.471  1033  3423 W libbinder.ServiceManagerCppClient: Waited one second for stats (is service started? Number of threads started in the threadpool: 6. Are binder threads started and available?)
03-30 13:10:44.472  1476  2391 W libbinder.ServiceManagerCppClient: Waited one second for stats (is service started? Number of threads started in the threadpool: 32. Are binder threads started and available?)
03-30 13:10:44.472  1158 13843 W libbinder.ServiceManagerCppClient: Waited one second for stats (is service started? Number of threads started in the threadpool: 17. Are binder threads started and available?)
03-30 13:10:44.472  1033  3423 W libbinder.ServiceManagerCppClient: Waited one second for stats (is service started? Number of threads started in the threadpool: 6. Are binder threads started and available?)
03-30 13:10:45.473  1476  2391 W libbinder.ServiceManagerCppClient: Waited one second for stats (is service started? Number of threads started in the threadpool: 32. Are binder threads started and available?)
03-30 13:10:45.473  1158 13843 W libbinder.ServiceManagerCppClient: Waited one second for stats (is service started? Number of threads started in the threadpool: 17. Are binder threads started and available?)
03-30 13:10:45.473  1033  3423 W libbinder.ServiceManagerCppClient: Waited one second for stats (is service started? Number of threads started in the threadpool: 6. Are binder threads started and available?)
03-30 13:10:46.435 19774 23141 W SkypeTeamsApplication: ProcessId: 19774, Thread: Pool-BoltsBackground-Thread-106, Experiment to flush logs on low memory is true
03-30 13:10:46.438 19774 23140 W SkypeTeamsApplication: ProcessId: 19774, Thread: Pool-BoltsBackground-Thread-105, Experiment to flush logs on low memory is true
03-30 13:10:46.474  1476  2391 W libbinder.ServiceManagerCppClient: Waited one second for stats (is service started? Number of threads started in the threadpool: 32. Are binder threads started and available?)
03-30 13:10:46.474  1033  3423 W libbinder.ServiceManagerCppClient: Waited one second for stats (is service started? Number of threads started in the threadpool: 6. Are binder threads started and available?)
03-30 13:10:46.474  1158 13843 W libbinder.ServiceManagerCppClient: Waited one second for stats (is service started? Number of threads started in the threadpool: 17. Are binder threads started and available?)
03-30 13:10:47.474  1476  2391 W libbinder.ServiceManagerCppClient: Waited one second for stats (is service started? Number of threads started in the threadpool: 32. Are binder threads started and available?)
03-30 13:10:47.475  1158 13843 W libbinder.ServiceManagerCppClient: Waited one second for stats (is service started? Number of threads started in the threadpool: 17. Are binder threads started and available?)
03-30 13:10:47.475  1033  3423 W libbinder.ServiceManagerCppClient: Waited one second for stats (is service started? Number of threads started in the threadpool: 6. Are binder threads started and available?)
03-30 13:10:48.089  1476 13796 W ActivityManager: Receiver with filter android.content.IntentFilter@77906ff already registered for pid 13742, callerPackage is net.moemoe.tomorrow.myAnalogClock2
03-30 13:10:48.090  1476 13796 W ActivityManager: Receiver with filter android.content.IntentFilter@6e3dccc already registered for pid 13742, callerPackage is net.moemoe.tomorrow.myAnalogClock2
03-30 13:10:48.094  1476  4876 W ActivityManager: Foreground service started from background can not have location/camera/microphone access: service net.moemoe.tomorrow.myAnalogClock2/.ClockSystemService
03-30 13:10:48.189  1476  4876 W ActivityManager: Receiver with filter android.content.IntentFilter@b3c5e2a already registered for pid 13742, callerPackage is net.moemoe.tomorrow.myAnalogClock2
03-30 13:10:48.189  1476  4876 W ActivityManager: Receiver with filter android.content.IntentFilter@be1141b already registered for pid 13742, callerPackage is net.moemoe.tomorrow.myAnalogClock2
03-30 13:10:48.192  1476 13796 W ActivityManager: Foreground service started from background can not have location/camera/microphone access: service net.moemoe.tomorrow.myAnalogClock2/.ClockSystemService_Small
03-30 13:10:48.322  1476  5364 W ActivityManager: Receiver with filter android.content.IntentFilter@614d7cd already registered for pid 13742, callerPackage is net.moemoe.tomorrow.myAnalogClock2
03-30 13:10:48.323  1476  5364 W ActivityManager: Receiver with filter android.content.IntentFilter@62e8882 already registered for pid 13742, callerPackage is net.moemoe.tomorrow.myAnalogClock2
03-30 13:10:48.329  1476 13796 W ActivityManager: Foreground service started from background can not have location/camera/microphone access: service net.moemoe.tomorrow.myAnalogClock2/.ClockSystemService_Large
03-30 13:10:48.475  1158 13843 W libbinder.ServiceManagerCppClient: Waited one second for stats (is service started? Number of threads started in the threadpool: 17. Are binder threads started and available?)
03-30 13:10:48.476  1476  2391 W libbinder.ServiceManagerCppClient: Waited one second for stats (is service started? Number of threads started in the threadpool: 32. Are binder threads started and available?)
03-30 13:10:48.476  1033  3423 W libbinder.ServiceManagerCppClient: Waited one second for stats (is service started? Number of threads started in the threadpool: 6. Are binder threads started and available?)
03-30 13:10:49.477  1158 13843 W libbinder.ServiceManagerCppClient: Waited one second for stats (is service started? Number of threads started in the threadpool: 17. Are binder threads started and available?)
03-30 13:10:49.477  1476  2391 W libbinder.ServiceManagerCppClient: Waited one second for stats (is service started? Number of threads started in the threadpool: 32. Are binder threads started and available?)
03-30 13:10:49.477  1033  3423 W libbinder.ServiceManagerCppClient: Waited one second for stats (is service started? Number of threads started in the threadpool: 6. Are binder threads started and available?)
03-30 13:10:50.477  1158 13843 W libbinder.ServiceManagerCppClient: Waited one second for stats (is service started? Number of threads started in the threadpool: 17. Are binder threads started and available?)
03-30 13:10:50.477  1476  2391 W libbinder.ServiceManagerCppClient: Waited one second for stats (is service started? Number of threads started in the threadpool: 32. Are binder threads started and available?)
03-30 13:10:50.478  1033  3423 W libbinder.ServiceManagerCppClient: Waited one second for stats (is service started? Number of threads started in the threadpool: 6. Are binder threads started and available?)
03-30 13:10:51.478  1158 13843 W libbinder.ServiceManagerCppClient: Waited one second for stats (is service started? Number of threads started in the threadpool: 17. Are binder threads started and available?)
03-30 13:10:51.478  1033  3423 W libbinder.ServiceManagerCppClient: Waited one second for stats (is service started? Number of threads started in the threadpool: 6. Are binder threads started and available?)
03-30 13:10:51.478  1476  2391 W libbinder.ServiceManagerCppClient: Waited one second for stats (is service started? Number of threads started in the threadpool: 32. Are binder threads started and available?)
03-30 13:10:51.733  5021  5021 W JobService: onNetworkChanged() not implemented in com.android.providers.downloads.DownloadJobService. Must override in a subclass.
03-30 13:10:51.733  5021  5021 W JobService: onNetworkChanged() not implemented in com.android.providers.downloads.DownloadJobService. Must override in a subclass.
03-30 13:10:52.479  1158 13843 W libbinder.ServiceManagerCppClient: Waited one second for stats (is service started? Number of threads started in the threadpool: 17. Are binder threads started and available?)
03-30 13:10:52.479  1033  3423 W libbinder.ServiceManagerCppClient: Waited one second for stats (is service started? Number of threads started in the threadpool: 6. Are binder threads started and available?)
03-30 13:10:52.480  1476  2391 W libbinder.ServiceManagerCppClient: Waited one second for stats (is service started? Number of threads started in the threadpool: 32. Are binder threads started and available?)
03-30 13:10:53.481  1033  3423 W libbinder.ServiceManagerCppClient: Waited one second for stats (is service started? Number of threads started in the threadpool: 6. Are binder threads started and available?)
03-30 13:10:53.481  1476  2391 W libbinder.ServiceManagerCppClient: Waited one second for stats (is service started? Number of threads started in the threadpool: 32. Are binder threads started and available?)
03-30 13:10:53.481  1158 13843 W libbinder.ServiceManagerCppClient: Waited one second for stats (is service started? Number of threads started in the threadpool: 17. Are binder threads started and available?)
03-30 13:10:54.097  1476  4876 W ActivityManager: Receiver with filter android.content.IntentFilter@da9358c already registered for pid 13742, callerPackage is net.moemoe.tomorrow.myAnalogClock2
03-30 13:10:54.098  1476  4876 W ActivityManager: Receiver with filter android.content.IntentFilter@5a4a4d5 already registered for pid 13742, callerPackage is net.moemoe.tomorrow.myAnalogClock2
03-30 13:10:54.102  1476  5537 W ActivityManager: Foreground service started from background can not have location/camera/microphone access: service net.moemoe.tomorrow.myAnalogClock2/.ClockSystemService
03-30 13:10:54.196  1476  4876 W ActivityManager: Receiver with filter android.content.IntentFilter@855d3db already registered for pid 13742, callerPackage is net.moemoe.tomorrow.myAnalogClock2
03-30 13:10:54.197  1476  4876 W ActivityManager: Receiver with filter android.content.IntentFilter@536c5b6 already registered for pid 13742, callerPackage is net.moemoe.tomorrow.myAnalogClock2
03-30 13:10:54.202  1476 13796 W ActivityManager: Foreground service started from background can not have location/camera/microphone access: service net.moemoe.tomorrow.myAnalogClock2/.ClockSystemService_Small
03-30 13:10:54.333  1476 13796 W ActivityManager: Receiver with filter android.content.IntentFilter@1618742 already registered for pid 13742, callerPackage is net.moemoe.tomorrow.myAnalogClock2
03-30 13:10:54.335  1476 13796 W ActivityManager: Receiver with filter android.content.IntentFilter@cc8e353 already registered for pid 13742, callerPackage is net.moemoe.tomorrow.myAnalogClock2
03-30 13:10:54.341  1476 13796 W ActivityManager: Foreground service started from background can not have location/camera/microphone access: service net.moemoe.tomorrow.myAnalogClock2/.ClockSystemService_Large
03-30 13:10:54.482  1476  2391 W libbinder.ServiceManagerCppClient: Waited one second for stats (is service started? Number of threads started in the threadpool: 32. Are binder threads started and available?)
03-30 13:10:54.482  1033  3423 W libbinder.ServiceManagerCppClient: Waited one second for stats (is service started? Number of threads started in the threadpool: 6. Are binder threads started and available?)
03-30 13:10:54.482  1158 13843 W libbinder.ServiceManagerCppClient: Waited one second for stats (is service started? Number of threads started in the threadpool: 17. Are binder threads started and available?)
03-30 13:10:55.483  1476  2391 W libbinder.ServiceManagerCppClient: Waited one second for stats (is service started? Number of threads started in the threadpool: 32. Are binder threads started and available?)
03-30 13:10:55.483  1033  3423 W libbinder.ServiceManagerCppClient: Waited one second for stats (is service started? Number of threads started in the threadpool: 6. Are binder threads started and available?)
03-30 13:10:55.483  1158 13843 W libbinder.ServiceManagerCppClient: Waited one second for stats (is service started? Number of threads started in the threadpool: 17. Are binder threads started and available?)
03-30 13:10:55.523  5021  5021 W JobService: onNetworkChanged() not implemented in com.android.providers.downloads.DownloadJobService. Must override in a subclass.
03-30 13:10:56.484  1476  2391 W libbinder.ServiceManagerCppClient: Waited one second for stats (is service started? Number of threads started in the threadpool: 32. Are binder threads started and available?)
03-30 13:10:56.484  1033  3423 W libbinder.ServiceManagerCppClient: Waited one second for stats (is service started? Number of threads started in the threadpool: 6. Are binder threads started and available?)
03-30 13:10:56.484  1158 13843 W libbinder.ServiceManagerCppClient: Waited one second for stats (is service started? Number of threads started in the threadpool: 17. Are binder threads started and available?)
03-30 13:10:57.485  1476  2391 W libbinder.ServiceManagerCppClient: Waited one second for stats (is service started? Number of threads started in the threadpool: 32. Are binder threads started and available?)
03-30 13:10:57.485  1033  3423 W libbinder.ServiceManagerCppClient: Waited one second for stats (is service started? Number of threads started in the threadpool: 6. Are binder threads started and available?)
03-30 13:10:57.485  1158 13843 W libbinder.ServiceManagerCppClient: Waited one second for stats (is service started? Number of threads started in the threadpool: 17. Are binder threads started and available?)
03-30 13:10:57.914  1476  1703 W ProcessStats: Tracking association SourceState{59ae036 system/1000 BFgs #456833} whose proc state 4 is better than process ProcessState{e88b110 com.google.android.tts/10382 pkg=com.google.android.tts} proc state 14 (25 skipped)
03-30 13:10:58.486  1476  2391 W libbinder.ServiceManagerCppClient: Waited one second for stats (is service started? Number of threads started in the threadpool: 32. Are binder threads started and available?)
03-30 13:10:58.486  1033  3423 W libbinder.ServiceManagerCppClient: Waited one second for stats (is service started? Number of threads started in the threadpool: 6. Are binder threads started and available?)
03-30 13:10:58.487  1158 13843 W libbinder.ServiceManagerCppClient: Waited one second for stats (is service started? Number of threads started in the threadpool: 17. Are binder threads started and available?)
03-30 13:10:59.487  1476  2391 W libbinder.ServiceManagerCppClient: Waited one second for stats (is service started? Number of threads started in the threadpool: 32. Are binder threads started and available?)
03-30 13:10:59.487  1033  3423 W libbinder.ServiceManagerCppClient: Waited one second for stats (is service started? Number of threads started in the threadpool: 6. Are binder threads started and available?)
03-30 13:10:59.487  1158 13843 W libbinder.ServiceManagerCppClient: Waited one second for stats (is service started? Number of threads started in the threadpool: 17. Are binder threads started and available?)
03-30 13:11:00.020 31361 31746 E YJ_Core : LayoutState failed to lock the RenderDocSection
03-30 13:11:00.020 31361 31746 E YJ_Core : LayoutState failed to lock the RenderDocSection
03-30 13:11:00.021 31361 31746 E YJ_Core : LayoutState failed to lock the RenderDocSection
03-30 13:11:00.021 31361 31746 E YJ_Core : LayoutState failed to lock the RenderDocSection
03-30 13:11:00.021 31361 31746 E YJ_Core : LayoutState failed to lock the RenderDocSection
03-30 13:11:00.021 31361 31746 E YJ_Core : LayoutState failed to lock the RenderDocSection
03-30 13:11:00.022 31361 31746 E YJ_Core : LayoutState failed to lock the RenderDocSection
03-30 13:11:00.022 31361 31746 E YJ_Core : LayoutState failed to lock the RenderDocSection
03-30 13:11:00.022 31361 31746 E YJ_Core : LayoutState failed to lock the RenderDocSection
03-30 13:11:00.022 31361 31746 E YJ_Core : LayoutState failed to lock the RenderDocSection
03-30 13:11:00.022 31361 31746 E YJ_Core : LayoutState failed to lock the RenderDocSection
03-30 13:11:00.022 31361 31746 E YJ_Core : LayoutState failed to lock the RenderDocSection
03-30 13:11:00.023 31361 31746 E YJ_Core : LayoutState failed to lock the RenderDocSection
03-30 13:11:00.023 31361 31746 E YJ_Core : LayoutState failed to lock the RenderDocSection
03-30 13:11:00.023 31361 31746 E YJ_Core : LayoutState failed to lock the RenderDocSection
03-30 13:11:00.023 31361 31746 E YJ_Core : LayoutState failed to lock the RenderDocSection
03-30 13:11:00.023 31361 31746 E YJ_Core : LayoutState failed to lock the RenderDocSection
03-30 13:11:00.023 31361 31746 E YJ_Core : LayoutState failed to lock the RenderDocSection
03-30 13:11:00.024 31361 31746 E YJ_Core : LayoutState failed to lock the RenderDocSection
03-30 13:11:00.024 31361 31746 E YJ_Core : LayoutState failed to lock the RenderDocSection
03-30 13:11:00.024 31361 31746 E YJ_Core : LayoutState failed to lock the RenderDocSection
03-30 13:11:00.024 31361 31746 E YJ_Core : LayoutState failed to lock the RenderDocSection
03-30 13:11:00.024 31361 31746 E YJ_Core : LayoutState failed to lock the RenderDocSection
03-30 13:11:00.024 31361 31746 E YJ_Core : LayoutState failed to lock the RenderDocSection
03-30 13:11:00.102  1476  4689 W ActivityManager: Receiver with filter android.content.IntentFilter@14f9f11 already registered for pid 13742, callerPackage is net.moemoe.tomorrow.myAnalogClock2
03-30 13:11:00.103  1476  4689 W ActivityManager: Receiver with filter android.content.IntentFilter@9841876 already registered for pid 13742, callerPackage is net.moemoe.tomorrow.myAnalogClock2
03-30 13:11:00.107  1476  4876 W ActivityManager: Foreground service started from background can not have location/camera/microphone access: service net.moemoe.tomorrow.myAnalogClock2/.ClockSystemService
03-30 13:11:00.202  1476  4876 W ActivityManager: Receiver with filter android.content.IntentFilter@f530150 already registered for pid 13742, callerPackage is net.moemoe.tomorrow.myAnalogClock2
03-30 13:11:00.203  1476  4689 W ActivityManager: Receiver with filter android.content.IntentFilter@49e1f49 already registered for pid 13742, callerPackage is net.moemoe.tomorrow.myAnalogClock2
03-30 13:11:00.206  1476  4689 W ActivityManager: Foreground service started from background can not have location/camera/microphone access: service net.moemoe.tomorrow.myAnalogClock2/.ClockSystemService_Small
03-30 13:11:00.339  1476  5364 W ActivityManager: Receiver with filter android.content.IntentFilter@5bad56f already registered for pid 13742, callerPackage is net.moemoe.tomorrow.myAnalogClock2
03-30 13:11:00.340  1476  5364 W ActivityManager: Receiver with filter android.content.IntentFilter@6ee27c already registered for pid 13742, callerPackage is net.moemoe.tomorrow.myAnalogClock2
03-30 13:11:00.342  1476  4689 W ActivityManager: Foreground service started from background can not have location/camera/microphone access: service net.moemoe.tomorrow.myAnalogClock2/.ClockSystemService_Large
03-30 13:11:00.488  1476  2391 W libbinder.ServiceManagerCppClient: Waited one second for stats (is service started? Number of threads started in the threadpool: 32. Are binder threads started and available?)
