03-30 13:56:22.320     0     0 W modprobe: LoadWithAliases was unable to load pwm_exynos, tried: pwm_exynos
03-30 13:56:22.320     0     0 W         : module rt4539_bl is blocklisted
03-30 13:56:22.320     0     0 W modprobe: LoadWithAliases was unable to load rt4539_bl, tried: rt4539_bl
03-30 13:56:22.320     0     0 W         : module aoc_unit_test_dev is blocklisted
03-30 13:56:22.320     0     0 W modprobe: LoadWithAliases was unable to load aoc_unit_test_dev, tried: aoc_unit_test_dev
03-30 13:56:22.320     0     0 W         : module mali_kutf is blocklisted
03-30 13:56:22.320     0     0 W modprobe: LoadWithAliases was unable to load mali_kutf, tried: mali_kutf
03-30 13:56:22.320     0     0 W         : module mali_kutf_clk_rate_trace_test_portal is blocklisted
03-30 13:56:22.320     0     0 W modprobe: LoadWithAliases was unable to load mali_kutf_clk_rate_trace_test_portal, tried: mali_kutf_clk_rate_trace_test_portal
03-30 13:56:22.320     0     0 W         : module sscoredump_test is blocklisted
03-30 13:56:22.320     0     0 W modprobe: LoadWithAliases was unable to load sscoredump_test, tried: sscoredump_test
03-30 13:56:22.320     0     0 W         : module sscoredump_sample_test is blocklisted
03-30 13:56:22.320     0     0 W modprobe: LoadWithAliases was unable to load sscoredump_sample_test, tried: sscoredump_sample_test
03-30 13:56:22.320     0     0 W         : module cs40l26_i2c is blocklisted
03-30 13:56:22.320     0     0 W modprobe: LoadWithAliases was unable to load cs40l26_i2c, tried: cs40l26_i2c
03-30 13:56:22.320     0     0 W         : module gs_panel_common_test is blocklisted
03-30 13:56:22.320     0     0 W modprobe: LoadWithAliases was unable to load gs_panel_common_test, tried: gs_panel_common_test
03-30 13:56:22.320     0     0 W         : module panel_gs_tk4c_test is blocklisted
03-30 13:56:22.320     0     0 W modprobe: LoadWithAliases was unable to load panel_gs_tk4c_test, tried: panel_gs_tk4c_test
03-30 13:56:22.320     0     0 W         : module sec_touch is blocklisted
03-30 13:56:22.320     0     0 W modprobe: LoadWithAliases was unable to load sec_touch, tried: sec_touch
03-30 13:56:22.320     0     0 W         : module syna_touch is blocklisted
03-30 13:56:22.320     0     0 W modprobe: LoadWithAliases was unable to load syna_touch, tried: syna_touch
03-30 13:56:22.321     0     0 W         : module bcmdhd4390 is blocklisted
03-30 13:56:22.321     0     0 W modprobe: LoadWithAliases was unable to load bcmdhd4390, tried: bcmdhd4390
03-30 13:56:22.424     0     0 E init    : Unable to set property 'ro.crypto.state' from uid:0 gid:0 pid:1: Read-only property was already set
03-30 13:56:22.427     0     0 E init    : Control message: Could not find 'aidl/android.system.keystore2.IKeystoreService/default' for ctl.interface_start from pid: 395 (/system/bin/servicemanager)
03-30 13:56:22.577     0     0 E init    : Unable to set property 'ro.boottime.init.mount_all.early' from uid:0 gid:0 pid:1: Read-only property was already set
03-30 13:56:22.582     0     0 E init    : Control message: Could not find 'aidl/android.frameworks.stats.IStats/default' for ctl.interface_start from pid: 395 (/system/bin/servicemanager)
03-30 13:56:22.584     0     0 W init    : Activation of cgroup controller +memory failed in path /sys/fs/cgroup/system/uid_0: Invalid argument
03-30 13:56:22.586     0     0 E init    : Control message: Could not find 'aidl/SurfaceFlingerAIDL' for ctl.interface_start from pid: 395 (/system/bin/servicemanager)
03-30 13:56:22.587     0     0 W init    : Activation of cgroup controller +memory failed in path /sys/fs/cgroup/system/uid_1000: Invalid argument
03-30 13:56:22.597     0     0 W [drm] exynos_crtc_atomic_check: plane-less update is detected, mask=0x00000000
03-30 13:56:22.619     0     0 W init    : Activation of cgroup controller +memory failed in path /sys/fs/cgroup/system/uid_0: Invalid argument
03-30 13:56:22.626     0     0 E cutils-trace: Error opening trace file: No such file or directory (2)
03-30 13:56:22.627     0     0 W libbinder.BackendUnifiedServiceManager: Thread Pool max thread count is 0. Cannot cache binder as linkToDeath cannot be implemented. serviceName: vold
03-30 13:56:22.648     0     0 W init    : Activation of cgroup controller +memory failed in path /sys/fs/cgroup/system/uid_1058: Invalid argument
03-30 13:56:22.652     0     0 W init    : Activation of cgroup controller +memory failed in path /sys/fs/cgroup/system/uid_1000: Invalid argument
03-30 13:56:22.670     0     0 W legacy property(histogram_roi): ignored
03-30 13:56:22.670     0     0 W legacy property(histogram_weights): ignored
03-30 13:56:22.670     0     0 W legacy property(histogram_threshold): ignored
03-30 13:56:22.670     0     0 W legacy property(histogram_pos): ignored
03-30 13:56:22.705     0     0 W init    : Activation of cgroup controller +memory failed in path /sys/fs/cgroup/system/uid_1036: Invalid argument
03-30 13:56:22.709     0     0 W init    : Activation of cgroup controller +memory failed in path /sys/fs/cgroup/system/uid_0: Invalid argument
03-30 13:56:22.712     0     0 E logd    : FrameworkListener: read() failed (Connection reset by peer)
03-30 13:56:22.721     0     0 W init    : Activation of cgroup controller +memory failed in path /sys/fs/cgroup/system/uid_1081: Invalid argument
03-30 13:56:22.740     0     0 E cutils-trace: Error opening trace file: No such file or directory (2)
03-30 13:56:22.740     0     0 W libbinder.BackendUnifiedServiceManager: Thread Pool max thread count is 0. Cannot cache binder as linkToDeath cannot be implemented. serviceName: vold
03-30 13:56:22.741     0     0 W apexd   : /product/apex does not exist. Skipping
03-30 13:56:22.741     0     0 W apexd   : /odm/apex does not exist. Skipping
03-30 13:56:22.751     0     0 W init    : Activation of cgroup controller +memory failed in path /sys/fs/cgroup/system/uid_1023: Invalid argument
03-30 13:56:22.976     0     0 W init    : Activation of cgroup controller +memory failed in path /sys/fs/cgroup/system/uid_1000: Invalid argument
03-30 13:56:22.980     0     0 W init    : Activation of cgroup controller +memory failed in path /sys/fs/cgroup/system/uid_1000: Invalid argument
03-30 13:56:23.061     0     0 W init    : Activation of cgroup controller +memory failed in path /sys/fs/cgroup/system/uid_1000: Invalid argument
03-30 13:56:23.065     0     0 W init    : Activation of cgroup controller +memory failed in path /sys/fs/cgroup/system/uid_9999: Invalid argument
03-30 13:56:23.088     0     0 E init    : Control message: Could not find 'aidl/android.frameworks.stats.IStats/default' for ctl.interface_start from pid: 395 (/system/bin/servicemanager)
03-30 13:56:23.097     0     0 W init    : Activation of cgroup controller +memory failed in path /sys/fs/cgroup/system/uid_0: Invalid argument
03-30 13:56:23.107     0     0 E cutils-trace: Error opening trace file: No such file or directory (2)
03-30 13:56:23.107     0     0 W libbinder.BackendUnifiedServiceManager: Thread Pool max thread count is 0. Cannot cache binder as linkToDeath cannot be implemented. serviceName: vold
03-30 13:56:23.184     0     0 W init    : Activation of cgroup controller +memory failed in path /sys/fs/cgroup/system/uid_1000: Invalid argument
03-30 13:56:23.239     0     0 W init    : Activation of cgroup controller +memory failed in path /sys/fs/cgroup/system/uid_0: Invalid argument
03-30 13:56:23.255     0     0 W init    : Activation of cgroup controller +memory failed in path /sys/fs/cgroup/system/uid_0: Invalid argument
03-30 13:56:23.488     0     0 W init    : Activation of cgroup controller +memory failed in path /sys/fs/cgroup/system/uid_0: Invalid argument
03-30 13:56:23.493     0     0 E libprocessgroup: Failed to write 1 to /sys/fs/cgroup/system/uid_0/pid_791/cgroup.kill: No such file or directory
03-30 13:56:23.493     0     0 E libprocessgroup: Failed to open /sys/fs/cgroup/system/uid_0/pid_791/cgroup.procs: No such file or directory
03-30 13:56:23.510     0     0 E cutils-trace: Error opening trace file: No such file or directory (2)
03-30 13:56:23.511     0     0 W libbinder.BackendUnifiedServiceManager: Thread Pool max thread count is 0. Cannot cache binder as linkToDeath cannot be implemented. serviceName: vold
03-30 13:56:23.516     0     0 W init    : [libfstab] Warning: device does not exist : /dev/block/by-name/zoned_device
03-30 13:56:23.519     0     0 W init    : Activation of cgroup controller +memory failed in path /sys/fs/cgroup/system/uid_0: Invalid argument
03-30 13:56:23.906     0     0 E [I][860:860][zn-daemon64]: Zygisk Next Daemon 1.3.3-731-1193e46-release
03-30 13:56:23.906     0     0 E [I][860:860][zn-daemon64]: Kernel: 6.1.145-android14 aarch64
03-30 13:56:23.934     0     0 W KernelSU: Already root, don't escape!
03-30 13:56:23.973     0     0 E [I][860:860][zn-daemon64]: ** write prop
03-30 13:56:23.990     0     0 E [I][860:860][zn-daemon64]: ** preparing payload ...
03-30 13:56:23.990     0     0 E [I][860:860][zn-daemon64]: ** payload prepared
03-30 13:56:23.990     0     0 E [I][860:860][zn-daemon64]: ** attaching init ...
03-30 13:56:23.991     0     0 E [I][860:860][zn-daemon64]: ** init attached
03-30 13:56:23.991     0     0 E [I][860:860][zn-daemon64]: ** loading payload ...
03-30 13:56:23.992     0     0 E [I][860:860][zn-daemon64]: libpayload base: 7fa3dc0000
03-30 13:56:23.992     0     0 E [I][860:860][zn-daemon64]: ** payload loaded
03-30 13:56:23.992     0     0 E [I][860:860][zn-daemon64]: ** setting up payload ...
03-30 13:56:23.992     0     0 E [I][860:860][zn-daemon64]: ** payload has been setup
03-30 13:56:23.992     0     0 E [I][860:860][zn-daemon64]: ** inline hook prepare ...
03-30 13:56:23.994     0     0 E [I][860:860][zn-daemon64]: ** hooking execve
03-30 13:56:23.994     0     0 E [I][860:860][zn-daemon64]: *** prepare trampoline
03-30 13:56:23.997     0     0 E [I][860:860][zn-daemon64]: ** inline hook commit
03-30 13:56:23.997     0     0 E [I][860:860][zn-daemon64]: execve hook installed
03-30 13:56:23.997     0     0 E [I][860:860][zn-daemon64]: ** hooking wait4
03-30 13:56:23.997     0     0 E [I][860:860][zn-daemon64]: *** prepare trampoline
03-30 13:56:24.000     0     0 E [I][860:860][zn-daemon64]: ** inline hook commit
03-30 13:56:24.000     0     0 E [I][860:860][zn-daemon64]: wait4 hook installed
03-30 13:56:24.000     0     0 E [I][860:860][zn-daemon64]: inject success!
03-30 13:56:24.000     0     0 E [I][860:860][zn-daemon64]: ** do cleanup
03-30 13:56:24.000     0     0 E [I][860:860][zn-daemon64]: ** do restore
03-30 13:56:24.000     0     0 E [I][860:860][zn-daemon64]: loading 64bit zygisk modules
03-30 13:56:24.000     0     0 E [I][860:860][zn-daemon64]: loaded 64bit zygisk module zygisk_lsposed
03-30 13:56:24.001     0     0 E [I][860:860][zn-daemon64]: loaded 1 64bit zygisk module(s)
03-30 13:56:24.001     0     0 E [I][860:860][zn-daemon64]: loading zn modules
03-30 13:56:24.001     0     0 E [I][860:860][zn-daemon64]: loaded 0 zn modules
03-30 13:56:24.002     0     0 E [I][867:867][zn-daemon64]: ** daemon launched
03-30 13:56:24.002     0     0 E [I][867:867][zn-daemon64]: ** stop klog
03-30 13:56:24.070     0     0 W EXT4-fs (loop49): warning: mounting unchecked fs, running e2fsck is recommended
03-30 13:56:24.102     0     0 E init    : Control message: Could not find 'aidl/android.frameworks.stats.IStats/default' for ctl.interface_start from pid: 395 (/system/bin/servicemanager)
03-30 13:56:24.157     0     0 W init    : Top-level directory needs encryption action, eg mkdir /data/vendor <mode> <uid> <gid> encryption=Require
03-30 13:56:24.179     0     0 W init    : Activation of cgroup controller +memory failed in path /sys/fs/cgroup/system/uid_1000: Invalid argument
03-30 13:56:24.190     0     0 W init    : Activation of cgroup controller +memory failed in path /sys/fs/cgroup/system/uid_0: Invalid argument
03-30 13:56:24.483     0     0 W UprobeStatsBpfLoad: BPF_PROG_LOAD call for /apex/com.android.uprobestats/etc/bpf/uprobestats/BitmapAllocation.o (uprobe_bitmap_constructor_heap) returned fd: -1 (Invalid argument)
03-30 13:56:24.483     0     0 W UprobeStatsBpfLoad: BPF_PROG_LOAD - BEGIN log_buf contents:
03-30 13:56:24.483     0     0 W UprobeStatsBpfLoad:  
03-30 13:56:24.483     0     0 W UprobeStatsBpfLoad: BPF_PROG_LOAD - END log_buf contents.
03-30 13:56:24.483     0     0 E UprobeStatsBpfLoad: non-optional program failed to load.
03-30 13:56:24.483     0     0 E UprobeStatsBpfLoad: Failed to load programs, loadCodeSections ret=-1
03-30 13:56:24.483     0     0 E UprobeStatsBpfLoad: Failed to load object: /apex/com.android.uprobestats/etc/bpf/uprobestats/BitmapAllocation.o, ret: Operation not permitted
03-30 13:56:24.484     0     0 W UprobeStatsBpfLoad: BPF_PROG_LOAD call for /apex/com.android.uprobestats/etc/bpf/uprobestats/Binder.o (uprobe_exec_transact_internal) returned fd: -1 (Invalid argument)
03-30 13:56:24.484     0     0 W UprobeStatsBpfLoad: BPF_PROG_LOAD - BEGIN log_buf contents:
03-30 13:56:24.484     0     0 W UprobeStatsBpfLoad:  
03-30 13:56:24.484     0     0 W UprobeStatsBpfLoad: BPF_PROG_LOAD - END log_buf contents.
03-30 13:56:24.484     0     0 E UprobeStatsBpfLoad: non-optional program failed to load.
03-30 13:56:24.484     0     0 E UprobeStatsBpfLoad: Failed to load programs, loadCodeSections ret=-1
03-30 13:56:24.484     0     0 E UprobeStatsBpfLoad: Failed to load object: /apex/com.android.uprobestats/etc/bpf/uprobestats/Binder.o, ret: Operation not permitted
03-30 13:56:24.487     0     0 W UprobeStatsBpfLoad: BPF_PROG_LOAD call for /apex/com.android.uprobestats/etc/bpf/uprobestats/GenericInstrumentation.o (uprobe_call_detail) returned fd: -1 (Invalid argument)
03-30 13:56:24.487     0     0 W UprobeStatsBpfLoad: BPF_PROG_LOAD - BEGIN log_buf contents:
03-30 13:56:24.487     0     0 W UprobeStatsBpfLoad:  
03-30 13:56:24.487     0     0 W UprobeStatsBpfLoad: BPF_PROG_LOAD - END log_buf contents.
03-30 13:56:24.487     0     0 E UprobeStatsBpfLoad: non-optional program failed to load.
03-30 13:56:24.487     0     0 E UprobeStatsBpfLoad: Failed to load programs, loadCodeSections ret=-1
03-30 13:56:24.487     0     0 E UprobeStatsBpfLoad: Failed to load object: /apex/com.android.uprobestats/etc/bpf/uprobestats/GenericInstrumentation.o, ret: Operation not permitted
03-30 13:56:24.489     0     0 W UprobeStatsBpfLoad: BPF_PROG_LOAD call for /apex/com.android.uprobestats/etc/bpf/uprobestats/ProcessManagement.o (uprobe_set_uid_temp_allowlist_state) returned fd: -1 (Invalid argument)
03-30 13:56:24.489     0     0 W UprobeStatsBpfLoad: BPF_PROG_LOAD - BEGIN log_buf contents:
03-30 13:56:24.489     0     0 W UprobeStatsBpfLoad:  
03-30 13:56:24.489     0     0 W UprobeStatsBpfLoad: BPF_PROG_LOAD - END log_buf contents.
03-30 13:56:24.489     0     0 E UprobeStatsBpfLoad: non-optional program failed to load.
03-30 13:56:24.489     0     0 E UprobeStatsBpfLoad: Failed to load programs, loadCodeSections ret=-1
03-30 13:56:24.489     0     0 E UprobeStatsBpfLoad: Failed to load object: /apex/com.android.uprobestats/etc/bpf/uprobestats/ProcessManagement.o, ret: Operation not permitted
03-30 13:56:24.490     0     0 W UprobeStatsBpfLoad: BPF_PROG_LOAD call for /apex/com.android.uprobestats/etc/bpf/uprobestats/DisruptiveApp.o (uprobe_bind_service_locked) returned fd: -1 (Invalid argument)
03-30 13:56:24.490     0     0 W UprobeStatsBpfLoad: BPF_PROG_LOAD - BEGIN log_buf contents:
03-30 13:56:24.490     0     0 W UprobeStatsBpfLoad:  
03-30 13:56:24.490     0     0 W UprobeStatsBpfLoad: BPF_PROG_LOAD - END log_buf contents.
03-30 13:56:24.490     0     0 E UprobeStatsBpfLoad: non-optional program failed to load.
03-30 13:56:24.490     0     0 E UprobeStatsBpfLoad: Failed to load programs, loadCodeSections ret=-1
03-30 13:56:24.490     0     0 E UprobeStatsBpfLoad: Failed to load object: /apex/com.android.uprobestats/etc/bpf/uprobestats/DisruptiveApp.o, ret: Operation not permitted
03-30 13:56:24.502     0     0 E BpfLoader-rs: Error when loading /system/etc/bpf/cputimeinstate/timeInState.bpf: No such process (os error 3)
03-30 13:56:24.505     0     0 W BpfLoader: No maps section could be found in elf object
03-30 13:56:24.544     0     0 W init    : Activation of cgroup controller +memory failed in path /sys/fs/cgroup/system/uid_0: Invalid argument
03-30 13:56:24.546     0     0 W init    : Activation of cgroup controller +memory failed in path /sys/fs/cgroup/system/uid_0: Invalid argument
03-30 13:56:24.547     0     0 W libprocessgroup: Failed to apply MaxPerformance process profile
03-30 13:56:24.547     0     0 E init    : failed to set task profiles
03-30 13:56:24.550     0     0 W init    : Activation of cgroup controller +memory failed in path /sys/fs/cgroup/system/uid_0: Invalid argument
03-30 13:56:24.574     0     0 W         : using random self ethernet address
03-30 13:56:24.574     0     0 W         : using random host ethernet address
03-30 13:56:24.591     0     0 E dhd_init_wlan_mem: WIFI MEM Allocated
03-30 13:56:24.620     0     0 W init    : Activation of cgroup controller +memory failed in path /sys/fs/cgroup/system/uid_0: Invalid argument
03-30 13:56:24.635     0     0 W init    : Activation of cgroup controller +memory failed in path /sys/fs/cgroup/system/uid_0: Invalid argument
03-30 13:56:24.647     0     0 W init    : Activation of cgroup controller +memory failed in path /sys/fs/cgroup/system/uid_1000: Invalid argument
03-30 13:56:24.649     0     0 W init    : Activation of cgroup controller +memory failed in path /sys/fs/cgroup/system/uid_1000: Invalid argument
03-30 13:56:24.650     0     0 W init    : Activation of cgroup controller +memory failed in path /sys/fs/cgroup/system/uid_1041: Invalid argument
03-30 13:56:24.651     0     0 W libprocessgroup: Failed to apply HighPerformance process profile
03-30 13:56:24.651     0     0 E init    : failed to set task profiles
03-30 13:56:24.652     0     0 W init    : Activation of cgroup controller +memory failed in path /sys/fs/cgroup/system/uid_1041: Invalid argument
03-30 13:56:24.653     0     0 W libprocessgroup: Failed to apply HighPerformance process profile
03-30 13:56:24.653     0     0 E init    : failed to set task profiles
03-30 13:56:24.659     0     0 W init    : Activation of cgroup controller +memory failed in path /sys/fs/cgroup/system/uid_1064: Invalid argument
03-30 13:56:24.665     0     0 W init    : Activation of cgroup controller +memory failed in path /sys/fs/cgroup/system/uid_1002: Invalid argument
03-30 13:56:24.672     0     0 W init    : Activation of cgroup controller +memory failed in path /sys/fs/cgroup/system/uid_1000: Invalid argument
03-30 13:56:24.678     0     0 W init    : Activation of cgroup controller +memory failed in path /sys/fs/cgroup/system/uid_1080: Invalid argument
03-30 13:56:24.679     0     0 W libprocessgroup: Failed to apply CameraServicePerformance process profile
03-30 13:56:24.679     0     0 E init    : failed to set task profiles
03-30 13:56:24.683     0     0 W init    : Activation of cgroup controller +memory failed in path /sys/fs/cgroup/system/uid_1013: Invalid argument
03-30 13:56:24.687     0     0 W init    : Activation of cgroup controller +memory failed in path /sys/fs/cgroup/system/uid_1000: Invalid argument
03-30 13:56:24.692     0     0 W init    : Activation of cgroup controller +memory failed in path /sys/fs/cgroup/system/uid_1000: Invalid argument
03-30 13:56:24.697     0     0 W init    : Activation of cgroup controller +memory failed in path /sys/fs/cgroup/system/uid_1000: Invalid argument
03-30 13:56:24.704     0     0 W init    : Activation of cgroup controller +memory failed in path /sys/fs/cgroup/system/uid_1000: Invalid argument
03-30 13:56:24.707     0     0 W init    : Activation of cgroup controller +memory failed in path /sys/fs/cgroup/system/uid_1064: Invalid argument
03-30 13:56:24.710     0     0 W init    : Activation of cgroup controller +memory failed in path /sys/fs/cgroup/system/uid_1000: Invalid argument
03-30 13:56:24.711     0     0 W init    : Activation of cgroup controller +memory failed in path /sys/fs/cgroup/system/uid_1068: Invalid argument
03-30 13:56:24.713     0     0 W init    : Activation of cgroup controller +memory failed in path /sys/fs/cgroup/system/uid_1068: Invalid argument
03-30 13:56:24.714     0     0 W init    : Activation of cgroup controller +memory failed in path /sys/fs/cgroup/system/uid_1068: Invalid argument
03-30 13:56:24.716     0     0 W init    : Activation of cgroup controller +memory failed in path /sys/fs/cgroup/system/uid_9999: Invalid argument
03-30 13:56:24.717     0     0 W init    : Activation of cgroup controller +memory failed in path /sys/fs/cgroup/system/uid_1000: Invalid argument
03-30 13:56:24.718     0     0 W init    : Activation of cgroup controller +memory failed in path /sys/fs/cgroup/system/uid_1000: Invalid argument
03-30 13:56:24.720     0     0 W libprocessgroup: Failed to apply NNApiHALPerformance process profile
03-30 13:56:24.720     0     0 E init    : failed to set task profiles
03-30 13:56:24.720     0     0 W init    : Activation of cgroup controller +memory failed in path /sys/fs/cgroup/system/uid_1000: Invalid argument
03-30 13:56:24.721     0     0 W init    : Activation of cgroup controller +memory failed in path /sys/fs/cgroup/system/uid_1064: Invalid argument
03-30 13:56:24.724     0     0 W init    : Activation of cgroup controller +memory failed in path /sys/fs/cgroup/system/uid_1046: Invalid argument
03-30 13:56:24.726     0     0 W init    : Activation of cgroup controller +memory failed in path /sys/fs/cgroup/system/uid_1027: Invalid argument
03-30 13:56:24.727     0     0 W init    : Activation of cgroup controller +memory failed in path /sys/fs/cgroup/system/uid_1046: Invalid argument
03-30 13:56:24.729     0     0 W init    : Activation of cgroup controller +memory failed in path /sys/fs/cgroup/system/uid_1046: Invalid argument
03-30 13:56:24.730     0     0 W init    : Activation of cgroup controller +memory failed in path /sys/fs/cgroup/system/uid_1000: Invalid argument
03-30 13:56:24.731     0     0 W init    : Activation of cgroup controller +memory failed in path /sys/fs/cgroup/system/uid_1000: Invalid argument
03-30 13:56:24.733     0     0 W init    : Activation of cgroup controller +memory failed in path /sys/fs/cgroup/system/uid_1001: Invalid argument
03-30 13:56:24.734     0     0 W init    : Activation of cgroup controller +memory failed in path /sys/fs/cgroup/system/uid_1001: Invalid argument
03-30 13:56:24.735     0     0 W init    : Activation of cgroup controller +memory failed in path /sys/fs/cgroup/system/uid_1000: Invalid argument
03-30 13:56:24.736     0     0 W init    : Activation of cgroup controller +memory failed in path /sys/fs/cgroup/system/uid_1000: Invalid argument
03-30 13:56:24.754     0     0 W init    : Activation of cgroup controller +memory failed in path /sys/fs/cgroup/system/uid_1000: Invalid argument
03-30 13:56:24.781     0     0 W init    : Activation of cgroup controller +memory failed in path /sys/fs/cgroup/system/uid_1000: Invalid argument
03-30 13:56:24.785     0     0 W init    : Activation of cgroup controller +memory failed in path /sys/fs/cgroup/system/uid_1000: Invalid argument
03-30 13:56:24.790     0     0 W init    : Activation of cgroup controller +memory failed in path /sys/fs/cgroup/system/uid_1013: Invalid argument
03-30 13:56:24.797     0     0 W init    : Activation of cgroup controller +memory failed in path /sys/fs/cgroup/system/uid_1013: Invalid argument
03-30 13:56:24.798     0     0 E init    : Could not start service 'vendor.drm-widevine-hal-rikers' as part of class 'hal': Cannot find '/apex/com.google.android.widevine/bin/hw/android.hardware.drm-service.widevine-rikers': No such file or directory
03-30 13:56:24.800     0     0 W init    : Activation of cgroup controller +memory failed in path /sys/fs/cgroup/system/uid_1010: Invalid argument
03-30 13:56:24.821     0     0 W init    : Activation of cgroup controller +memory failed in path /sys/fs/cgroup/system/uid_1041: Invalid argument
03-30 13:56:24.828     0     0 W init    : Activation of cgroup controller +memory failed in path /sys/fs/cgroup/system/uid_1076: Invalid argument
03-30 13:56:24.830     0     0 W libprocessgroup: Failed to apply HighPerformance process profile
03-30 13:56:24.830     0     0 E init    : failed to set task profiles
03-30 13:56:24.837     0     0 W init    : Activation of cgroup controller +memory failed in path /sys/fs/cgroup/system/uid_1072: Invalid argument
03-30 13:56:24.838     0     0 W healthd : battery l=70 v=3930 t=27.5 h=2 st=3 c=-2819531 fc=4730000 cc=132 chg=
03-30 13:56:24.840     0     0 W init    : Activation of cgroup controller +memory failed in path /sys/fs/cgroup/system/uid_0: Invalid argument
03-30 13:56:24.846     0     0 W         : succeed to alloc static buf
03-30 13:56:24.857     0     0 W init    : Activation of cgroup controller +memory failed in path /sys/fs/cgroup/system/uid_0: Invalid argument
03-30 13:56:24.859     0     0 W init    : Activation of cgroup controller +memory failed in path /sys/fs/cgroup/system/uid_1001: Invalid argument
03-30 13:56:24.869     0     0 W init    : Activation of cgroup controller +memory failed in path /sys/fs/cgroup/system/uid_1001: Invalid argument
03-30 13:56:24.879     0     0 E init    : Unable to set property 'ro.boot.wificountrycode' from uid:0 gid:0 pid:272: Read-only property was already set
03-30 13:56:24.881     0     0 E st21nfc i2c-st21nfc: i2c_master_recv returned -6
03-30 13:56:24.898     0     0 W init    : Activation of cgroup controller +memory failed in path /sys/fs/cgroup/system/uid_0: Invalid argument
03-30 13:56:24.900     0     0 W init    : Activation of cgroup controller +memory failed in path /sys/fs/cgroup/system/uid_0: Invalid argument
03-30 13:56:24.907     0     0 W init    : Activation of cgroup controller +memory failed in path /sys/fs/cgroup/system/uid_1000: Invalid argument
03-30 13:56:24.909     0     0 W init    : Activation of cgroup controller +memory failed in path /sys/fs/cgroup/system/uid_1021: Invalid argument
03-30 13:56:24.911     0     0 W init    : Activation of cgroup controller +memory failed in path /sys/fs/cgroup/system/uid_1000: Invalid argument
03-30 13:56:24.913     0     0 W init    : Activation of cgroup controller +memory failed in path /sys/fs/cgroup/system/uid_0: Invalid argument
03-30 13:56:24.915     0     0 E selinux : SELinux: Could not get canonical path for /sys/kernel/tracing/instances/bootreceiver restorecon: No such file or directory.
03-30 13:56:24.924     0     0 E libprocessgroup: Failed to write 1 to /sys/fs/cgroup/system/uid_1000/pid_418/cgroup.kill: No such file or directory
03-30 13:56:24.924     0     0 E libprocessgroup: Failed to open /sys/fs/cgroup/system/uid_1000/pid_418/cgroup.procs: No such file or directory
03-30 13:56:24.926     0     0 W init    : Activation of cgroup controller +memory failed in path /sys/fs/cgroup/system/uid_9999: Invalid argument
03-30 13:56:24.993     0     0 W init    : Activation of cgroup controller +memory failed in path /sys/fs/cgroup/system/uid_1000: Invalid argument
03-30 13:56:24.998     0     0 E init    : Control message: Could not find 'aidl/android.hardware.thermal.IThermal/default' for ctl.interface_start from pid: 395 (/system/bin/servicemanager)
03-30 13:56:25.003     0     0 W init    : Activation of cgroup controller +memory failed in path /sys/fs/cgroup/system/uid_1019: Invalid argument
03-30 13:56:25.010     0     0 W init    : Activation of cgroup controller +memory failed in path /sys/fs/cgroup/system/uid_0: Invalid argument
03-30 13:56:25.046     0     0 E init    : Control message: Could not find 'aidl/android.hardware.neuralnetworks.IDevice/google-edgetpu' for ctl.interface_start from pid: 395 (/system/bin/servicemanager)
03-30 13:56:25.057     0     0 E init    : Control message: Could not find 'aidl/android.hardware.audio.core.IConfig/default' for ctl.interface_start from pid: 395 (/system/bin/servicemanager)
03-30 13:56:25.060     0     0 W init    : Activation of cgroup controller +memory failed in path /sys/fs/cgroup/system/uid_9999: Invalid argument
03-30 13:56:25.074     0     0 E init    : Control message: Could not find 'aidl/android.hardware.gnss.IGnss/vendor' for ctl.interface_start from pid: 395 (/system/bin/servicemanager)
03-30 13:56:25.075     0     0 W         : OTP boardtype VID (len=2):
03-30 13:56:25.075     0     0 W         : OTP boardtype VID:
03-30 13:56:25.075     0     0 W 0000    : fd 0a
03-30 13:56:25.075     0     0 W         : OTP VID (len=2):
03-30 13:56:25.075     0     0 W OTP VID :  
03-30 13:56:25.075     0     0 W 0000    : 27 63
03-30 13:56:25.080     0     0 W init    : Activation of cgroup controller +memory failed in path /sys/fs/cgroup/system/uid_9999: Invalid argument
03-30 13:56:25.082     0     0 E init    : Unable to set property 'init.svc.adbd' from uid:0 gid:0 pid:1: Read-only property was already set
03-30 13:56:25.083     0     0 E wl2wbrc_wlan_off: state -> WLAN_OFF_IN_PROGRESS
03-30 13:56:25.085     0     0 W init    : Activation of cgroup controller +memory failed in path /sys/fs/cgroup/system/uid_0: Invalid argument
03-30 13:56:25.087     0     0 W init    : Activation of cgroup controller +memory failed in path /sys/fs/cgroup/system/uid_1064: Invalid argument
03-30 13:56:25.092     0     0 W init    : Activation of cgroup controller +memory failed in path /sys/fs/cgroup/system/uid_0: Invalid argument
03-30 13:56:25.097     0     0 W init    : Activation of cgroup controller +memory failed in path /sys/fs/cgroup/system/uid_1000: Invalid argument
03-30 13:56:25.107     0     0 E init    : Control message: Could not find 'aidl/android.frameworks.stats.IStats/default' for ctl.interface_start from pid: 395 (/system/bin/servicemanager)
03-30 13:56:25.112     0     0 W init    : Activation of cgroup controller +memory failed in path /sys/fs/cgroup/system/uid_1047: Invalid argument
03-30 13:56:25.114     0     0 W init    : Activation of cgroup controller +memory failed in path /sys/fs/cgroup/system/uid_1000: Invalid argument
03-30 13:56:25.116     0     0 W init    : Activation of cgroup controller +memory failed in path /sys/fs/cgroup/system/uid_1067: Invalid argument
03-30 13:56:25.118     0     0 W init    : Activation of cgroup controller +memory failed in path /sys/fs/cgroup/system/uid_0: Invalid argument
03-30 13:56:25.120     0     0 W init    : Activation of cgroup controller +memory failed in path /sys/fs/cgroup/system/uid_1040: Invalid argument
03-30 13:56:25.121     0     0 W init    : Activation of cgroup controller +memory failed in path /sys/fs/cgroup/system/uid_1013: Invalid argument
03-30 13:56:25.123     0     0 W init    : Activation of cgroup controller +memory failed in path /sys/fs/cgroup/system/uid_1013: Invalid argument
03-30 13:56:25.124     0     0 W libprocessgroup: Failed to apply MaxPerformance process profile
03-30 13:56:25.124     0     0 E init    : failed to set task profiles
03-30 13:56:25.125     0     0 W init    : Activation of cgroup controller +memory failed in path /sys/fs/cgroup/system/uid_0: Invalid argument
03-30 13:56:25.127     0     0 W init    : Activation of cgroup controller +memory failed in path /sys/fs/cgroup/system/uid_1010: Invalid argument
03-30 13:56:25.132     0     0 W libprocessgroup: Failed to apply HighPerformance process profile
03-30 13:56:25.132     0     0 E init    : failed to set task profiles
03-30 13:56:25.133     0     0 W libprocessgroup: Failed to apply HighPerformance process profile
03-30 13:56:25.133     0     0 E init    : failed to set task profiles
03-30 13:56:25.133     0     0 W init    : Activation of cgroup controller +memory failed in path /sys/fs/cgroup/system/uid_1000: Invalid argument
03-30 13:56:25.135     0     0 W init    : Activation of cgroup controller +memory failed in path /sys/fs/cgroup/system/uid_1001: Invalid argument
03-30 13:56:25.139     0     0 W init    : Activation of cgroup controller +memory failed in path /sys/fs/cgroup/system/uid_1021: Invalid argument
03-30 13:56:25.140     0     0 W init    : Activation of cgroup controller +memory failed in path /sys/fs/cgroup/system/uid_1000: Invalid argument
03-30 13:56:25.145     0     0 W init    : Activation of cgroup controller +memory failed in path /sys/fs/cgroup/system/uid_1000: Invalid argument
03-30 13:56:25.147     0     0 W init    : Activation of cgroup controller +memory failed in path /sys/fs/cgroup/system/uid_1001: Invalid argument
03-30 13:56:25.150     0     0 W init    : Activation of cgroup controller +memory failed in path /sys/fs/cgroup/system/uid_1001: Invalid argument
03-30 13:56:25.152     0     0 W init    : Activation of cgroup controller +memory failed in path /sys/fs/cgroup/system/uid_1000: Invalid argument
03-30 13:56:25.155     0     0 W init    : Activation of cgroup controller +memory failed in path /sys/fs/cgroup/system/uid_1046: Invalid argument
03-30 13:56:25.156     0     0 E init    : Could not start service 'abox' as part of class 'late_start': Cannot find '/vendor/bin/main_abox': No such file or directory
03-30 13:56:25.157     0     0 W init    : Activation of cgroup controller +memory failed in path /sys/fs/cgroup/system/uid_1000: Invalid argument
03-30 13:56:25.159     0     0 W init    : Activation of cgroup controller +memory failed in path /sys/fs/cgroup/system/uid_0: Invalid argument
03-30 13:56:25.164     0     0 W init    : Activation of cgroup controller +memory failed in path /sys/fs/cgroup/system/uid_0: Invalid argument
03-30 13:56:25.168     0     0 E wl2wbrc_wlan_off_finished: state -> IDLE
03-30 13:56:25.168     0     0 E wl2wbrc_wlan_init: called for chipid 4390
03-30 13:56:25.171     0     0 E wbrc_bt_dev_open: state -> BT_ON_IN_PROGRESS
03-30 13:56:25.171     0     0 E wbrc_bt_dev_open: turn WLAN ON ...
03-30 13:56:25.171     0     0 E wl2wbrc_wlan_before_regon: enter
03-30 13:56:25.171     0     0 E wl2wbrc_wlan_before_regon: delay 20 ms
03-30 13:56:25.179     0     0 W init    : Activation of cgroup controller +memory failed in path /sys/fs/cgroup/system/uid_0: Invalid argument
03-30 13:56:25.180     0     0 W init    : Activation of cgroup controller +memory failed in path /sys/fs/cgroup/system/uid_0: Invalid argument
03-30 13:56:25.182     0     0 W init    : Activation of cgroup controller +memory failed in path /sys/fs/cgroup/system/uid_1001: Invalid argument
03-30 13:56:25.197     0     0 E wl2wbrc_wlan_before_regon: exit
03-30 13:56:25.197     0     0 E wl2wbrc_wlan_after_regon: enter
03-30 13:56:25.197     0     0 E wl2wbrc_wlan_after_regon: exit
03-30 13:56:25.202     0     0 W init    : Activation of cgroup controller +memory failed in path /sys/fs/cgroup/system/uid_1000: Invalid argument
03-30 13:56:25.204     0     0 W init    : Activation of cgroup controller +memory failed in path /sys/fs/cgroup/system/uid_0: Invalid argument
03-30 13:56:25.220     0     0 E aoc 17000000.aoc: Monitor Mode will be disabled.  Power will be impacted
03-30 13:56:25.232     0     0 E init    : Control message: Could not find 'vendor.samsung_slsi.telephony.hardware.radioExternal@1.0::IOemSlsiRadioExternal/rilExternal' for ctl.interface_start from pid: 396 (/system/system_ext/bin/hwservicemanager)
03-30 13:56:25.232     0     0 E init    : Control message: Could not find 'vendor.samsung_slsi.telephony.hardware.radioExternal@1.0::IOemSlsiRadioExternal/rilExternal' for ctl.interface_start from pid: 396 (/system/system_ext/bin/hwservicemanager)
03-30 13:56:25.241     0     0 E init    : Control message: Could not find 'aidl/android.frameworks.stats.IStats/default' for ctl.interface_start from pid: 395 (/system/bin/servicemanager)
03-30 13:56:25.242     0     0 W         : SPI driver synaptics_tcm_spi has no spi_device_id for synaptics,tcm-spi
03-30 13:56:25.253     0     0 W init    : Activation of cgroup controller +memory failed in path /sys/fs/cgroup/system/uid_0: Invalid argument
03-30 13:56:25.253     0     0 E init    : Unable to set property 'init.svc.adbd' from uid:0 gid:0 pid:1: Read-only property was already set
03-30 13:56:25.260     0     0 E init    : Control message: Could not find 'aidl/android.frameworks.stats.IStats/default' for ctl.interface_start from pid: 395 (/system/bin/servicemanager)
03-30 13:56:25.302     0     0 W init    : Activation of cgroup controller +memory failed in path /sys/fs/cgroup/system/uid_1000: Invalid argument
03-30 13:56:25.318     0     0 W         : OTP boardtype VID (len=2):
03-30 13:56:25.318     0     0 W         : OTP boardtype VID:
03-30 13:56:25.318     0     0 W 0000    : fd 0a
03-30 13:56:25.318     0     0 W         : OTP VID (len=2):
03-30 13:56:25.318     0     0 W OTP VID :  
03-30 13:56:25.318     0     0 W 0000    : 27 63
03-30 13:56:25.322     0     0 W dhdpcie 0001: 01:00.0: Direct firmware load for bcmdhd.cal_MP1.0_ROW failed with error -2
03-30 13:56:25.322     0     0 W dhdpcie 0001: 01:00.0: Direct firmware load for bcmdhd.cal_MP1.0 failed with error -2
03-30 13:56:25.322     0     0 W dhdpcie 0001: 01:00.0: Direct firmware load for bcmdhd.cal_ROW failed with error -2
03-30 13:56:25.322     0     0 W dhdpcie 0001: 01:00.0: Direct firmware load for bcmdhd.cal failed with error -2
03-30 13:56:25.329     0     0 E gtd     : syna: Fail to detect TouchCom device, ff ff ff ff
03-30 13:56:25.329     0     0 E gtd     : syna: Fail to detect the device
03-30 13:56:25.329     0     0 E gtd     : syna: Fail to connect to the device
03-30 13:56:25.365     0     0 W cs40l26 9-0043: device_id not set. Defaulting to 0!
03-30 13:56:25.365     0     0 W cs40l26 9-0043: supply VP not found, using dummy regulator
03-30 13:56:25.367     0     0 W cs40l26 9-0043: supply VA not found, using dummy regulator
03-30 13:56:25.367     0     0 W cs40l26 9-0043: 1 platform nodes unused for SVC LE
03-30 13:56:25.448     0     0 E cpif    : pcie_clean_dislink: Link is disconnected!!!
03-30 13:56:25.634     0     0 W cs40l26 9-0043: Coeff. rev. 0x070248 mismatches 0x070251, continuing..
03-30 13:56:25.647     0     0 W cs40l26 9-0043: Coeff. rev. 0x070231 mismatches 0x070251, continuing..
03-30 13:56:25.666     0     0 W cs40l26 9-0043: Coeff. rev. 0x07024D mismatches 0x070251, continuing..
03-30 13:56:25.670     0     0 W cs40l26 9-0043: Direct firmware load for cs40l26-a2h.bin failed with error -2
03-30 13:56:25.670     0     0 W cs40l26 9-0043: Continuing...
03-30 13:56:25.670     0     0 W cs40l26 9-0043: Coeff. rev. 0x010140 mismatches 0x070251, continuing..
03-30 13:56:25.765     0     0 E cpif    : s5100_poweron_pcie: DBG: MSI sfr not set up, yet(s5100_pdev is NULL)
03-30 13:56:25.767     0     0 E cpif    : shmem_enqueue_snapshot: PCIE: ERR! invalid intr 0x0
03-30 13:56:25.768     0     0 E cpif    : shmem_enqueue_snapshot: PCIE: ERR! invalid intr 0x0
03-30 13:56:25.811     0     0 W cs40l26-codec.6.auto: DMA mask not set
03-30 13:56:25.877     0     0 W cs40l26-codec.6.auto: ASoC: sink widget ASPRX1 overwritten
03-30 13:56:25.951     0     0 W init    : Activation of cgroup controller +memory failed in path /sys/fs/cgroup/system/uid_1000: Invalid argument
03-30 13:56:25.959     0     0 W init    : Activation of cgroup controller +memory failed in path /sys/fs/cgroup/system/uid_1000: Invalid argument
03-30 13:56:25.997     0     0 E init    : Control message: Could not find 'aidl/android.hardware.thermal.IThermal/default' for ctl.interface_start from pid: 395 (/system/bin/servicemanager)
03-30 13:56:25.999     0     0 E init    : Control message: Could not find 'aidl/android.hardware.audio.effect.IFactory/default' for ctl.interface_start from pid: 395 (/system/bin/servicemanager)
03-30 13:56:26.038     0     0 E init    : Control message: Could not find 'aidl/android.frameworks.stats.IStats/default' for ctl.interface_start from pid: 395 (/system/bin/servicemanager)
03-30 13:56:26.105     0     0 E init    : Control message: Could not find 'aidl/android.frameworks.stats.IStats/default' for ctl.interface_start from pid: 395 (/system/bin/servicemanager)
03-30 13:56:26.247     0     0 E init    : Control message: Could not find 'aidl/android.frameworks.stats.IStats/default' for ctl.interface_start from pid: 395 (/system/bin/servicemanager)
03-30 13:56:26.264     0     0 E init    : Control message: Could not find 'aidl/android.frameworks.stats.IStats/default' for ctl.interface_start from pid: 395 (/system/bin/servicemanager)
03-30 13:56:26.271     0     0 W stmvl53l1 19-0029: no power control
03-30 13:56:26.283     0     0 W cs35l41 spi19.0: DSP1: Failed to parse legacy: -19
03-30 13:56:26.285     0     0 W cs35l41 spi19.1: DSP1: Failed to parse legacy: -19
03-30 13:56:26.405     0     0 W goog_get_firmware_name: Fail to find firmware name!
03-30 13:56:26.405     0     0 W goog_get_config_name: Fail to find config name!
03-30 13:56:26.405     0     0 W goog_get_test_limits_name: Fail to find test limits name!
03-30 13:56:26.559     0     0 W init    : Activation of cgroup controller +memory failed in path /sys/fs/cgroup/system/uid_1000: Invalid argument
03-30 13:56:26.809     0     0 W gti     : tbn: tbn_aoc_reset_work: AOC has been reset
03-30 13:56:26.866     0     0 W dhdpcie 0001: 01:00.0: Direct firmware load for bcmdhd_clm.blob_MP1.0_ROW failed with error -2
03-30 13:56:26.866     0     0 W dhdpcie 0001: 01:00.0: Direct firmware load for bcmdhd_clm.blob_MP1.0 failed with error -2
03-30 13:56:26.866     0     0 W dhdpcie 0001: 01:00.0: Direct firmware load for bcmdhd_clm.blob_ROW failed with error -2
03-30 13:56:26.866     0     0 W dhdpcie 0001: 01:00.0: Direct firmware load for bcmdhd_clm.blob failed with error -2
--------- beginning of system
03-30 13:56:26.939  1487  1487 W PackageManager: Failed to scan /system_ext/priv-app/DeviceConnectivityServicePrebuilt_25.03.00: Package com.google.android.apps.pixel.dcservice at /system_ext/priv-app/DeviceConnectivityServicePrebuilt_25.03.00 ignored: updated version 92836 better than this 7445
03-30 13:56:26.998     0     0 W dhdpcie 0001: 01:00.0: Direct firmware load for bcmdhd_txcap.blob_MP1.0_ROW failed with error -2
03-30 13:56:26.998     0     0 W dhdpcie 0001: 01:00.0: Direct firmware load for bcmdhd_txcap.blob_MP1.0 failed with error -2
03-30 13:56:26.998     0     0 W dhdpcie 0001: 01:00.0: Direct firmware load for bcmdhd_txcap.blob_ROW failed with error -2
03-30 13:56:26.998     0     0 W dhdpcie 0001: 01:00.0: Direct firmware load for bcmdhd_txcap.blob failed with error -2
03-30 13:56:27.001  1487  1487 W PackageManager: Relax SCAN_REQUIRE_KNOWN requirement for package com.google.android.trichromelibrary_699813532
03-30 13:56:27.008     0     0 W init    : Activation of cgroup controller +memory failed in path /sys/fs/cgroup/system/uid_1000: Invalid argument
03-30 13:56:27.008  1487  1487 W PackageManager: Relax SCAN_REQUIRE_KNOWN requirement for package com.google.android.documentsui
03-30 13:56:27.011     0     0 W libprocessgroup: Failed to apply MaxPerformance process profile
03-30 13:56:27.011     0     0 E init    : failed to set task profiles
03-30 13:56:27.015  1487  1487 W PackageManager: Relax SCAN_REQUIRE_KNOWN requirement for package com.google.android.accessibility.soundamplifier
03-30 13:56:27.018  1487  1487 W PackageManager: Relax SCAN_REQUIRE_KNOWN requirement for package com.google.android.inputmethod.latin
03-30 13:56:27.019     0     0 W gxp_callisto 20c00000.callisto: BTS is not supported
03-30 13:56:27.037     0     0 E init    : Control message: Could not find 'aidl/activity' for ctl.interface_start from pid: 395 (/system/bin/servicemanager)
03-30 13:56:27.036  1487  1487 W PackageManager: Relax SCAN_REQUIRE_KNOWN requirement for package com.google.android.apps.wellbeing
03-30 13:56:27.041  1487  1487 W PackageManager: Relax SCAN_REQUIRE_KNOWN requirement for package com.google.android.calculator
03-30 13:56:27.043   972   972 W Lyric   : prebuilt_autocal_controller.cc:317: Reading of previous calibration file failed.
03-30 13:56:27.043   972   972 W Lyric   : prebuilt_autocal_controller.cc:322: Reading of previous calibration context failed.
03-30 13:56:27.043  1487  1487 W PackageManager: Skipping provider name com.lgeha.nuts.lmsprovider (in package com.lgeha.nuts): name already used by com.lgeha.nuts
03-30 13:56:27.043  1487  1487 W PackageManager: Skipping provider name com.lgeha.nuts.provider (in package com.lgeha.nuts): name already used by com.lgeha.nuts
03-30 13:56:27.045  1487  1487 W PackageManager: Skipping provider name co.feeld.provider (in package co.feeld): name already used by co.feeld
03-30 13:56:27.049     0     0 W init    : Activation of cgroup controller +memory failed in path /sys/fs/cgroup/system/uid_1000: Invalid argument
03-30 13:56:27.066  1487  1487 W PackageManager: Relax SCAN_REQUIRE_KNOWN requirement for package com.google.android.odad
03-30 13:56:27.069  1487  1487 W PackageManager: Skipping provider name com.Likewise.apps.Likewise.provider (in package com.Likewise.apps.Likewise): name already used by com.Likewise.apps.Likewise
03-30 13:56:27.076  1487  1487 W PackageManager: Relax SCAN_REQUIRE_KNOWN requirement for package com.google.android.calendar
03-30 13:56:27.095  1487  1487 W PackageManager: Relax SCAN_REQUIRE_KNOWN requirement for package com.google.android.apps.turbo
03-30 13:56:27.105  1487  1487 W PackageManager: Relax SCAN_REQUIRE_KNOWN requirement for package com.google.android.apps.messaging
03-30 13:56:27.106  1487  1487 W PackageManager: Skipping provider name com.google.android.apps.messaging.photopicker_images (in package com.google.android.apps.messaging): name already used by com.google.android.apps.messaging
03-30 13:56:27.112  1487  1487 W PackageManager: Skipping provider name com.amazon.mShop.android.shopping.fileprovider (in package com.amazon.mShop.android.shopping): name already used by com.amazon.mShop.android.shopping
03-30 13:56:27.112  1487  1487 W PackageManager: Skipping provider name com.amazon.mShop.android.shopping.provider (in package com.amazon.mShop.android.shopping): name already used by com.amazon.mShop.android.shopping
03-30 13:56:27.119  1487  1487 W PackageManager: Relax SCAN_REQUIRE_KNOWN requirement for package com.google.android.apps.bard
03-30 13:56:27.127  1487  1487 W PackageManager: Relax SCAN_REQUIRE_KNOWN requirement for package com.google.android.aicore
03-30 13:56:27.127  1487  1487 W PackageManager: Package com.google.android.aicore declares library com.google.android.apps.aicore that is not declared on system image; skipping
03-30 13:56:27.127  1487  1487 W PackageManager: Package com.google.android.aicore declares library com.google.android.apps.aicore that is not declared on system image; skipping
03-30 13:56:27.147  1487  1487 W PackageManager: Relax SCAN_REQUIRE_KNOWN requirement for package com.google.android.apps.scone
03-30 13:56:27.156  1487  1487 W PackageManager: Relax SCAN_REQUIRE_KNOWN requirement for package com.google.android.apps.stargate
03-30 13:56:27.162     0     0 E init    : Control message: Could not find 'aidl/android.hardware.contexthub.IContextHub/default' for ctl.interface_start from pid: 395 (/system/bin/servicemanager)
03-30 13:56:27.163  1487  1487 W PackageManager: Relax SCAN_REQUIRE_KNOWN requirement for package com.google.android.contacts
03-30 13:56:27.166     0     0 E wbrc_bt_dev_open: WLAN is ON
03-30 13:56:27.166     0     0 E wbrc_bt_dev_open: state -> IDLE
03-30 13:56:27.166     0     0 E         : wbrc_bt_dev_open Device opened 1 time(s)
03-30 13:56:27.166     0     0 E         : wbrc_bt_dev_open Done
03-30 13:56:27.169     0     0 E bt2wbrc_bt_before_regoff: enter
03-30 13:56:27.169     0     0 E bt2wbrc_bt_before_regoff: exit
03-30 13:56:27.167  1487  1487 W PackageManager: Relax SCAN_REQUIRE_KNOWN requirement for package com.google.android.soundpicker
03-30 13:56:27.169     0     0 E bt2wbrc_bt_after_regoff: enter
03-30 13:56:27.169     0     0 E bt2wbrc_bt_after_regoff: exit
03-30 13:56:27.180  1487  1487 W PackageManager: Relax SCAN_REQUIRE_KNOWN requirement for package com.google.android.apps.pixel.customizationbundle
03-30 13:56:27.183  1487  1487 W PackageManager: Relax SCAN_REQUIRE_KNOWN requirement for package com.google.assistant.hubui
03-30 13:56:27.187  1487  1487 W PackageManager: Relax SCAN_REQUIRE_KNOWN requirement for package com.google.android.apps.dreamliner
03-30 13:56:27.200     0     0 E bt2wbrc_bt_before_regon: enter
03-30 13:56:27.200     0     0 E bt2wbrc_bt_before_regon: delay 20 ms
03-30 13:56:27.201  1487  1487 W PackageManager: Relax SCAN_REQUIRE_KNOWN requirement for package com.google.android.apps.nbu.files
03-30 13:56:27.214  1487  1487 W PackageManager: Relax SCAN_REQUIRE_KNOWN requirement for package com.google.android.as.oss
03-30 13:56:27.216  1487  1487 W PackageManager: Relax SCAN_REQUIRE_KNOWN requirement for package com.google.ar.core
03-30 13:56:27.220  1487  1487 W PackageManager: Relax SCAN_REQUIRE_KNOWN requirement for package com.google.audio.hearing.visualization.accessibility.scribe
03-30 13:56:27.225     0     0 E bt2wbrc_bt_before_regon: delta b/w last BT_REG_OFF and this BT_REG_ON = 55899983 ns
03-30 13:56:27.225     0     0 E bt2wbrc_bt_before_regon: exit
03-30 13:56:27.226     0     0 E bt2wbrc_bt_after_regon: enter
03-30 13:56:27.226     0     0 E bt2wbrc_bt_after_regon: exit
03-30 13:56:27.235  1487  1487 W PackageManager: Relax SCAN_REQUIRE_KNOWN requirement for package com.google.android.webview
03-30 13:56:27.276     0     0 E exynos-uart 155d0000.serial: skip exynos_serial suspend/resume
03-30 13:56:27.281  1487  1487 W PackageManager: Relax SCAN_REQUIRE_KNOWN requirement for package com.google.android.apps.work.clouddpc
03-30 13:56:27.308  1487  1487 W PackageManager: Unable to update from com.android.music to com.google.android.music: old package still exists
