03-30 13:10:00.014 31361 31746 E YJ_Core : LayoutState failed to lock the RenderDocSection
03-30 13:10:00.014 31361 31746 E YJ_Core : LayoutState failed to lock the RenderDocSection
03-30 13:10:00.014 31361 31746 E YJ_Core : LayoutState failed to lock the RenderDocSection
03-30 13:10:00.015 31361 31746 E YJ_Core : LayoutState failed to lock the RenderDocSection
03-30 13:10:00.015 31361 31746 E YJ_Core : LayoutState failed to lock the RenderDocSection
03-30 13:10:00.015 31361 31746 E YJ_Core : LayoutState failed to lock the RenderDocSection
03-30 13:10:00.015 31361 31746 E YJ_Core : LayoutState failed to lock the RenderDocSection
03-30 13:10:00.015 31361 31746 E YJ_Core : LayoutState failed to lock the RenderDocSection
03-30 13:10:00.015 31361 31746 E YJ_Core : LayoutState failed to lock the RenderDocSection
03-30 13:10:00.016 31361 31746 E YJ_Core : LayoutState failed to lock the RenderDocSection
03-30 13:10:00.016 31361 31746 E YJ_Core : LayoutState failed to lock the RenderDocSection
03-30 13:10:00.016 31361 31746 E YJ_Core : LayoutState failed to lock the RenderDocSection
03-30 13:10:00.016 31361 31746 E YJ_Core : LayoutState failed to lock the RenderDocSection
03-30 13:10:00.016 31361 31746 E YJ_Core : LayoutState failed to lock the RenderDocSection
03-30 13:10:00.016 31361 31746 E YJ_Core : LayoutState failed to lock the RenderDocSection
03-30 13:10:00.016 31361 31746 E YJ_Core : LayoutState failed to lock the RenderDocSection
03-30 13:10:00.016 31361 31746 E YJ_Core : LayoutState failed to lock the RenderDocSection
03-30 13:10:00.016 31361 31746 E YJ_Core : LayoutState failed to lock the RenderDocSection
03-30 13:10:00.017 31361 31746 E YJ_Core : LayoutState failed to lock the RenderDocSection
03-30 13:10:00.017 31361 31746 E YJ_Core : LayoutState failed to lock the RenderDocSection
03-30 13:10:00.017 31361 31746 E YJ_Core : LayoutState failed to lock the RenderDocSection
03-30 13:10:00.017 31361 31746 E YJ_Core : LayoutState failed to lock the RenderDocSection
03-30 13:10:00.017 31361 31746 E YJ_Core : LayoutState failed to lock the RenderDocSection
03-30 13:10:00.017 31361 31746 E YJ_Core : LayoutState failed to lock the RenderDocSection
03-30 13:10:00.017 31361 31746 E YJ_Core : LayoutState failed to lock the RenderDocSection
03-30 13:10:00.017 31361 31746 E YJ_Core : LayoutState failed to lock the RenderDocSection
03-30 13:10:00.017 31361 31746 E YJ_Core : LayoutState failed to lock the RenderDocSection
03-30 13:10:00.017 31361 31746 E YJ_Core : LayoutState failed to lock the RenderDocSection
03-30 13:10:00.017 31361 31746 E YJ_Core : LayoutState failed to lock the RenderDocSection
03-30 13:10:00.018 31361 31746 E YJ_Core : LayoutState failed to lock the RenderDocSection
03-30 13:10:00.036  1476  4079 W ActivityManager: Receiver with filter android.content.IntentFilter@22f7884 already registered for pid 13742, callerPackage is net.moemoe.tomorrow.myAnalogClock2
03-30 13:10:00.036  1476  4079 W ActivityManager: Receiver with filter android.content.IntentFilter@f06b86d already registered for pid 13742, callerPackage is net.moemoe.tomorrow.myAnalogClock2
03-30 13:10:00.038  1476  4079 W ActivityManager: Foreground service started from background can not have location/camera/microphone access: service net.moemoe.tomorrow.myAnalogClock2/.ClockSystemService
03-30 13:10:00.141  1476  4079 W ActivityManager: Receiver with filter android.content.IntentFilter@7894d33 already registered for pid 13742, callerPackage is net.moemoe.tomorrow.myAnalogClock2
03-30 13:10:00.141  1476  4079 W ActivityManager: Receiver with filter android.content.IntentFilter@36d98f0 already registered for pid 13742, callerPackage is net.moemoe.tomorrow.myAnalogClock2
03-30 13:10:00.142  1476  5364 W ActivityManager: Foreground service started from background can not have location/camera/microphone access: service net.moemoe.tomorrow.myAnalogClock2/.ClockSystemService_Small
03-30 13:10:00.236  1476  5364 W ActivityManager: Receiver with filter android.content.IntentFilter@4f26dfa already registered for pid 13742, callerPackage is net.moemoe.tomorrow.myAnalogClock2
03-30 13:10:00.237  1476  5364 W ActivityManager: Receiver with filter android.content.IntentFilter@2172fab already registered for pid 13742, callerPackage is net.moemoe.tomorrow.myAnalogClock2
03-30 13:10:00.243  1476  4076 W ActivityManager: Foreground service started from background can not have location/camera/microphone access: service net.moemoe.tomorrow.myAnalogClock2/.ClockSystemService_Large
03-30 13:10:00.422  1158 13843 W libbinder.ServiceManagerCppClient: Waited one second for stats (is service started? Number of threads started in the threadpool: 17. Are binder threads started and available?)
03-30 13:10:00.422  1476  2391 W libbinder.ServiceManagerCppClient: Waited one second for stats (is service started? Number of threads started in the threadpool: 32. Are binder threads started and available?)
03-30 13:10:00.422  1033  3423 W libbinder.ServiceManagerCppClient: Waited one second for stats (is service started? Number of threads started in the threadpool: 6. Are binder threads started and available?)
03-30 13:10:01.423  1158 13843 W libbinder.ServiceManagerCppClient: Waited one second for stats (is service started? Number of threads started in the threadpool: 17. Are binder threads started and available?)
03-30 13:10:01.424  1476  2391 W libbinder.ServiceManagerCppClient: Waited one second for stats (is service started? Number of threads started in the threadpool: 32. Are binder threads started and available?)
03-30 13:10:01.424  1033  3423 W libbinder.ServiceManagerCppClient: Waited one second for stats (is service started? Number of threads started in the threadpool: 6. Are binder threads started and available?)
03-30 13:10:02.424  1158 13843 W libbinder.ServiceManagerCppClient: Waited one second for stats (is service started? Number of threads started in the threadpool: 17. Are binder threads started and available?)
03-30 13:10:02.424  1476  2391 W libbinder.ServiceManagerCppClient: Waited one second for stats (is service started? Number of threads started in the threadpool: 32. Are binder threads started and available?)
03-30 13:10:02.425  1033  3423 W libbinder.ServiceManagerCppClient: Waited one second for stats (is service started? Number of threads started in the threadpool: 6. Are binder threads started and available?)
03-30 13:10:03.426  1476  2391 W libbinder.ServiceManagerCppClient: Waited one second for stats (is service started? Number of threads started in the threadpool: 32. Are binder threads started and available?)
03-30 13:10:03.426  1158 13843 W libbinder.ServiceManagerCppClient: Waited one second for stats (is service started? Number of threads started in the threadpool: 17. Are binder threads started and available?)
03-30 13:10:03.426  1033  3423 W libbinder.ServiceManagerCppClient: Waited one second for stats (is service started? Number of threads started in the threadpool: 6. Are binder threads started and available?)
03-30 13:10:04.040  2667  2732 W rkstack.process: Reducing the number of considered missed Gc histogram windows from 109 to 100
03-30 13:10:04.427  1476  2391 W libbinder.ServiceManagerCppClient: Waited one second for stats (is service started? Number of threads started in the threadpool: 32. Are binder threads started and available?)
03-30 13:10:04.427  1158 13843 W libbinder.ServiceManagerCppClient: Waited one second for stats (is service started? Number of threads started in the threadpool: 17. Are binder threads started and available?)
03-30 13:10:04.427  1033  3423 W libbinder.ServiceManagerCppClient: Waited one second for stats (is service started? Number of threads started in the threadpool: 6. Are binder threads started and available?)
03-30 13:10:05.428  1476  2391 W libbinder.ServiceManagerCppClient: Waited one second for stats (is service started? Number of threads started in the threadpool: 32. Are binder threads started and available?)
03-30 13:10:05.428  1158 13843 W libbinder.ServiceManagerCppClient: Waited one second for stats (is service started? Number of threads started in the threadpool: 17. Are binder threads started and available?)
03-30 13:10:05.428  1033  3423 W libbinder.ServiceManagerCppClient: Waited one second for stats (is service started? Number of threads started in the threadpool: 6. Are binder threads started and available?)
03-30 13:10:05.934  1026  1122 E WifiHAL : Creating message to get cached scan results
03-30 13:10:06.043  1476  4076 W ActivityManager: Receiver with filter android.content.IntentFilter@5db5b0 already registered for pid 13742, callerPackage is net.moemoe.tomorrow.myAnalogClock2
03-30 13:10:06.043  1476  4076 W ActivityManager: Receiver with filter android.content.IntentFilter@b622c29 already registered for pid 13742, callerPackage is net.moemoe.tomorrow.myAnalogClock2
03-30 13:10:06.048  1476  5364 W ActivityManager: Foreground service started from background can not have location/camera/microphone access: service net.moemoe.tomorrow.myAnalogClock2/.ClockSystemService
03-30 13:10:06.148  1476  5364 W ActivityManager: Receiver with filter android.content.IntentFilter@1a2dd4f already registered for pid 13742, callerPackage is net.moemoe.tomorrow.myAnalogClock2
03-30 13:10:06.149  1476  5364 W ActivityManager: Receiver with filter android.content.IntentFilter@be07cdc already registered for pid 13742, callerPackage is net.moemoe.tomorrow.myAnalogClock2
03-30 13:10:06.154  1476  4076 W ActivityManager: Foreground service started from background can not have location/camera/microphone access: service net.moemoe.tomorrow.myAnalogClock2/.ClockSystemService_Small
03-30 13:10:06.248  1476  5364 W ActivityManager: Receiver with filter android.content.IntentFilter@af75286 already registered for pid 13742, callerPackage is net.moemoe.tomorrow.myAnalogClock2
03-30 13:10:06.248  1476  5364 W ActivityManager: Receiver with filter android.content.IntentFilter@172747 already registered for pid 13742, callerPackage is net.moemoe.tomorrow.myAnalogClock2
03-30 13:10:06.255  1476  4079 W ActivityManager: Foreground service started from background can not have location/camera/microphone access: service net.moemoe.tomorrow.myAnalogClock2/.ClockSystemService_Large
03-30 13:10:06.429  1476  2391 W libbinder.ServiceManagerCppClient: Waited one second for stats (is service started? Number of threads started in the threadpool: 32. Are binder threads started and available?)
03-30 13:10:06.429  1158 13843 W libbinder.ServiceManagerCppClient: Waited one second for stats (is service started? Number of threads started in the threadpool: 17. Are binder threads started and available?)
03-30 13:10:06.429  1033  3423 W libbinder.ServiceManagerCppClient: Waited one second for stats (is service started? Number of threads started in the threadpool: 6. Are binder threads started and available?)
03-30 13:10:06.452  1476  2319 E WifiScoringParams: Invalid frequency(-1), using 5G as default rssi array
03-30 13:10:07.430  1476  2391 W libbinder.ServiceManagerCppClient: Waited one second for stats (is service started? Number of threads started in the threadpool: 32. Are binder threads started and available?)
03-30 13:10:07.430  1033  3423 W libbinder.ServiceManagerCppClient: Waited one second for stats (is service started? Number of threads started in the threadpool: 6. Are binder threads started and available?)
03-30 13:10:07.430  1158 13843 W libbinder.ServiceManagerCppClient: Waited one second for stats (is service started? Number of threads started in the threadpool: 17. Are binder threads started and available?)
03-30 13:10:08.431  1476  2391 W libbinder.ServiceManagerCppClient: Waited one second for stats (is service started? Number of threads started in the threadpool: 32. Are binder threads started and available?)
03-30 13:10:08.431  1033  3423 W libbinder.ServiceManagerCppClient: Waited one second for stats (is service started? Number of threads started in the threadpool: 6. Are binder threads started and available?)
03-30 13:10:08.431  1158 13843 W libbinder.ServiceManagerCppClient: Waited one second for stats (is service started? Number of threads started in the threadpool: 17. Are binder threads started and available?)
03-30 13:10:09.199  1026  1122 E WifiHAL : Creating message to get cached scan results
03-30 13:10:09.432  1476  2391 W libbinder.ServiceManagerCppClient: Waited one second for stats (is service started? Number of threads started in the threadpool: 32. Are binder threads started and available?)
03-30 13:10:09.432  1033  3423 W libbinder.ServiceManagerCppClient: Waited one second for stats (is service started? Number of threads started in the threadpool: 6. Are binder threads started and available?)
03-30 13:10:09.432  1158 13843 W libbinder.ServiceManagerCppClient: Waited one second for stats (is service started? Number of threads started in the threadpool: 17. Are binder threads started and available?)
03-30 13:10:09.880  1476  1703 W ProcessStats: Tracking association SourceState{59ae036 system/1000 BFgs #456579} whose proc state 4 is better than process ProcessState{e88b110 com.google.android.tts/10382 pkg=com.google.android.tts} proc state 14 (31 skipped)
03-30 13:10:10.026  5021  5021 W JobService: onNetworkChanged() not implemented in com.android.providers.downloads.DownloadJobService. Must override in a subclass.
03-30 13:10:10.026  5021  5021 W JobService: onNetworkChanged() not implemented in com.android.providers.downloads.DownloadJobService. Must override in a subclass.
03-30 13:10:10.433  1476  2391 W libbinder.ServiceManagerCppClient: Waited one second for stats (is service started? Number of threads started in the threadpool: 32. Are binder threads started and available?)
03-30 13:10:10.433  1033  3423 W libbinder.ServiceManagerCppClient: Waited one second for stats (is service started? Number of threads started in the threadpool: 6. Are binder threads started and available?)
03-30 13:10:10.433  1158 13843 W libbinder.ServiceManagerCppClient: Waited one second for stats (is service started? Number of threads started in the threadpool: 17. Are binder threads started and available?)
03-30 13:10:11.434  1476  2391 W libbinder.ServiceManagerCppClient: Waited one second for stats (is service started? Number of threads started in the threadpool: 32. Are binder threads started and available?)
03-30 13:10:11.434  1033  3423 W libbinder.ServiceManagerCppClient: Waited one second for stats (is service started? Number of threads started in the threadpool: 6. Are binder threads started and available?)
03-30 13:10:11.434  1158 13843 W libbinder.ServiceManagerCppClient: Waited one second for stats (is service started? Number of threads started in the threadpool: 17. Are binder threads started and available?)
03-30 13:10:12.051  1476  4079 W ActivityManager: Receiver with filter android.content.IntentFilter@f25cc34 already registered for pid 13742, callerPackage is net.moemoe.tomorrow.myAnalogClock2
03-30 13:10:12.051  1476  4079 W ActivityManager: Receiver with filter android.content.IntentFilter@b87fa5d already registered for pid 13742, callerPackage is net.moemoe.tomorrow.myAnalogClock2
03-30 13:10:12.056  1476  4079 W ActivityManager: Foreground service started from background can not have location/camera/microphone access: service net.moemoe.tomorrow.myAnalogClock2/.ClockSystemService
03-30 13:10:12.156  1476  5364 W ActivityManager: Receiver with filter android.content.IntentFilter@417b8a3 already registered for pid 13742, callerPackage is net.moemoe.tomorrow.myAnalogClock2
03-30 13:10:12.157  1476  5364 W ActivityManager: Receiver with filter android.content.IntentFilter@96d77a0 already registered for pid 13742, callerPackage is net.moemoe.tomorrow.myAnalogClock2
03-30 13:10:12.162  1476  5364 W ActivityManager: Foreground service started from background can not have location/camera/microphone access: service net.moemoe.tomorrow.myAnalogClock2/.ClockSystemService_Small
03-30 13:10:12.259  1476  5364 W ActivityManager: Receiver with filter android.content.IntentFilter@ebfd72a already registered for pid 13742, callerPackage is net.moemoe.tomorrow.myAnalogClock2
03-30 13:10:12.260  1476  5364 W ActivityManager: Receiver with filter android.content.IntentFilter@fb9991b already registered for pid 13742, callerPackage is net.moemoe.tomorrow.myAnalogClock2
03-30 13:10:12.266  1476  5364 W ActivityManager: Foreground service started from background can not have location/camera/microphone access: service net.moemoe.tomorrow.myAnalogClock2/.ClockSystemService_Large
03-30 13:10:12.435  1476  2391 W libbinder.ServiceManagerCppClient: Waited one second for stats (is service started? Number of threads started in the threadpool: 32. Are binder threads started and available?)
03-30 13:10:12.435  1033  3423 W libbinder.ServiceManagerCppClient: Waited one second for stats (is service started? Number of threads started in the threadpool: 6. Are binder threads started and available?)
03-30 13:10:12.435  1158 13843 W libbinder.ServiceManagerCppClient: Waited one second for stats (is service started? Number of threads started in the threadpool: 17. Are binder threads started and available?)
03-30 13:10:13.436  1476  2391 W libbinder.ServiceManagerCppClient: Waited one second for stats (is service started? Number of threads started in the threadpool: 32. Are binder threads started and available?)
03-30 13:10:13.436  1158 13843 W libbinder.ServiceManagerCppClient: Waited one second for stats (is service started? Number of threads started in the threadpool: 17. Are binder threads started and available?)
03-30 13:10:13.436  1033  3423 W libbinder.ServiceManagerCppClient: Waited one second for stats (is service started? Number of threads started in the threadpool: 6. Are binder threads started and available?)
03-30 13:10:14.437  1476  2391 W libbinder.ServiceManagerCppClient: Waited one second for stats (is service started? Number of threads started in the threadpool: 32. Are binder threads started and available?)
03-30 13:10:14.437  1158 13843 W libbinder.ServiceManagerCppClient: Waited one second for stats (is service started? Number of threads started in the threadpool: 17. Are binder threads started and available?)
03-30 13:10:14.437  1033  3423 W libbinder.ServiceManagerCppClient: Waited one second for stats (is service started? Number of threads started in the threadpool: 6. Are binder threads started and available?)
03-30 13:10:15.438  1476  2391 W libbinder.ServiceManagerCppClient: Waited one second for stats (is service started? Number of threads started in the threadpool: 32. Are binder threads started and available?)
03-30 13:10:15.438  1033  3423 W libbinder.ServiceManagerCppClient: Waited one second for stats (is service started? Number of threads started in the threadpool: 6. Are binder threads started and available?)
03-30 13:10:15.438  1158 13843 W libbinder.ServiceManagerCppClient: Waited one second for stats (is service started? Number of threads started in the threadpool: 17. Are binder threads started and available?)
03-30 13:10:15.536  1476  4079 W AppOps  : Noting op not finished: uid 10322 pkg com.google.android.gms code 113 startTime of in progress event=1774901389664
03-30 13:10:15.550  1476  5364 W AppOps  : Noting op not finished: uid 10312 pkg com.google.android.apps.scone code 79 startTime of in progress event=1774896717225
03-30 13:10:15.554  1476  4076 W AppOps  : Noting op not finished: uid 10360 pkg com.google.android.apps.safetyhub code 79 startTime of in progress event=1774892054824
03-30 13:10:15.569  1476  2288 E StatsAidl: Error writing Atom ID 100242. Result: 0
03-30 13:10:15.569  1476  2288 E StatsAidl: Error writing Atom ID 100243. Result: 0
03-30 13:10:15.570  3199  3199 W JobInfo : Job 'com.google.android.apps.scone/.awareness.AwarenessJobIntentService#188052156' has a deadline with no functional constraints. The deadline won't improve job execution latency. Consider removing the deadline.
03-30 13:10:15.572  1476  2288 W JobInfo : Job 'com.google.android.apps.scone/.awareness.AwarenessJobIntentService#188052156' has a deadline with no functional constraints. The deadline won't improve job execution latency. Consider removing the deadline.
03-30 13:10:16.439  1476  2391 W libbinder.ServiceManagerCppClient: Waited one second for stats (is service started? Number of threads started in the threadpool: 32. Are binder threads started and available?)
03-30 13:10:16.439  1033  3423 W libbinder.ServiceManagerCppClient: Waited one second for stats (is service started? Number of threads started in the threadpool: 6. Are binder threads started and available?)
03-30 13:10:16.439  1158 13843 W libbinder.ServiceManagerCppClient: Waited one second for stats (is service started? Number of threads started in the threadpool: 17. Are binder threads started and available?)
03-30 13:10:17.440  1476  2391 W libbinder.ServiceManagerCppClient: Waited one second for stats (is service started? Number of threads started in the threadpool: 32. Are binder threads started and available?)
03-30 13:10:17.440  1033  3423 W libbinder.ServiceManagerCppClient: Waited one second for stats (is service started? Number of threads started in the threadpool: 6. Are binder threads started and available?)
03-30 13:10:17.440  1158 13843 W libbinder.ServiceManagerCppClient: Waited one second for stats (is service started? Number of threads started in the threadpool: 17. Are binder threads started and available?)
03-30 13:10:17.643  1476  2375 E UsbDeviceManagerJNI: usb epoll_wait failed; errno=4
03-30 13:10:17.955   592   592 W tombstoned: skipping tombstone file creation due to intercept
03-30 13:10:18.002  1476  1650 E android.os.Debug: Failed to get binder state info for pid: 2690 status: -2: Success
03-30 13:10:18.048   592   592 W tombstoned: skipping tombstone file creation due to intercept
03-30 13:10:18.055  1476  7046 W ActivityManager: Receiver with filter android.content.IntentFilter@6cbdd5a already registered for pid 13742, callerPackage is net.moemoe.tomorrow.myAnalogClock2
03-30 13:10:18.055  1476  7046 W ActivityManager: Receiver with filter android.content.IntentFilter@fdadb8b already registered for pid 13742, callerPackage is net.moemoe.tomorrow.myAnalogClock2
03-30 13:10:18.057  1476 13796 W ActivityManager: Foreground service started from background can not have location/camera/microphone access: service net.moemoe.tomorrow.myAnalogClock2/.ClockSystemService
03-30 13:10:18.082  1476  1650 E android.os.Debug: Failed to get binder state info for pid: 4329 status: -2: Success
03-30 13:10:18.159  1476  7046 W ActivityManager: Receiver with filter android.content.IntentFilter@a7c081 already registered for pid 13742, callerPackage is net.moemoe.tomorrow.myAnalogClock2
03-30 13:10:18.160  1476  7046 W ActivityManager: Receiver with filter android.content.IntentFilter@8da7526 already registered for pid 13742, callerPackage is net.moemoe.tomorrow.myAnalogClock2
03-30 13:10:18.161  1476  6961 W ActivityManager: Foreground service started from background can not have location/camera/microphone access: service net.moemoe.tomorrow.myAnalogClock2/.ClockSystemService_Small
03-30 13:10:18.178   592   592 W tombstoned: skipping tombstone file creation due to intercept
03-30 13:10:18.190  1476  1650 E android.os.Debug: Failed to get binder state info for pid: 1025 status: -2: Success
03-30 13:10:18.211 22855 22855 E cutils-trace: Error opening trace file: No such file or directory (2)
03-30 13:10:18.228   592   592 W tombstoned: skipping tombstone file creation due to intercept
03-30 13:10:18.265  1476  6961 W ActivityManager: Receiver with filter android.content.IntentFilter@b12f880 already registered for pid 13742, callerPackage is net.moemoe.tomorrow.myAnalogClock2
03-30 13:10:18.265  1476  6961 W ActivityManager: Receiver with filter android.content.IntentFilter@1cafeb9 already registered for pid 13742, callerPackage is net.moemoe.tomorrow.myAnalogClock2
03-30 13:10:18.270  1476  6961 W ActivityManager: Foreground service started from background can not have location/camera/microphone access: service net.moemoe.tomorrow.myAnalogClock2/.ClockSystemService_Large
03-30 13:10:18.303 22866 22866 E cutils-trace: Error opening trace file: No such file or directory (2)
03-30 13:10:18.341   592   592 W tombstoned: skipping tombstone file creation due to intercept
03-30 13:10:18.404  1476  1650 E android.os.Debug: Failed to get binder state info for pid: 1026 status: -2: Success
03-30 13:10:18.422 22879 22879 E cutils-trace: Error opening trace file: No such file or directory (2)
03-30 13:10:18.441  1476  2391 W libbinder.ServiceManagerCppClient: Waited one second for stats (is service started? Number of threads started in the threadpool: 32. Are binder threads started and available?)
03-30 13:10:18.441  1033  3423 W libbinder.ServiceManagerCppClient: Waited one second for stats (is service started? Number of threads started in the threadpool: 6. Are binder threads started and available?)
03-30 13:10:18.441  1158 13843 W libbinder.ServiceManagerCppClient: Waited one second for stats (is service started? Number of threads started in the threadpool: 17. Are binder threads started and available?)
03-30 13:10:18.442   592   592 W tombstoned: skipping tombstone file creation due to intercept
03-30 13:10:18.519 22892 22892 E cutils-trace: Error opening trace file: No such file or directory (2)
03-30 13:10:18.547   592   592 W tombstoned: skipping tombstone file creation due to intercept
03-30 13:10:18.596  1476  1650 E android.os.Debug: Failed to get binder state info for pid: 1157 status: -2: Success
03-30 13:10:18.867   592   592 W tombstoned: skipping tombstone file creation due to intercept
03-30 13:10:18.958  1476  1650 E android.os.Debug: Failed to get binder state info for pid: 1030 status: -2: Success
03-30 13:10:18.986 22898 22898 E cutils-trace: Error opening trace file: No such file or directory (2)
03-30 13:10:19.030   592   592 W tombstoned: skipping tombstone file creation due to intercept
03-30 13:10:19.069  1476  1650 E android.os.Debug: Failed to get binder state info for pid: 1158 status: -2: Success
03-30 13:10:19.081 22903 22903 E cutils-trace: Error opening trace file: No such file or directory (2)
03-30 13:10:19.097   592   592 W tombstoned: skipping tombstone file creation due to intercept
03-30 13:10:19.169 22909 22909 E cutils-trace: Error opening trace file: No such file or directory (2)
03-30 13:10:19.195   592   592 W tombstoned: skipping tombstone file creation due to intercept
03-30 13:10:19.234  1476  1650 E android.os.Debug: Failed to get binder state info for pid: 1224 status: -2: Success
03-30 13:10:19.272 22915 22915 E cutils-trace: Error opening trace file: No such file or directory (2)
03-30 13:10:19.305   592   592 W tombstoned: skipping tombstone file creation due to intercept
03-30 13:10:19.373  1476  1650 E android.os.Debug: Failed to get binder state info for pid: 585 status: -2: Success
03-30 13:10:19.409 22921 22921 E cutils-trace: Error opening trace file: No such file or directory (2)
03-30 13:10:19.433   592   592 W tombstoned: skipping tombstone file creation due to intercept
03-30 13:10:19.443  1476  2391 W libbinder.ServiceManagerCppClient: Waited one second for stats (is service started? Number of threads started in the threadpool: 32. Are binder threads started and available?)
03-30 13:10:19.443  1033  3423 W libbinder.ServiceManagerCppClient: Waited one second for stats (is service started? Number of threads started in the threadpool: 6. Are binder threads started and available?)
03-30 13:10:19.443  1158 13843 W libbinder.ServiceManagerCppClient: Waited one second for stats (is service started? Number of threads started in the threadpool: 17. Are binder threads started and available?)
03-30 13:10:19.482  1476  1650 E android.os.Debug: Failed to get binder state info for pid: 394 status: -2: Success
03-30 13:10:19.511 22928 22928 E cutils-trace: Error opening trace file: No such file or directory (2)
03-30 13:10:19.530   592   592 W tombstoned: skipping tombstone file creation due to intercept
03-30 13:10:19.577  1476  1650 E android.os.Debug: Failed to get binder state info for pid: 972 status: -2: Success
03-30 13:10:19.599 22934 22934 E cutils-trace: Error opening trace file: No such file or directory (2)
03-30 13:10:19.611   592   592 W tombstoned: skipping tombstone file creation due to intercept
03-30 13:10:19.656  1476  1650 E android.os.Debug: Failed to get binder state info for pid: 2637 status: -2: Success
03-30 13:10:19.703 22939 22939 E cutils-trace: Error opening trace file: No such file or directory (2)
03-30 13:10:19.867   592   592 W tombstoned: skipping tombstone file creation due to intercept
03-30 13:10:19.917  1476  1650 E android.os.Debug: Failed to get binder state info for pid: 975 status: -2: Success
03-30 13:10:19.938 22945 22945 E cutils-trace: Error opening trace file: No such file or directory (2)
03-30 13:10:19.965   592   592 W tombstoned: skipping tombstone file creation due to intercept
03-30 13:10:20.004  1476  1650 E android.os.Debug: Failed to get binder state info for pid: 977 status: -2: Success
03-30 13:10:20.015 22950 22950 E cutils-trace: Error opening trace file: No such file or directory (2)
03-30 13:10:20.022   592   592 W tombstoned: skipping tombstone file creation due to intercept
03-30 13:10:20.066 22960 22960 E cutils-trace: Error opening trace file: No such file or directory (2)
03-30 13:10:20.079   592   592 W tombstoned: skipping tombstone file creation due to intercept
03-30 13:10:20.112  1476  1650 E android.os.Debug: Failed to get binder state info for pid: 1177 status: -2: Success
03-30 13:10:20.126 22973 22973 E cutils-trace: Error opening trace file: No such file or directory (2)
03-30 13:10:20.136   592   592 W tombstoned: skipping tombstone file creation due to intercept
03-30 13:10:20.168  1476  1650 E android.os.Debug: Failed to get binder state info for pid: 1056 status: -2: Success
03-30 13:10:20.185 22980 22980 E cutils-trace: Error opening trace file: No such file or directory (2)
03-30 13:10:20.194  1476  7046 W ProcessStats: Tracking association SourceState{268958d com.android.vending:background/10347 ImpBg #456651} whose proc state 6 is better than process ProcessState{f927814 com.android.vending/10347 pkg=com.android.vending} proc state 14 (1 skipped)
03-30 13:10:20.195   592   592 W tombstoned: skipping tombstone file creation due to intercept
03-30 13:10:20.241  1476  1650 E android.os.Debug: Failed to get binder state info for pid: 2401 status: -2: Success
03-30 13:10:20.258 22998 22998 E cutils-trace: Error opening trace file: No such file or directory (2)
03-30 13:10:20.275   592   592 W tombstoned: skipping tombstone file creation due to intercept
03-30 13:10:20.319  1476  1650 E android.os.Debug: Failed to get binder state info for pid: 993 status: -2: Success
03-30 13:10:20.345 23007 23007 E cutils-trace: Error opening trace file: No such file or directory (2)
03-30 13:10:20.388   592   592 W tombstoned: skipping tombstone file creation due to intercept
03-30 13:10:20.444  1476  2391 W libbinder.ServiceManagerCppClient: Waited one second for stats (is service started? Number of threads started in the threadpool: 32. Are binder threads started and available?)
03-30 13:10:20.444  1033  3423 W libbinder.ServiceManagerCppClient: Waited one second for stats (is service started? Number of threads started in the threadpool: 6. Are binder threads started and available?)
03-30 13:10:20.444  1158 13843 W libbinder.ServiceManagerCppClient: Waited one second for stats (is service started? Number of threads started in the threadpool: 17. Are binder threads started and available?)
03-30 13:10:20.481 23012 23012 E cutils-trace: Error opening trace file: No such file or directory (2)
03-30 13:10:20.525   592   592 W tombstoned: skipping tombstone file creation due to intercept
03-30 13:10:20.607 23017 23017 E cutils-trace: Error opening trace file: No such file or directory (2)
03-30 13:10:20.642   592   592 W tombstoned: skipping tombstone file creation due to intercept
03-30 13:10:20.741 23027 23027 E cutils-trace: Error opening trace file: No such file or directory (2)
03-30 13:10:20.776   592   592 W tombstoned: skipping tombstone file creation due to intercept
03-30 13:10:20.826  1476  1650 E android.os.Debug: Failed to get binder state info for pid: 1004 status: -2: Success
03-30 13:10:21.097   592   592 W tombstoned: skipping tombstone file creation due to intercept
03-30 13:10:21.121  5021  5021 W JobService: onNetworkChanged() not implemented in com.android.providers.downloads.DownloadJobService. Must override in a subclass.
03-30 13:10:21.122 31361 31361 W JobService: onNetworkChanged() not implemented in com.google.android.datatransport.runtime.scheduling.jobscheduling.JobInfoSchedulerService. Must override in a subclass.
03-30 13:10:21.168 23035 23035 E cutils-trace: Error opening trace file: No such file or directory (2)
03-30 13:10:21.170 23036 23036 F crash_dump64: crash_dump.cpp:657] failed to attach to thread 428: Permission denied
03-30 13:10:21.171   592   592 W tombstoned: crash socket received short read of length 0 (expected 12)
03-30 13:10:21.171   428   428 F libc    : Unwind request: crash_dump helper failed to exec, or was killed
03-30 13:10:21.203  1476  1650 E android.os.Debug: Failed to get binder state info for pid: 1007 status: -2: Success
03-30 13:10:21.218 23039 23039 E cutils-trace: Error opening trace file: No such file or directory (2)
03-30 13:10:21.235   592   592 W tombstoned: skipping tombstone file creation due to intercept
03-30 13:10:21.303 23044 23044 E cutils-trace: Error opening trace file: No such file or directory (2)
03-30 13:10:21.358   592   592 W tombstoned: skipping tombstone file creation due to intercept
03-30 13:10:21.398  1476  1650 E android.os.Debug: Failed to get binder state info for pid: 435 status: -2: Success
03-30 13:10:21.422 23049 23049 E cutils-trace: Error opening trace file: No such file or directory (2)
03-30 13:10:21.441   592   592 W tombstoned: skipping tombstone file creation due to intercept
03-30 13:10:21.444  1476  2391 W libbinder.ServiceManagerCppClient: Waited one second for stats (is service started? Number of threads started in the threadpool: 32. Are binder threads started and available?)
03-30 13:10:21.445  1033  3423 W libbinder.ServiceManagerCppClient: Waited one second for stats (is service started? Number of threads started in the threadpool: 6. Are binder threads started and available?)
03-30 13:10:21.446  1158 13843 W libbinder.ServiceManagerCppClient: Waited one second for stats (is service started? Number of threads started in the threadpool: 17. Are binder threads started and available?)
03-30 13:10:21.531 23054 23054 E cutils-trace: Error opening trace file: No such file or directory (2)
03-30 13:10:21.590   592   592 W tombstoned: skipping tombstone file creation due to intercept
03-30 13:10:21.645  1476  1650 E android.os.Debug: Failed to get binder state info for pid: 1524 status: -2: Success
03-30 13:10:21.671 23060 23060 E cutils-trace: Error opening trace file: No such file or directory (2)
03-30 13:10:21.684   592   592 W tombstoned: skipping tombstone file creation due to intercept
03-30 13:10:21.730  1476  1650 E android.os.Debug: Failed to get binder state info for pid: 2486 status: -2: Success
03-30 13:10:21.760 23065 23065 E cutils-trace: Error opening trace file: No such file or directory (2)
03-30 13:10:21.778   592   592 W tombstoned: skipping tombstone file creation due to intercept
03-30 13:10:21.839  1476  1650 E android.os.Debug: Failed to get binder state info for pid: 953 status: -2: Success
03-30 13:10:21.884 23071 23071 E cutils-trace: Error opening trace file: No such file or directory (2)
03-30 13:10:21.937   592   592 W tombstoned: skipping tombstone file creation due to intercept
03-30 13:10:21.985  1476  1650 E android.os.Debug: Failed to get binder state info for pid: 1081 status: -2: Success
03-30 13:10:21.999 23078 23078 E cutils-trace: Error opening trace file: No such file or directory (2)
03-30 13:10:22.011   592   592 W tombstoned: skipping tombstone file creation due to intercept
03-30 13:10:22.446  1476  2391 W libbinder.ServiceManagerCppClient: Waited one second for stats (is service started? Number of threads started in the threadpool: 32. Are binder threads started and available?)
03-30 13:10:22.446  1033  3423 W libbinder.ServiceManagerCppClient: Waited one second for stats (is service started? Number of threads started in the threadpool: 6. Are binder threads started and available?)
03-30 13:10:22.447  1158 13843 W libbinder.ServiceManagerCppClient: Waited one second for stats (is service started? Number of threads started in the threadpool: 17. Are binder threads started and available?)
03-30 13:10:22.621   592   592 W tombstoned: skipping tombstone file creation due to intercept
03-30 13:10:22.685  1476  1650 E android.os.Debug: Failed to get binder state info for pid: 955 status: -2: Success
03-30 13:10:22.713 23083 23083 E cutils-trace: Error opening trace file: No such file or directory (2)
03-30 13:10:22.745   592   592 W tombstoned: skipping tombstone file creation due to intercept
03-30 13:10:22.801  1476  1650 E android.os.Debug: Failed to get binder state info for pid: 2491 status: -2: Success
03-30 13:10:22.827 23089 23089 E cutils-trace: Error opening trace file: No such file or directory (2)
03-30 13:10:22.847   592   592 W tombstoned: skipping tombstone file creation due to intercept
03-30 13:10:22.991 23094 23094 E cutils-trace: Error opening trace file: No such file or directory (2)
03-30 13:10:23.113   592   592 W tombstoned: skipping tombstone file creation due to intercept
03-30 13:10:23.164  1476  1650 E android.os.Debug: Failed to get binder state info for pid: 958 status: -2: Success
03-30 13:10:23.178 23104 23104 E cutils-trace: Error opening trace file: No such file or directory (2)
03-30 13:10:23.187   592   592 W tombstoned: skipping tombstone file creation due to intercept
03-30 13:10:23.447  1033  3423 W libbinder.ServiceManagerCppClient: Waited one second for stats (is service started? Number of threads started in the threadpool: 6. Are binder threads started and available?)
03-30 13:10:23.447  1158 13843 W libbinder.ServiceManagerCppClient: Waited one second for stats (is service started? Number of threads started in the threadpool: 17. Are binder threads started and available?)
03-30 13:10:23.448  1476  2391 W libbinder.ServiceManagerCppClient: Waited one second for stats (is service started? Number of threads started in the threadpool: 32. Are binder threads started and available?)
03-30 13:10:24.062  1476  4688 W ActivityManager: Receiver with filter android.content.IntentFilter@dad157d already registered for pid 13742, callerPackage is net.moemoe.tomorrow.myAnalogClock2
03-30 13:10:24.063  1476  4688 W ActivityManager: Receiver with filter android.content.IntentFilter@aec6c72 already registered for pid 13742, callerPackage is net.moemoe.tomorrow.myAnalogClock2
03-30 13:10:24.068  1476  4876 W ActivityManager: Foreground service started from background can not have location/camera/microphone access: service net.moemoe.tomorrow.myAnalogClock2/.ClockSystemService
03-30 13:10:24.154  5021  5021 W JobService: onNetworkChanged() not implemented in com.android.providers.downloads.DownloadJobService. Must override in a subclass.
03-30 13:10:24.164  1476  4876 W ActivityManager: Receiver with filter android.content.IntentFilter@c352540 already registered for pid 13742, callerPackage is net.moemoe.tomorrow.myAnalogClock2
03-30 13:10:24.164  1476  5364 W ActivityManager: Receiver with filter android.content.IntentFilter@37a8c79 already registered for pid 13742, callerPackage is net.moemoe.tomorrow.myAnalogClock2
03-30 13:10:24.166  1476  5364 W ActivityManager: Foreground service started from background can not have location/camera/microphone access: service net.moemoe.tomorrow.myAnalogClock2/.ClockSystemService_Small
03-30 13:10:24.274  1476  5364 W ActivityManager: Receiver with filter android.content.IntentFilter@d0add3b already registered for pid 13742, callerPackage is net.moemoe.tomorrow.myAnalogClock2
03-30 13:10:24.274  1476  5364 W ActivityManager: Receiver with filter android.content.IntentFilter@3aa5c58 already registered for pid 13742, callerPackage is net.moemoe.tomorrow.myAnalogClock2
03-30 13:10:24.279  1476  6961 W ActivityManager: Foreground service started from background can not have location/camera/microphone access: service net.moemoe.tomorrow.myAnalogClock2/.ClockSystemService_Large
03-30 13:10:24.449  1033  3423 W libbinder.ServiceManagerCppClient: Waited one second for stats (is service started? Number of threads started in the threadpool: 6. Are binder threads started and available?)
03-30 13:10:24.449  1158 13843 W libbinder.ServiceManagerCppClient: Waited one second for stats (is service started? Number of threads started in the threadpool: 17. Are binder threads started and available?)
03-30 13:10:24.449  1476  2391 W libbinder.ServiceManagerCppClient: Waited one second for stats (is service started? Number of threads started in the threadpool: 32. Are binder threads started and available?)
03-30 13:10:25.284  1476  6961 E StatsAidl: Error writing Atom ID 100131. Result: 0
03-30 13:10:25.289  1476  6961 E StatsAidl: Error writing Atom ID 100131. Result: 0
03-30 13:10:25.298 31361 31361 W AmazonKindle.ci.i: [main]: Detected invalid event action 0 during the touch where-in the activity might be still running
03-30 13:10:25.298 31361 31361 W AmazonKindle.ci.i: [main]: Detected invalid event action 0 during the touch event
03-30 13:10:25.324 31361 31361 W AmazonKindle.ci.i: [main]: Detected invalid event action 2 during the touch event
03-30 13:10:25.334 31361 31361 W AmazonKindle.ci.i: [main]: Detected invalid event action 2 during the touch event
03-30 13:10:25.347 31361 31361 W AmazonKindle.ci.i: [main]: Detected invalid event action 2 during the touch event
03-30 13:10:25.363 31361 31361 W AmazonKindle.ci.i: [main]: Detected invalid event action 2 during the touch event
03-30 13:10:25.377 31361 31361 W AmazonKindle.ci.i: [main]: Detected invalid event action 2 during the touch event
03-30 13:10:25.408 31361 31361 W AmazonKindle.com.amazon.kindle.krx.reader.PositionChangedEventHandler: [main]: UNKNOWN navigation direction, using NEXT
03-30 13:10:25.415 31361 31361 W AmazonKindle.ci.i: [main]: Detected invalid event action 2 during the touch event
03-30 13:10:25.421 31361 31361 W AmazonKindle.ci.i: [main]: Detected invalid event action 2 during the touch event
03-30 13:10:25.427 31361 31361 W AmazonKindle.ci.i: [main]: Detected invalid event action 2 during the touch event
03-30 13:10:25.435 31361 31361 W AmazonKindle.ci.i: [main]: Detected invalid event action 2 during the touch event
03-30 13:10:25.444 31361 31361 W AmazonKindle.ci.i: [main]: Detected invalid event action 2 during the touch event
03-30 13:10:25.450  1033  3423 W libbinder.ServiceManagerCppClient: Waited one second for stats (is service started? Number of threads started in the threadpool: 6. Are binder threads started and available?)
03-30 13:10:25.450  1476  2391 W libbinder.ServiceManagerCppClient: Waited one second for stats (is service started? Number of threads started in the threadpool: 32. Are binder threads started and available?)
03-30 13:10:25.450  1158 13843 W libbinder.ServiceManagerCppClient: Waited one second for stats (is service started? Number of threads started in the threadpool: 17. Are binder threads started and available?)
03-30 13:10:25.453 31361 31361 W AmazonKindle.ci.i: [main]: Detected invalid event action 2 during the touch event
03-30 13:10:25.461 31361 31361 W AmazonKindle.ci.i: [main]: Detected invalid event action 2 during the touch event
03-30 13:10:25.469 31361 31361 W AmazonKindle.ci.i: [main]: Detected invalid event action 2 during the touch event
03-30 13:10:25.477 31361 31361 W AmazonKindle.ci.i: [main]: Detected invalid event action 2 during the touch event
03-30 13:10:25.486 31361 31361 W AmazonKindle.ci.i: [main]: Detected invalid event action 2 during the touch event
03-30 13:10:25.494 31361 31361 W AmazonKindle.ci.i: [main]: Detected invalid event action 2 during the touch event
03-30 13:10:25.503 31361 31361 W AmazonKindle.ci.i: [main]: Detected invalid event action 2 during the touch event
03-30 13:10:25.511 31361 31361 W AmazonKindle.ci.i: [main]: Detected invalid event action 2 during the touch event
03-30 13:10:25.519 31361 31361 W AmazonKindle.ci.i: [main]: Detected invalid event action 2 during the touch event
03-30 13:10:25.527 31361 31361 W AmazonKindle.ci.i: [main]: Detected invalid event action 2 during the touch event
03-30 13:10:25.536 31361 31361 W AmazonKindle.ci.i: [main]: Detected invalid event action 2 during the touch event
03-30 13:10:25.544 31361 31361 W AmazonKindle.ci.i: [main]: Detected invalid event action 2 during the touch event
03-30 13:10:25.552 31361 31361 W AmazonKindle.ci.i: [main]: Detected invalid event action 2 during the touch event
03-30 13:10:25.561 31361 31361 W AmazonKindle.ci.i: [main]: Detected invalid event action 2 during the touch event
03-30 13:10:25.569 31361 31361 W AmazonKindle.ci.i: [main]: Detected invalid event action 2 during the touch event
03-30 13:10:25.577 31361 31361 W AmazonKindle.ci.i: [main]: Detected invalid event action 2 during the touch event
03-30 13:10:25.594 31361 31361 W AmazonKindle.ci.i: [main]: Detected invalid event action 2 during the touch event
03-30 13:10:25.602 31361 31361 W AmazonKindle.ci.i: [main]: Detected invalid event action 2 during the touch event
03-30 13:10:25.611 31361 31361 W AmazonKindle.ci.i: [main]: Detected invalid event action 2 during the touch event
03-30 13:10:25.619 31361 31361 W AmazonKindle.ci.i: [main]: Detected invalid event action 2 during the touch event
03-30 13:10:25.627 31361 31361 W AmazonKindle.ci.i: [main]: Detected invalid event action 2 during the touch event
03-30 13:10:25.635 31361 31361 W AmazonKindle.ci.i: [main]: Detected invalid event action 2 during the touch event
03-30 13:10:25.644 31361 31361 W AmazonKindle.ci.i: [main]: Detected invalid event action 2 during the touch event
03-30 13:10:25.652 31361 31361 W AmazonKindle.ci.i: [main]: Detected invalid event action 2 during the touch event
03-30 13:10:25.661 31361 31361 W AmazonKindle.ci.i: [main]: Detected invalid event action 2 during the touch event
03-30 13:10:25.669 31361 31361 W AmazonKindle.ci.i: [main]: Detected invalid event action 2 during the touch event
03-30 13:10:25.677 31361 31361 W AmazonKindle.ci.i: [main]: Detected invalid event action 2 during the touch event
03-30 13:10:25.686 31361 31361 W AmazonKindle.ci.i: [main]: Detected invalid event action 2 during the touch event
03-30 13:10:25.694 31361 31361 W AmazonKindle.ci.i: [main]: Detected invalid event action 2 during the touch event
03-30 13:10:25.702 31361 31361 W AmazonKindle.ci.i: [main]: Detected invalid event action 2 during the touch event
03-30 13:10:25.710 31361 31361 W AmazonKindle.ci.i: [main]: Detected invalid event action 2 during the touch event
03-30 13:10:25.719 31361 31361 W AmazonKindle.ci.i: [main]: Detected invalid event action 2 during the touch event
03-30 13:10:25.728 31361 31361 W AmazonKindle.ci.i: [main]: Detected invalid event action 2 during the touch event
03-30 13:10:25.736 31361 31361 W AmazonKindle.ci.i: [main]: Detected invalid event action 2 during the touch event
03-30 13:10:25.744 31361 31361 W AmazonKindle.ci.i: [main]: Detected invalid event action 2 during the touch event
03-30 13:10:25.752 31361 31361 W AmazonKindle.ci.i: [main]: Detected invalid event action 2 during the touch event
03-30 13:10:25.761 31361 31361 W AmazonKindle.ci.i: [main]: Detected invalid event action 2 during the touch event
03-30 13:10:25.769 31361 31361 W AmazonKindle.ci.i: [main]: Detected invalid event action 2 during the touch event
03-30 13:10:25.777 31361 31361 W AmazonKindle.ci.i: [main]: Detected invalid event action 2 during the touch event
03-30 13:10:25.785 31361 31361 W AmazonKindle.ci.i: [main]: Detected invalid event action 2 during the touch event
03-30 13:10:25.794 31361 31361 W AmazonKindle.ci.i: [main]: Detected invalid event action 2 during the touch event
03-30 13:10:25.802 31361 31361 W AmazonKindle.ci.i: [main]: Detected invalid event action 2 during the touch event
03-30 13:10:25.811 31361 31361 W AmazonKindle.ci.i: [main]: Detected invalid event action 2 during the touch event
03-30 13:10:25.819 31361 31361 W AmazonKindle.ci.i: [main]: Detected invalid event action 2 during the touch event
03-30 13:10:25.827 31361 31361 W AmazonKindle.ci.i: [main]: Detected invalid event action 2 during the touch event
03-30 13:10:25.836 31361 31361 W AmazonKindle.ci.i: [main]: Detected invalid event action 2 during the touch event
03-30 13:10:25.844 31361 31361 W AmazonKindle.ci.i: [main]: Detected invalid event action 2 during the touch event
03-30 13:10:25.852 31361 31361 W AmazonKindle.com.amazon.kindle.krx.reader.PositionChangedEventHandler: [main]: UNKNOWN navigation direction, using NEXT
03-30 13:10:25.861 31361 31361 W AmazonKindle.ci.i: [main]: Detected invalid event action 2 during the touch event
03-30 13:10:25.869 31361 31361 W AmazonKindle.ci.i: [main]: Detected invalid event action 2 during the touch event
03-30 13:10:25.878 31361 31361 W AmazonKindle.ci.i: [main]: Detected invalid event action 2 during the touch event
03-30 13:10:25.885 31361 31361 W AmazonKindle.ci.i: [main]: Detected invalid event action 2 during the touch event
03-30 13:10:25.894 31361 31361 W AmazonKindle.ci.i: [main]: Detected invalid event action 2 during the touch event
03-30 13:10:25.902 31361 31361 W AmazonKindle.ci.i: [main]: Detected invalid event action 2 during the touch event
