03-30 13:56:29.784  1487  1487 W NotificationManagerService.NotificationListeners: Unable to bind notification listener service: Intent { act=android.service.notification.NotificationListenerService xflg=0x4 cmp=com.google.vr.vrcore/.notification.VrNotificationService (has extras) } in user 0
03-30 13:56:29.784  1487  1487 W ActivityManager: Unable to start service Intent { act=android.service.notification.NotificationListenerService cmp=com.google.android.apps.dreamliner/.notification.DreamlinerNotificationService } U=0: not found
03-30 13:56:29.784  1487  1487 W NotificationManagerService.NotificationListeners: Unable to bind notification listener service: Intent { act=android.service.notification.NotificationListenerService xflg=0x4 cmp=com.google.android.apps.dreamliner/.notification.DreamlinerNotificationService (has extras) } in user 0
03-30 13:56:29.784  1487  1487 W ActivityManager: Unable to start service Intent { act=android.service.notification.NotificationListenerService cmp=com.google.android.apps.nexuslauncher/com.android.launcher3.notification.NotificationListener } U=0: not found
03-30 13:56:29.784  1487  1487 W NotificationManagerService.NotificationListeners: Unable to bind notification listener service: Intent { act=android.service.notification.NotificationListenerService xflg=0x4 cmp=com.google.android.apps.nexuslauncher/com.android.launcher3.notification.NotificationListener (has extras) } in user 0
03-30 13:56:29.784  1487  1487 W ActivityManager: Unable to start service Intent { act=android.service.notification.NotificationListenerService cmp=com.google.android.as/com.google.android.apps.miphone.aiai.common.notification.service.AiAiNotificationListenerService } U=0: not found
03-30 13:56:29.784  1487  1487 W NotificationManagerService.NotificationListeners: Unable to bind notification listener service: Intent { act=android.service.notification.NotificationListenerService xflg=0x4 cmp=com.google.android.as/com.google.android.apps.miphone.aiai.common.notification.service.AiAiNotificationListenerService (has extras) } in user 0
03-30 13:56:29.786  1487  1487 W ActivityManager: Skipping saving the start info due to ongoing loading from storage
03-30 13:56:29.787  1487  1814 W PinnerService: Could not find pinlist.meta for "/system_ext/priv-app/NexusLauncherRelease/NexusLauncherRelease.apk": pinning as blob
03-30 13:56:29.791  1487  1487 W SystemServiceManager: Service com.android.server.notification.NotificationManagerService took 67 ms in onStart
03-30 13:56:29.802  1487  1487 E SystemServiceRegistry: Manager wrapper not available: keyguard
03-30 13:56:29.860  1487  1487 E PowerManagerService: Tried to acquire wake lock for invalid display: 0
03-30 13:56:29.870  1487  1487 W WiredAccessoryManager: This kernel does not have usb audio support
03-30 13:56:29.870  1487  1487 W WiredAccessoryManager: This kernel does not have HDMI audio support
03-30 13:56:29.870  1487  1487 E WiredAccessoryManager: file /sys/devices/platform/soc/soc:qcom,msm-ext-disp/extcon/extcon3/name not found
03-30 13:56:29.870  1487  1487 W WiredAccessoryManager: Conn soc:qcom,msm-ext-disp/3/1 does not have DP audio support
03-30 13:56:29.870  1487  1487 E WiredAccessoryManager: file /sys/devices/platform/soc/soc:qcom,msm-ext-disp/extcon/extcon2/name not found
03-30 13:56:29.870  1487  1487 W WiredAccessoryManager: Conn soc:qcom,msm-ext-disp/2/1 does not have DP audio support
03-30 13:56:29.870  1487  1487 E WiredAccessoryManager: file /sys/devices/platform/soc/soc:qcom,msm-ext-disp/extcon/extcon1/name not found
03-30 13:56:29.870  1487  1487 W WiredAccessoryManager: Conn soc:qcom,msm-ext-disp/1/1 does not have DP audio support
03-30 13:56:29.870  1487  1487 E WiredAccessoryManager: file /sys/devices/platform/soc/soc:qcom,msm-ext-disp/extcon/extcon0/name not found
03-30 13:56:29.870  1487  1487 W WiredAccessoryManager: Conn soc:qcom,msm-ext-disp/0/1 does not have DP audio support
03-30 13:56:29.870  1487  1487 E WiredAccessoryManager: file /sys/devices/platform/soc/soc:qcom,msm-ext-disp/extcon/extcon3/name not found
03-30 13:56:29.870  1487  1487 W WiredAccessoryManager: Conn soc:qcom,msm-ext-disp/3/0 does not have DP audio support
03-30 13:56:29.870  1487  1487 E WiredAccessoryManager: file /sys/devices/platform/soc/soc:qcom,msm-ext-disp/extcon/extcon2/name not found
03-30 13:56:29.870  1487  1487 W WiredAccessoryManager: Conn soc:qcom,msm-ext-disp/2/0 does not have DP audio support
03-30 13:56:29.870  1487  1487 E WiredAccessoryManager: file /sys/devices/platform/soc/soc:qcom,msm-ext-disp/extcon/extcon1/name not found
03-30 13:56:29.870  1487  1487 W WiredAccessoryManager: Conn soc:qcom,msm-ext-disp/1/0 does not have DP audio support
03-30 13:56:29.870  1487  1487 E WiredAccessoryManager: file /sys/devices/platform/soc/soc:qcom,msm-ext-disp/extcon/extcon0/name not found
03-30 13:56:29.870  1487  1487 W WiredAccessoryManager: Conn soc:qcom,msm-ext-disp/0/0 does not have DP audio support
03-30 13:56:29.872  1487  1487 W AdbAuthorizationStore: Ignoring tag 'keyStore'. Not recognized.
03-30 13:56:29.878  1487  2355 W BroadcastLoopers: Found previously unknown looper Thread[AudioService,5,main]
03-30 13:56:29.877     0     0 W servicemanager: Service 'serial' originally registered from UID 0 but it is now being registered from UID 1000. Multiple instances installed?
03-30 13:56:29.877     0     0 W servicemanager: Service 'serial' originally registered from SID u:r:su:s0 but it is now being registered from SID u:r:system_server:s0. Multiple instances installed?
03-30 13:56:29.878  1487  2236 W StorageManagerService: No primary storage defined yet; hacking together a stub
03-30 13:56:29.879  1487  2006 E UsbDeviceManager: Usb getCurrentUsbFunctionsCb failed ,functions:1 ,status:2 ,transactionId:1
03-30 13:56:29.943     0     0 W init    : Activation of cgroup controller +memory failed in path /sys/fs/cgroup/system/uid_1000: Invalid argument
03-30 13:56:29.981  1487  1487 E AutofillManagerServiceImpl: Bad service name: com.google.android.gms/.autofill.service.AutofillService
03-30 13:56:29.981  1487  1487 E RemoteAugmentedAutofillService: Bad service name for flags 1048704: com.google.android.as/com.google.android.apps.miphone.aiai.app.AiAiAugmentedAutofillService
03-30 13:56:30.006  1487  1487 W PocketService: Un-handled boot phase:480
03-30 13:56:30.009  1487  1487 W BatteryStatsImpl: Unexpected per uid modem model name ()
03-30 13:56:30.019  1487  1487 E DisplayPowerController[0]: failed to set up display white-balance: java.lang.IllegalStateException: cannot find sensor com.google.sensor.color
03-30 13:56:30.023  1487  1487 E DeviceConfig: Parsing int failed for location_mode
03-30 13:56:30.026  1487  1849 W KeyguardServiceDelegate: onScreenTurningOn(): no keyguard service!
03-30 13:56:30.056     0     0 W healthd : battery l=70 v=3900 t=27.8 h=2 st=3 c=-2646875 fc=4730000 cc=132 chg=
03-30 13:56:30.078  1487  1827 W KernelCpuUidFreqTimeBpfMapReader: Failed to start tracking
03-30 13:56:30.078  1487  1827 W KernelCpuProcStringReader: File not found. It's normal if not implemented: /proc/uid_time_in_state
03-30 13:56:30.079  1487  1827 W KernelCpuUidActiveTimeBpfMapReader: Failed to start tracking
03-30 13:56:30.079  1487  1827 W KernelCpuProcStringReader: File not found. It's normal if not implemented: /proc/uid_concurrent_active_time
03-30 13:56:30.079  1487  1827 W KernelCpuUidClusterTimeBpfMapReader: Failed to start tracking
03-30 13:56:30.079  1487  1827 W KernelCpuProcStringReader: File not found. It's normal if not implemented: /proc/uid_concurrent_policy_time
03-30 13:56:30.084  1487  1827 W KernelMemoryBandwidthStats: No kernel memory bandwidth stats available
03-30 13:56:30.101  1487  1827 W BroadcastLoopers: Found previously unknown looper Thread[batterystats-handler,5,main]
03-30 13:56:30.109  1487  2313 W BroadcastLoopers: Found previously unknown looper Thread[WifiHandlerThread,5,main]
03-30 13:56:30.116     0     0 W healthd : battery l=70 v=3900 t=27.8 h=2 st=3 c=-2646875 fc=4730000 cc=132 chg=
03-30 13:56:30.134  1487  1814 E KernelCpuThreadReader: Failed to initialize KernelCpuThreadReader
03-30 13:56:30.134  1487  1814 E KernelCpuThreadReader: java.nio.file.NoSuchFileException: /proc/self/time_in_state
03-30 13:56:30.134  1487  1814 E KernelCpuThreadReader: 	at sun.nio.fs.UnixFileSystemProvider.newByteChannel(UnixFileSystemProvider.java:220)
03-30 13:56:30.134  1487  1814 E KernelCpuThreadReader: 	at java.nio.file.Files.newByteChannel(Files.java:371)
03-30 13:56:30.134  1487  1814 E KernelCpuThreadReader: 	at java.nio.file.Files.newByteChannel(Files.java:422)
03-30 13:56:30.134  1487  1814 E KernelCpuThreadReader: 	at java.nio.file.Files.readAllBytes(Files.java:3214)
03-30 13:56:30.134  1487  1814 E KernelCpuThreadReader: 	at com.android.internal.os.ProcTimeInStateReader.initializeTimeInStateFormat(ProcTimeInStateReader.java:159)
03-30 13:56:30.134  1487  1814 E KernelCpuThreadReader: 	at com.android.internal.os.ProcTimeInStateReader.<init>(ProcTimeInStateReader.java:106)
03-30 13:56:30.134  1487  1814 E KernelCpuThreadReader: 	at com.android.internal.os.KernelCpuThreadReader.<init>(KernelCpuThreadReader.java:138)
03-30 13:56:30.134  1487  1814 E KernelCpuThreadReader: 	at com.android.internal.os.KernelCpuThreadReader.create(KernelCpuThreadReader.java:151)
03-30 13:56:30.134  1487  1814 E KernelCpuThreadReader: 	at com.android.internal.os.KernelCpuThreadReaderSettingsObserver.<init>(KernelCpuThreadReaderSettingsObserver.java:95)
03-30 13:56:30.134  1487  1814 E KernelCpuThreadReader: 	at com.android.internal.os.KernelCpuThreadReaderSettingsObserver.getSettingsModifiedReader(KernelCpuThreadReaderSettingsObserver.java:80)
03-30 13:56:30.134  1487  1814 E KernelCpuThreadReader: 	at com.android.server.stats.pull.StatsPullAtomService.initializePullersState(StatsPullAtomService.java:937)
03-30 13:56:30.134  1487  1814 E KernelCpuThreadReader: 	at com.android.server.stats.pull.StatsPullAtomService.lambda$onBootPhase$0(StatsPullAtomService.java:891)
03-30 13:56:30.134  1487  1814 E KernelCpuThreadReader: 	at com.android.server.stats.pull.StatsPullAtomService.$r8$lambda$qb74jErDmbpYjoDRKkDDIHHyoHk(StatsPullAtomService.java:0)
03-30 13:56:30.134  1487  1814 E KernelCpuThreadReader: 	at com.android.server.stats.pull.StatsPullAtomService$$ExternalSyntheticLambda0.run(R8$$SyntheticClass:0)
03-30 13:56:30.134  1487  1814 E KernelCpuThreadReader: 	at android.os.Handler.handleCallback(Handler.java:1070)
03-30 13:56:30.134  1487  1814 E KernelCpuThreadReader: 	at android.os.Handler.dispatchMessage(Handler.java:125)
03-30 13:56:30.134  1487  1814 E KernelCpuThreadReader: 	at android.os.Looper.dispatchMessage(Looper.java:333)
03-30 13:56:30.134  1487  1814 E KernelCpuThreadReader: 	at android.os.Looper.loopOnce(Looper.java:263)
03-30 13:56:30.134  1487  1814 E KernelCpuThreadReader: 	at android.os.Looper.loop(Looper.java:367)
03-30 13:56:30.134  1487  1814 E KernelCpuThreadReader: 	at android.os.HandlerThread.run(HandlerThread.java:139)
03-30 13:56:30.136  1020  1081 W vendor.google.wifi_ext-service-vendor: Duplicate death notification registration
03-30 13:56:30.148  1487  1487 E UserManagerService: Auto-lock preference updated but private space user not found
03-30 13:56:30.149  1020  1081 W vendor.google.wifi_ext-service-vendor: No active wlan interfaces in use! Using default
03-30 13:56:30.150  1020  1081 E vendor.google.wifi_ext-service-vendor: Unknown iface name: wlan0
03-30 13:56:30.150  1020  1081 E vendor.google.wifi_ext-service-vendor: Unknown iface name: wlan0
03-30 13:56:30.151  1020  1081 W vendor.google.wifi_ext-service-vendor: No active wlan interfaces in use! Using default
03-30 13:56:30.151  1020  1081 E vendor.google.wifi_ext-service-vendor: Unknown iface name: wlan0
03-30 13:56:30.151  1020  1081 E vendor.google.wifi_ext-service-vendor: Unknown iface name: wlan0
03-30 13:56:30.152  1020  1081 W vendor.google.wifi_ext-service-vendor: No active wlan interfaces in use! Using default
03-30 13:56:30.152  1020  1081 E vendor.google.wifi_ext-service-vendor: Unknown iface name: wlan0
03-30 13:56:30.152  1020  1081 E vendor.google.wifi_ext-service-vendor: Unknown iface name: wlan0
03-30 13:56:30.176  1487  1860 W PackageManager: Not removing package com.google.android.libraries.internal.sampleads_20009 hosting lib com.google.android.libraries.internal.sampleads version 20009 used by [VersionedPackage[com.google.android.play.games/624524440]] for user 0
03-30 13:56:30.188     0     0 E cpif    : check_txq_space: PCIE: NOSPC FMT_TX{qsize:4096 in:456 out:504 space:47 len:2048}
03-30 13:56:30.189     0     0 E cpif    : check_txq_space: PCIE: NOSPC FMT_TX{qsize:4096 in:456 out:504 space:47 len:2048}
03-30 13:56:30.190     0     0 E cpif    : check_txq_space: PCIE: NOSPC FMT_TX{qsize:4096 in:408 out:456 space:47 len:2048}
03-30 13:56:30.191     0     0 E cpif    : check_txq_space: PCIE: NOSPC FMT_TX{qsize:4096 in:408 out:456 space:47 len:2048}
03-30 13:56:30.192     0     0 E cpif    : check_txq_space: PCIE: NOSPC FMT_TX{qsize:4096 in:360 out:408 space:47 len:2048}
03-30 13:56:30.194     0     0 E cpif    : check_txq_space: PCIE: NOSPC FMT_TX{qsize:4096 in:360 out:408 space:47 len:2048}
03-30 13:56:30.195     0     0 E cpif    : check_txq_space: PCIE: NOSPC FMT_TX{qsize:4096 in:312 out:360 space:47 len:2048}
03-30 13:56:30.196     0     0 E cpif    : check_txq_space: PCIE: NOSPC FMT_TX{qsize:4096 in:264 out:312 space:47 len:2048}
03-30 13:56:30.197     0     0 E cpif    : check_txq_space: PCIE: NOSPC FMT_TX{qsize:4096 in:216 out:264 space:47 len:2048}
03-30 13:56:30.198     0     0 E cpif    : check_txq_space: PCIE: NOSPC FMT_TX{qsize:4096 in:168 out:216 space:47 len:2048}
03-30 13:56:30.209  1487  1487 W PocketService: Un-handled boot phase:520
03-30 13:56:30.295  1487  1487 E ActivityManager: Unable to find com.google.android.trichromelibrary_768011933/u0
03-30 13:56:30.295  1487  1487 E ActivityManager: Unable to find com.google.android.trichromelibrary_768015333/u0
03-30 13:56:30.299  1487  1487 E ActivityManager: Unable to find com.google.android.trichromelibrary_763215933/u0
03-30 13:56:30.304  1487  1839 E AppStandbyController: Tried to restrict app com.pcfinancial.mobile for an unsupported reason
03-30 13:56:30.305  1487  1839 E AppStandbyController: Tried to restrict app com.chiller3.bcr for an unsupported reason
03-30 13:56:30.305  1487  1839 E AppStandbyController: Tried to restrict app com.google.android.apps.bard for an unsupported reason
03-30 13:56:30.313     0     0 W init    : Activation of cgroup controller +memory failed in path /sys/fs/cgroup/system/uid_0: Invalid argument
03-30 13:56:30.326  1487  1487 W ActivityManager: Too early to start/bind service in system_server: Phase=550 ComponentInfo{com.android.server.telecom/com.android.server.telecom.components.TelecomService}
03-30 13:56:30.326  1487  1487 W ActivityManager: Too early to start/bind service in system_server: Phase=550 ComponentInfo{com.android.server.telecom/com.android.server.telecom.components.TelecomService}
03-30 13:56:30.327  1487  2234 E NativeTombstoneManager: Tombstone's UID (1000) not an app, ignoring
03-30 13:56:30.329  1487  2234 E NativeTombstoneManager: Tombstone's UID (0) not an app, ignoring
03-30 13:56:30.329  1487  2234 E NativeTombstoneManager: Tombstone's UID (0) not an app, ignoring
03-30 13:56:30.331  1487  2234 E NativeTombstoneManager: Tombstone has invalid selinux label (u:r:priv_app:s0:c512,c768└Ć), ignoring
03-30 13:56:30.332  1487  2234 E NativeTombstoneManager: Tombstone's UID (0) not an app, ignoring
03-30 13:56:30.334  1487  2234 E NativeTombstoneManager: Tombstone has invalid selinux label (u:r:priv_app:s0:c512,c768└Ć), ignoring
03-30 13:56:30.336  1487  2234 E NativeTombstoneManager: Tombstone has invalid selinux label (u:r:priv_app:s0:c512,c768└Ć), ignoring
03-30 13:56:30.338  1487  2234 E NativeTombstoneManager: Tombstone has invalid selinux label (u:r:priv_app:s0:c512,c768└Ć), ignoring
03-30 13:56:30.340  1487  2234 E NativeTombstoneManager: Tombstone has invalid selinux label (u:r:priv_app:s0:c512,c768└Ć), ignoring
03-30 13:56:30.343  1487  2234 E NativeTombstoneManager: Tombstone has invalid selinux label (u:r:priv_app:s0:c512,c768└Ć), ignoring
03-30 13:56:30.349  1487  2234 E NativeTombstoneManager: Tombstone has invalid selinux label (u:r:priv_app:s0:c512,c768└Ć), ignoring
03-30 13:56:30.674  1020  1081 W vendor.google.wifi_ext-service-vendor: No active wlan interfaces in use! Using default
03-30 13:56:30.674  1020  1081 E vendor.google.wifi_ext-service-vendor: Failed to register radio mode change callback
03-30 13:56:30.674  1020  1081 W vendor.google.wifi_ext-service-vendor: No active wlan interfaces in use! Using default
03-30 13:56:30.675  1020  1081 E vendor.google.wifi_ext-service-vendor: Failed to get SupportedIfaceCombinations matrix from legacy HAL: NOT_SUPPORTED
03-30 13:56:30.675  1020  1081 W vendor.google.wifi_ext-service-vendor: No active wlan interfaces in use! Using default
03-30 13:56:30.676  1020  1081 W vendor.google.wifi_ext-service-vendor: No active wlan interfaces in use! Using default
03-30 13:56:30.681  1020  1081 E vendor.google.wifi_ext-service-vendor: Failed to set DFS flag; DFS channels may be unavailable.
03-30 13:56:30.688  1020  1081 E vendor.google.wifi_ext-service-vendor: Failed to get chip capabilities from legacy HAL: NOT_SUPPORTED
03-30 13:56:30.858  1487  1487 W SyncManager: Failure adding authority: auth=subscribedfeeds enabled=false syncable=1
03-30 13:56:30.862  1487  1487 W SystemServiceManager: Service com.android.server.content.ContentService$Lifecycle took 536 ms in onBootPhase
03-30 13:56:30.873     0     0 W init    : Activation of cgroup controller +memory failed in path /sys/fs/cgroup/system/uid_9999: Invalid argument
03-30 13:56:30.884     0     0 W init    : Activation of cgroup controller +memory failed in path /sys/fs/cgroup/system/uid_1010: Invalid argument
03-30 13:56:30.923  1487  2351 W BroadcastLoopers: Found previously unknown looper Thread[AudioDeviceBroker,5,main]
03-30 13:56:30.924  1487  1487 W PocketService: Un-handled boot phase:550
03-30 13:56:30.996  1487  1487 W SystemServiceManager: Service com.android.server.policy.PermissionPolicyService took 67 ms in onBootPhase
03-30 13:56:31.000  1487  2292 W PinnerService: Could not find pinlist.meta for "/data/app/~~fztXfQvTXo1-RJUj2F-v2A==/com.google.android.webview-GZL6dRNpeLdzF-p2ADSGVQ==/base.apk": pinning as blob
03-30 13:56:31.026  1487  2311 W NetworkPolicy: setRestrictBackgroundUL: already false
03-30 13:56:31.056  1487  2292 E AppOps  : Bad call made by uid 1000. Package "android" does not belong to uid 1037.
03-30 13:56:31.056  1487  2292 E AppOps  : Cannot getAppOpMode: non-application UID 1037
03-30 13:56:31.110  1487  2219 W PackageManager: Invalid dex load report. loadingPackageName=null, uid=1037
03-30 13:56:31.112  2494  2494 E VibratorInfo: Invalid frequency profile received from HAL. resonantFrequencyHz=NaN, frequenciesHz=null, outputAccelerationsGs=null
03-30 13:56:31.112  2494  2494 E VibratorInfo: Invalid frequency profile received from HAL. resonantFrequencyHz=NaN, frequenciesHz=null, outputAccelerationsGs=null
03-30 13:56:31.143  1487  2310 W BroadcastLoopers: Found previously unknown looper Thread[NetworkStats,5,main]
03-30 13:56:31.177  1487  1487 W WallpaperManagerService: Attempted wallpaper ComponentInfo{simosoftprojects.matrixlivewallpaper/simosoftprojects.matrixlivewallpaper.MatrixWallpaper} is unavailable
03-30 13:56:31.177  1487  1487 W WallpaperManagerService: Wallpaper isn't direct boot aware; using fallback until unlocked
03-30 13:56:31.205  1487  1790 W LocationTZDetector: onProviderStateChange: Ignoring provider state change because both providers have not yet completed initialization. providerState=ProviderState{stateEnum=Perm failure (5), event=null, currentUserConfiguration=null, mStateEntryTimeMillis=11498, mDebugInfo=Failed to initialize: onInitialize() returned false}
03-30 13:56:31.218  1487  2489 E TransitionChain: Can't collect into a chain with no transition
03-30 13:56:31.218  1487  2489 E TransitionChain: Can't collect into a chain with no transition
03-30 13:56:31.227  1487  1487 W PocketService: Un-handled boot phase:600
03-30 13:56:31.256  1487  2272 W BroadcastLoopers: Found previously unknown looper Thread[BluetoothSystemServer,5,main]
03-30 13:56:31.282  1487  1487 W AppBindingService: [Supervision app] u0 feature disabled
03-30 13:56:31.292  1487  1487 W ActivityTaskManager: callingPackage for (uid=-1, pid=0) has no WPC
03-30 13:56:31.293  1487  1487 W ActivityStartInterceptor: Starting home with component specified, uid=0
03-30 13:56:31.332  1487  1487 W Looper  : Slow delivery took 2144ms main app=system_server main=true group=FOREGROUND h=android.app.ActivityThread$H c=null m=156
03-30 13:56:31.348  1487  1816 W ActivityManager: Slow operation: 65ms so far, now at startProcess: returned from zygote!
03-30 13:56:31.349  1487  1816 W ActivityManager: Slow operation: 65ms so far, now at startProcess: done updating battery stats
03-30 13:56:31.349  1487  1816 W ActivityManager: Slow operation: 65ms so far, now at startProcess: building log message
03-30 13:56:31.349  1487  1816 W ActivityManager: Slow operation: 65ms so far, now at startProcess: starting to update pids map
03-30 13:56:31.349  1487  1816 W ActivityManager: Slow operation: 65ms so far, now at startProcess: done updating pids map
03-30 13:56:31.349  1487  1816 W ActivityManager: Slow operation: 65ms so far, now at startProcess: asking zygote to start proc
03-30 13:56:31.349  1487  1814 E CountryDetector: Could not instantiate the custom country detector class
03-30 13:56:31.354     0     0 W aoc_audio_control: 138 callbacks suppressed
03-30 13:56:31.354  1487  1816 W ActivityManager: Slow operation: 71ms so far, now at startProcess: returned from zygote!
03-30 13:56:31.355  1487  1816 W ActivityManager: Slow operation: 71ms so far, now at startProcess: done updating battery stats
03-30 13:56:31.355  1487  1816 W ActivityManager: Slow operation: 71ms so far, now at startProcess: building log message
03-30 13:56:31.355  1487  1816 W ActivityManager: Slow operation: 71ms so far, now at startProcess: starting to update pids map
03-30 13:56:31.355  1487  1816 W ActivityManager: Slow operation: 71ms so far, now at startProcess: done updating pids map
03-30 13:56:31.355  1487  1816 W ActivityManager: Slow operation: 71ms so far, now at startProcess: asking zygote to start proc
03-30 13:56:31.361  1487  1816 W ActivityManager: Slow operation: 76ms so far, now at startProcess: returned from zygote!
03-30 13:56:31.361  1487  1816 W ActivityManager: Slow operation: 76ms so far, now at startProcess: done updating battery stats
03-30 13:56:31.361  1487  1816 W ActivityManager: Slow operation: 76ms so far, now at startProcess: building log message
03-30 13:56:31.361  1487  1816 W ActivityManager: Slow operation: 76ms so far, now at startProcess: starting to update pids map
03-30 13:56:31.361  1487  1816 W ActivityManager: Slow operation: 77ms so far, now at startProcess: done updating pids map
03-30 13:56:31.362  1487  1816 W ActivityManager: Slow operation: 77ms so far, now at startProcess: asking zygote to start proc
03-30 13:56:31.367  1487  1816 W ActivityManager: Slow operation: 83ms so far, now at startProcess: returned from zygote!
03-30 13:56:31.368  1487  1816 W ActivityManager: Slow operation: 83ms so far, now at startProcess: done updating battery stats
03-30 13:56:31.368  1487  1816 W ActivityManager: Slow operation: 83ms so far, now at startProcess: building log message
03-30 13:56:31.368  1487  1816 W ActivityManager: Slow operation: 83ms so far, now at startProcess: starting to update pids map
03-30 13:56:31.368  1487  1816 W ActivityManager: Slow operation: 83ms so far, now at startProcess: done updating pids map
03-30 13:56:31.368  1487  1816 W ActivityManager: Slow operation: 83ms so far, now at startProcess: asking zygote to start proc
03-30 13:56:31.373  1487  1816 W ActivityManager: Slow operation: 88ms so far, now at startProcess: returned from zygote!
03-30 13:56:31.373  1487  1816 W ActivityManager: Slow operation: 88ms so far, now at startProcess: done updating battery stats
03-30 13:56:31.373  1487  1816 W ActivityManager: Slow operation: 88ms so far, now at startProcess: building log message
03-30 13:56:31.373  1487  1816 W ActivityManager: Slow operation: 88ms so far, now at startProcess: starting to update pids map
03-30 13:56:31.373  1487  1816 W ActivityManager: Slow operation: 88ms so far, now at startProcess: done updating pids map
03-30 13:56:31.373  1487  1816 W ActivityManager: Slow operation: 87ms so far, now at startProcess: asking zygote to start proc
03-30 13:56:31.377  1487  1816 W ActivityManager: Slow operation: 92ms so far, now at startProcess: returned from zygote!
03-30 13:56:31.379  1487  1816 W ActivityManager: Slow operation: 93ms so far, now at startProcess: done updating battery stats
03-30 13:56:31.379  1487  1816 W ActivityManager: Slow operation: 93ms so far, now at startProcess: building log message
03-30 13:56:31.379  1487  1816 W ActivityManager: Slow operation: 93ms so far, now at startProcess: starting to update pids map
03-30 13:56:31.382  1487  1816 W ActivityManager: Slow operation: 97ms so far, now at startProcess: done updating pids map
03-30 13:56:31.383  1487  1816 W ActivityManager: Slow operation: 97ms so far, now at startProcess: asking zygote to start proc
03-30 13:56:31.389  1487  1816 W ActivityManager: Slow operation: 104ms so far, now at startProcess: returned from zygote!
03-30 13:56:31.394  1487  1816 W ActivityManager: Slow operation: 107ms so far, now at startProcess: done updating battery stats
03-30 13:56:31.394  1487  1816 W ActivityManager: Slow operation: 108ms so far, now at startProcess: building log message
03-30 13:56:31.394  1487  1816 W ActivityManager: Slow operation: 108ms so far, now at startProcess: starting to update pids map
03-30 13:56:31.394  1487  1816 W ActivityManager: Slow operation: 109ms so far, now at startProcess: done updating pids map
03-30 13:56:31.395  1487  1816 W ActivityManager: Slow operation: 107ms so far, now at startProcess: asking zygote to start proc
03-30 13:56:31.399  1487  1816 W ActivityManager: Slow operation: 111ms so far, now at startProcess: returned from zygote!
03-30 13:56:31.399  1487  1816 W ActivityManager: Slow operation: 111ms so far, now at startProcess: done updating battery stats
03-30 13:56:31.399  1487  1816 W ActivityManager: Slow operation: 111ms so far, now at startProcess: building log message
03-30 13:56:31.399  1487  1816 W ActivityManager: Slow operation: 111ms so far, now at startProcess: starting to update pids map
03-30 13:56:31.399  1487  1816 W ActivityManager: Slow operation: 112ms so far, now at startProcess: done updating pids map
03-30 13:56:31.399  1487  1816 W ActivityManager: Slow operation: 111ms so far, now at startProcess: asking zygote to start proc
03-30 13:56:31.455     0     0 W WLDEV-INFO) wldev_set_country: set country for 00 as XZ rev 0
03-30 13:56:31.413  1487  1816 W ActivityManager: Slow operation: 124ms so far, now at startProcess: returned from zygote!
03-30 13:56:31.413  1487  1816 W ActivityManager: Slow operation: 124ms so far, now at startProcess: done updating battery stats
03-30 13:56:31.413  1487  1816 W ActivityManager: Slow operation: 125ms so far, now at startProcess: building log message
03-30 13:56:31.413  1487  1816 W ActivityManager: Slow operation: 125ms so far, now at startProcess: starting to update pids map
03-30 13:56:31.413  1487  1816 W ActivityManager: Slow operation: 125ms so far, now at startProcess: done updating pids map
03-30 13:56:31.413  1487  1816 W ActivityManager: Slow operation: 125ms so far, now at startProcess: asking zygote to start proc
03-30 13:56:31.419  1487  1816 W ActivityManager: Slow operation: 130ms so far, now at startProcess: returned from zygote!
03-30 13:56:31.419  1487  1816 W ActivityManager: Slow operation: 130ms so far, now at startProcess: done updating battery stats
03-30 13:56:31.419  1487  1816 W ActivityManager: Slow operation: 131ms so far, now at startProcess: building log message
03-30 13:56:31.419  1487  1816 W ActivityManager: Slow operation: 131ms so far, now at startProcess: starting to update pids map
03-30 13:56:31.419  1487  1816 W ActivityManager: Slow operation: 131ms so far, now at startProcess: done updating pids map
03-30 13:56:31.420  1487  1816 W ActivityManager: Slow operation: 131ms so far, now at startProcess: asking zygote to start proc
03-30 13:56:31.428  1487  1816 W ActivityManager: Slow operation: 139ms so far, now at startProcess: returned from zygote!
03-30 13:56:31.434  1487  1816 W ActivityManager: Slow operation: 145ms so far, now at startProcess: done updating battery stats
03-30 13:56:31.434  1487  1816 W ActivityManager: Slow operation: 145ms so far, now at startProcess: building log message
03-30 13:56:31.434  1487  1816 W ActivityManager: Slow operation: 145ms so far, now at startProcess: starting to update pids map
03-30 13:56:31.434  1487  1816 W ActivityManager: Slow operation: 145ms so far, now at startProcess: done updating pids map
03-30 13:56:31.434  1487  1816 W ActivityManager: Slow operation: 144ms so far, now at startProcess: asking zygote to start proc
03-30 13:56:31.438  1487  1816 W ActivityManager: Slow operation: 148ms so far, now at startProcess: returned from zygote!
03-30 13:56:31.438  1487  1816 W ActivityManager: Slow operation: 148ms so far, now at startProcess: done updating battery stats
03-30 13:56:31.438  1487  1816 W ActivityManager: Slow operation: 148ms so far, now at startProcess: building log message
03-30 13:56:31.438  1487  1816 W ActivityManager: Slow operation: 148ms so far, now at startProcess: starting to update pids map
03-30 13:56:31.438  1487  1816 W ActivityManager: Slow operation: 148ms so far, now at startProcess: done updating pids map
03-30 13:56:31.438  1487  1816 W ActivityManager: Slow operation: 147ms so far, now at startProcess: asking zygote to start proc
03-30 13:56:31.442  1487  1816 W ActivityManager: Slow operation: 151ms so far, now at startProcess: returned from zygote!
03-30 13:56:31.443  1487  1816 W ActivityManager: Slow operation: 152ms so far, now at startProcess: done updating battery stats
03-30 13:56:31.443  1487  1816 W ActivityManager: Slow operation: 152ms so far, now at startProcess: building log message
03-30 13:56:31.443  1487  1816 W ActivityManager: Slow operation: 152ms so far, now at startProcess: starting to update pids map
03-30 13:56:31.443  1487  1816 W ActivityManager: Slow operation: 152ms so far, now at startProcess: done updating pids map
03-30 13:56:31.443  1487  1816 W ActivityManager: Slow operation: 104ms so far, now at startProcess: asking zygote to start proc
03-30 13:56:31.447  1487  1816 W ActivityManager: Slow operation: 109ms so far, now at startProcess: returned from zygote!
03-30 13:56:31.447  1487  1816 W ActivityManager: Slow operation: 109ms so far, now at startProcess: done updating battery stats
03-30 13:56:31.447  1487  1816 W ActivityManager: Slow operation: 109ms so far, now at startProcess: building log message
03-30 13:56:31.447  1487  1816 W ActivityManager: Slow operation: 109ms so far, now at startProcess: starting to update pids map
03-30 13:56:31.447  1487  1816 W ActivityManager: Slow operation: 109ms so far, now at startProcess: done updating pids map
03-30 13:56:31.447  1487  1816 W ActivityManager: Slow operation: 106ms so far, now at startProcess: asking zygote to start proc
03-30 13:56:31.455  1487  1816 W ActivityManager: Slow operation: 113ms so far, now at startProcess: returned from zygote!
03-30 13:56:31.455  1487  1816 W ActivityManager: Slow operation: 114ms so far, now at startProcess: done updating battery stats
03-30 13:56:31.455  1487  1816 W ActivityManager: Slow operation: 114ms so far, now at startProcess: building log message
03-30 13:56:31.456  1487  1816 W ActivityManager: Slow operation: 114ms so far, now at startProcess: starting to update pids map
03-30 13:56:31.456  1487  1816 W ActivityManager: Slow operation: 114ms so far, now at startProcess: done updating pids map
03-30 13:56:31.567  1487  1487 E AppOps  : package com.android.server.telecom.callsequencing.voip not found, can't check for attributionTag null
03-30 13:56:31.573  1487  1487 W Looper  : Slow dispatch took 212ms main app=system_server main=true group=FOREGROUND h=android.app.ActivityThread$H c=android.app.LoadedApk$ServiceDispatcher$RunConnection@4eb754e m=0
03-30 13:56:31.577  1487  1487 W Looper  : Drained
03-30 13:56:31.583  1487  2350 W BroadcastLoopers: Found previously unknown looper Thread[AudioService Broadcast,5,main]
03-30 13:56:31.596  1487  1487 E ContentCapturePerUserService: Bad service name: com.google.android.as/com.google.android.apps.miphone.aiai.app.AiAiContentCaptureService
03-30 13:56:31.596  1487  1487 E ContentCapturePerUserService: Bad service name: com.google.android.as/com.google.android.apps.miphone.aiai.app.AiAiContentCaptureService
03-30 13:56:31.596  1487  1487 E ContentCapturePerUserService: Bad service name: com.google.android.as/com.google.android.apps.miphone.aiai.app.AiAiContentCaptureService
03-30 13:56:31.596  1487  1487 E ContentSuggestionsPerUserService: Bad service name: com.google.android.as/com.google.android.apps.miphone.aiai.app.AiAiContentSuggestionsService
03-30 13:56:31.596  1487  1487 E AutofillManagerServiceImpl: Bad service name: com.google.android.gms/.autofill.service.AutofillService
03-30 13:56:31.596  1487  1487 E RemoteAugmentedAutofillService: Bad service name for flags 1048704: com.google.android.as/com.google.android.apps.miphone.aiai.app.AiAiAugmentedAutofillService
03-30 13:56:31.602  1487  2773 W ActivityManager: Unable to start service Intent { act=com.google.android.gms.magictether.BIND xflg=0x4 pkg=com.google.android.gms } U=0: not found
03-30 13:56:31.650  1487  2275 W ActivityManager: Unable to start service Intent { xflg=0x4 cmp=com.google.android.apps.camera.services/.connectivity.service.ProxyCameraProviderService } U=0: not found
03-30 13:56:31.650  1487  2275 W ActivityManager: Unbind failed: could not find connection for android.os.BinderProxy@205158c
03-30 13:56:31.650  1487  1487 W ActivityManager: Unable to start service Intent { act=android.service.contentcapture.ContentCaptureService xflg=0x4 cmp=com.google.android.as/com.google.android.apps.miphone.aiai.app.AiAiContentCaptureService } U=0: not found
03-30 13:56:31.650  1487  1487 W RemoteContentCaptureService: could not bind to Intent { act=android.service.contentcapture.ContentCaptureService xflg=0x4 cmp=com.google.android.as/com.google.android.apps.miphone.aiai.app.AiAiContentCaptureService } using flags 67112961
03-30 13:56:31.657  1487  1487 W ContentCapturePerUserService: remote service died: RemoteContentCaptureService[ComponentInfo{com.google.android.as/com.google.android.apps.miphone.aiai.app.AiAiContentCaptureService} 79541646 (unbound)]
03-30 13:56:31.657  1487  1487 W ActivityManager: Unbind failed: could not find connection for android.app.LoadedApk$ServiceDispatcher$InnerConnection@bebc1af
03-30 13:56:31.657  1487  1487 W ActivityManager: Unable to start service Intent { act=android.service.contentcapture.ContentCaptureService xflg=0x4 cmp=com.google.android.as/com.google.android.apps.miphone.aiai.app.AiAiContentCaptureService } U=0: not found
03-30 13:56:31.657  1487  1487 W RemoteContentCaptureService: could not bind to Intent { act=android.service.contentcapture.ContentCaptureService xflg=0x4 cmp=com.google.android.as/com.google.android.apps.miphone.aiai.app.AiAiContentCaptureService } using flags 67112961
03-30 13:56:31.657  1487  1487 W ContentCapturePerUserService: remote service died: RemoteContentCaptureService[ComponentInfo{com.google.android.as/com.google.android.apps.miphone.aiai.app.AiAiContentCaptureService} 147836229 (unbound)]
03-30 13:56:31.657  1487  1487 W ActivityManager: Unbind failed: could not find connection for android.app.LoadedApk$ServiceDispatcher$InnerConnection@9639c9a
03-30 13:56:31.780     0     0 W samsung-pinctrl 10c40000.pinctrl: not freeing pin 80 (gpp22-1) as part of deactivating group gpp22-1 - it is already used for some other setting
03-30 13:56:31.780     0     0 W samsung-pinctrl 10c40000.pinctrl: not freeing pin 80 (gpp22-1) as part of deactivating group gpp22-1 - it is already used for some other setting
03-30 13:56:31.786     0     0 W samsung-pinctrl 10c40000.pinctrl: not freeing pin 80 (gpp22-1) as part of deactivating group gpp22-1 - it is already used for some other setting
03-30 13:56:31.786     0     0 W samsung-pinctrl 10c40000.pinctrl: not freeing pin 80 (gpp22-1) as part of deactivating group gpp22-1 - it is already used for some other setting
03-30 13:56:31.791     0     0 W samsung-pinctrl 10c40000.pinctrl: not freeing pin 80 (gpp22-1) as part of deactivating group gpp22-1 - it is already used for some other setting
03-30 13:56:31.791     0     0 W samsung-pinctrl 10c40000.pinctrl: not freeing pin 80 (gpp22-1) as part of deactivating group gpp22-1 - it is already used for some other setting
03-30 13:56:31.802     0     0 W samsung-pinctrl 10c40000.pinctrl: not freeing pin 80 (gpp22-1) as part of deactivating group gpp22-1 - it is already used for some other setting
03-30 13:56:31.802     0     0 W samsung-pinctrl 10c40000.pinctrl: not freeing pin 80 (gpp22-1) as part of deactivating group gpp22-1 - it is already used for some other setting
03-30 13:56:31.812     0     0 W samsung-pinctrl 10c40000.pinctrl: not freeing pin 80 (gpp22-1) as part of deactivating group gpp22-1 - it is already used for some other setting
03-30 13:56:31.812     0     0 W samsung-pinctrl 10c40000.pinctrl: not freeing pin 80 (gpp22-1) as part of deactivating group gpp22-1 - it is already used for some other setting
03-30 13:56:31.823     0     0 W samsung-pinctrl 10c40000.pinctrl: not freeing pin 80 (gpp22-1) as part of deactivating group gpp22-1 - it is already used for some other setting
03-30 13:56:31.824     0     0 W samsung-pinctrl 10c40000.pinctrl: not freeing pin 80 (gpp22-1) as part of deactivating group gpp22-1 - it is already used for some other setting
03-30 13:56:31.891     0     0 W samsung-pinctrl 10c40000.pinctrl: not freeing pin 80 (gpp22-1) as part of deactivating group gpp22-1 - it is already used for some other setting
03-30 13:56:31.891     0     0 W samsung-pinctrl 10c40000.pinctrl: not freeing pin 80 (gpp22-1) as part of deactivating group gpp22-1 - it is already used for some other setting
03-30 13:56:31.896     0     0 W samsung-pinctrl 10c40000.pinctrl: not freeing pin 80 (gpp22-1) as part of deactivating group gpp22-1 - it is already used for some other setting
03-30 13:56:31.896     0     0 W samsung-pinctrl 10c40000.pinctrl: not freeing pin 80 (gpp22-1) as part of deactivating group gpp22-1 - it is already used for some other setting
03-30 13:56:31.947     0     0 W samsung-pinctrl 10c40000.pinctrl: not freeing pin 80 (gpp22-1) as part of deactivating group gpp22-1 - it is already used for some other setting
03-30 13:56:31.947     0     0 W samsung-pinctrl 10c40000.pinctrl: not freeing pin 80 (gpp22-1) as part of deactivating group gpp22-1 - it is already used for some other setting
03-30 13:56:31.952     0     0 W samsung-pinctrl 10c40000.pinctrl: not freeing pin 80 (gpp22-1) as part of deactivating group gpp22-1 - it is already used for some other setting
03-30 13:56:31.952     0     0 W samsung-pinctrl 10c40000.pinctrl: not freeing pin 80 (gpp22-1) as part of deactivating group gpp22-1 - it is already used for some other setting
03-30 13:56:31.997     0     0 W samsung-pinctrl 10c40000.pinctrl: not freeing pin 80 (gpp22-1) as part of deactivating group gpp22-1 - it is already used for some other setting
03-30 13:56:31.997     0     0 W samsung-pinctrl 10c40000.pinctrl: not freeing pin 80 (gpp22-1) as part of deactivating group gpp22-1 - it is already used for some other setting
03-30 13:56:31.998  1487  1709 W TransitionChain: Combining setKGShown into #2(OPEN|R|0x0) from startHomeAct
03-30 13:56:32.002     0     0 W samsung-pinctrl 10c40000.pinctrl: not freeing pin 80 (gpp22-1) as part of deactivating group gpp22-1 - it is already used for some other setting
03-30 13:56:32.002     0     0 W samsung-pinctrl 10c40000.pinctrl: not freeing pin 80 (gpp22-1) as part of deactivating group gpp22-1 - it is already used for some other setting
03-30 13:56:32.038  1487  2948 W ActivityManager: Unable to start service Intent { act=android.nfc.cardemulation.action.HOST_APDU_SERVICE xflg=0x4 cmp=com.google.android.gms/.tapandpay.hce.service.TpHceService } U=0: not found
03-30 13:56:32.047     0     0 W samsung-pinctrl 10c40000.pinctrl: not freeing pin 80 (gpp22-1) as part of deactivating group gpp22-1 - it is already used for some other setting
03-30 13:56:32.049     0     0 W samsung-pinctrl 10c40000.pinctrl: not freeing pin 80 (gpp22-1) as part of deactivating group gpp22-1 - it is already used for some other setting
03-30 13:56:32.054     0     0 W samsung-pinctrl 10c40000.pinctrl: not freeing pin 80 (gpp22-1) as part of deactivating group gpp22-1 - it is already used for some other setting
03-30 13:56:32.054     0     0 W samsung-pinctrl 10c40000.pinctrl: not freeing pin 80 (gpp22-1) as part of deactivating group gpp22-1 - it is already used for some other setting
03-30 13:56:32.102     0     0 W samsung-pinctrl 10c40000.pinctrl: not freeing pin 80 (gpp22-1) as part of deactivating group gpp22-1 - it is already used for some other setting
03-30 13:56:32.102     0     0 W samsung-pinctrl 10c40000.pinctrl: not freeing pin 80 (gpp22-1) as part of deactivating group gpp22-1 - it is already used for some other setting
03-30 13:56:32.108     0     0 W samsung-pinctrl 10c40000.pinctrl: not freeing pin 80 (gpp22-1) as part of deactivating group gpp22-1 - it is already used for some other setting
03-30 13:56:32.108     0     0 W samsung-pinctrl 10c40000.pinctrl: not freeing pin 80 (gpp22-1) as part of deactivating group gpp22-1 - it is already used for some other setting
03-30 13:56:32.128  1487  1827 W MobileRadioPowerStatsCollector: error reading modem stats:ERROR_PHONE_NOT_AVAILABLE
03-30 13:56:32.157     0     0 E st21nfc i2c-st21nfc: i2c_master_recv returned -6
03-30 13:56:32.158     0     0 W samsung-pinctrl 10c40000.pinctrl: not freeing pin 80 (gpp22-1) as part of deactivating group gpp22-1 - it is already used for some other setting
03-30 13:56:32.158     0     0 W samsung-pinctrl 10c40000.pinctrl: not freeing pin 80 (gpp22-1) as part of deactivating group gpp22-1 - it is already used for some other setting
03-30 13:56:32.163     0     0 W samsung-pinctrl 10c40000.pinctrl: not freeing pin 80 (gpp22-1) as part of deactivating group gpp22-1 - it is already used for some other setting
03-30 13:56:32.163     0     0 W samsung-pinctrl 10c40000.pinctrl: not freeing pin 80 (gpp22-1) as part of deactivating group gpp22-1 - it is already used for some other setting
--------- beginning of main
03-30 13:56:32.203  1184  2509 E Codec2-ComponentInterface: We have a failed config
03-30 13:56:32.206  2494  3028 W ndroid.systemui: AIBinder_linkToDeath is being called with a non-null cookie and no onUnlink callback set. This might not be intended. AIBinder_DeathRecipient_setOnUnlinked should be called first.
03-30 13:56:32.207  1487  1814 W MagnificationConnectionManager: requestConnection duplicated request: connect=false, mConnectionState=DISCONNECTED
03-30 13:56:32.212     0     0 W samsung-pinctrl 10c40000.pinctrl: not freeing pin 80 (gpp22-1) as part of deactivating group gpp22-1 - it is already used for some other setting
03-30 13:56:32.212     0     0 W samsung-pinctrl 10c40000.pinctrl: not freeing pin 80 (gpp22-1) as part of deactivating group gpp22-1 - it is already used for some other setting
03-30 13:56:32.210  2843  2843 E VibratorInfo: Invalid frequency profile received from HAL. resonantFrequencyHz=NaN, frequenciesHz=null, outputAccelerationsGs=null
03-30 13:56:32.210  2843  2843 E VibratorInfo: Invalid frequency profile received from HAL. resonantFrequencyHz=NaN, frequenciesHz=null, outputAccelerationsGs=null
03-30 13:56:32.219     0     0 W samsung-pinctrl 10c40000.pinctrl: not freeing pin 80 (gpp22-1) as part of deactivating group gpp22-1 - it is already used for some other setting
03-30 13:56:32.219     0     0 W samsung-pinctrl 10c40000.pinctrl: not freeing pin 80 (gpp22-1) as part of deactivating group gpp22-1 - it is already used for some other setting
03-30 13:56:32.223  1184  3038 W mediaswcodec: AIBinder_linkToDeath is being called with a non-null cookie and no onUnlink callback set. This might not be intended. AIBinder_DeathRecipient_setOnUnlinked should be called first.
03-30 13:56:32.225  3042  3042 W zygote64: Activation of cgroup controller +memory failed in path /sys/fs/cgroup/system/uid_1000: Invalid argument
03-30 13:56:32.230  1020  1081 E WifiHAL : Creating message to get cached scan results
03-30 13:56:32.233  2623  2937 W rfcomm_port_utils: system/stack/rfcomm/port_utils.cc:289 port_find_mcb: not found, bd_addr:ff:ff:ff:ff:ff:ff
03-30 13:56:32.233  2623  2937 W rfcomm_port_utils: system/stack/rfcomm/port_utils.cc:289 port_find_mcb: not found, bd_addr:ff:ff:ff:ff:ff:ff
03-30 13:56:32.233  2623  2937 W rfcomm_port_utils: system/stack/rfcomm/port_utils.cc:289 port_find_mcb: not found, bd_addr:ff:ff:ff:ff:ff:ff
03-30 13:56:32.233  2623  2623 E BluetoothHeadsetServiceJni: android/app/jni/com_android_bluetooth_hfp.cpp:1026 enableSwbNative: Failed to disable
03-30 13:56:32.233  2623  2937 W rfcomm_port_utils: system/stack/rfcomm/port_utils.cc:289 port_find_mcb: not found, bd_addr:ff:ff:ff:ff:ff:ff
03-30 13:56:32.233  2623  2937 W rfcomm_port_utils: system/stack/rfcomm/port_utils.cc:289 port_find_mcb: not found, bd_addr:ff:ff:ff:ff:ff:ff
03-30 13:56:32.233  2623  2937 W rfcomm_port_utils: system/stack/rfcomm/port_utils.cc:289 port_find_mcb: not found, bd_addr:ff:ff:ff:ff:ff:ff
03-30 13:56:32.233  2623  2937 W rfcomm_port_utils: system/stack/rfcomm/port_utils.cc:289 port_find_mcb: not found, bd_addr:ff:ff:ff:ff:ff:ff
03-30 13:56:32.233  2623  2937 W rfcomm_port_utils: system/stack/rfcomm/port_utils.cc:289 port_find_mcb: not found, bd_addr:ff:ff:ff:ff:ff:ff
03-30 13:56:32.233  2623  2937 W rfcomm_port_utils: system/stack/rfcomm/port_utils.cc:289 port_find_mcb: not found, bd_addr:ff:ff:ff:ff:ff:ff
03-30 13:56:32.233  2623  2937 W rfcomm_port_utils: system/stack/rfcomm/port_utils.cc:289 port_find_mcb: not found, bd_addr:ff:ff:ff:ff:ff:ff
03-30 13:56:32.233  2623  2937 W rfcomm_port_utils: system/stack/rfcomm/port_utils.cc:289 port_find_mcb: not found, bd_addr:ff:ff:ff:ff:ff:ff
03-30 13:56:32.233  2623  2937 W rfcomm_port_utils: system/stack/rfcomm/port_utils.cc:289 port_find_mcb: not found, bd_addr:ff:ff:ff:ff:ff:ff
03-30 13:56:32.238  1487  1713 E BiometricServiceRegistry: No sensors found
03-30 13:56:32.238  1487  1713 W FingerprintService: Null provider for isHardwareDetectedDeprecated, caller: com.android.settings
03-30 13:56:32.240  1487  2275 E BiometricServiceRegistry: No sensors found
03-30 13:56:32.240  1487  2275 W FingerprintService: Null provider for isHardwareDetectedDeprecated, caller: com.android.settings
03-30 13:56:32.240  2623  2937 W droid.bluetooth: AIBinder_linkToDeath is being called with a non-null cookie and no onUnlink callback set. This might not be intended. AIBinder_DeathRecipient_setOnUnlinked should be called first.
03-30 13:56:32.242  1487  1709 W ScanResultUtil: Empty or null ScanResult list
03-30 13:56:32.242  1487  1709 W WifiService: Attempt to retrieve WifiConfiguration with invalid scanResult List
03-30 13:56:32.242  1487  1709 W ScanResultUtil: Empty or null ScanResult list
03-30 13:56:32.242  1487  1709 E WifiService: Attempt to retrieve passpoint with invalid scanResult List
03-30 13:56:32.242  1487  2275 W ScanResultUtil: Empty or null ScanResult list
03-30 13:56:32.243  1487  2275 W WifiService: Attempt to retrieve OsuProviders with invalid scanResult List
03-30 13:56:32.243  3044  3044 W zygote64: Activation of cgroup controller +memory failed in path /sys/fs/cgroup/apps/uid_10322: Invalid argument
03-30 13:56:32.249  1487  2275 W BluetoothPowerStatsCollector: BluetoothActivityEnergyInfo request failed with error code: 11
03-30 13:56:32.253  2662  3000 E libnfc_nci: nfa_ee_api_remove_sys_code: The SC entry is not in the database
03-30 13:56:32.253  2662  3000 W libnfc_nci: nfa_ee_api_remove_aid: The AID entry is not in the database
03-30 13:56:32.253  2662  2982 W libnfc_nci: RoutingManager::removeAidRouting: failed to remove AID
03-30 13:56:32.256  2494  2494 E ViewRootImpl: SensitiveContentProtectionService shouldn't be null
03-30 13:56:32.266     0     0 W samsung-pinctrl 10c40000.pinctrl: not freeing pin 80 (gpp22-1) as part of deactivating group gpp22-1 - it is already used for some other setting
03-30 13:56:32.264  3042  3042 E FeatureFlagsImplExport: android.os.flagging.AconfigStorageReadException: ERROR_PACKAGE_NOT_FOUND: package android.xr cannot be found on the device
03-30 13:56:32.265  3042  3042 W libbinder.BackendUnifiedServiceManager: Thread Pool max thread count is 0. Cannot cache binder as linkToDeath cannot be implemented. serviceName: activity
03-30 13:56:32.267  1487  2190 W Binder  : Caught a RuntimeException from the binder stub implementation.
03-30 13:56:32.267  1487  2190 W Binder  : java.lang.SecurityException: Need REGISTER_STATS_PULL_ATOM permission.: Neither user 10421 nor current process has android.permission.REGISTER_STATS_PULL_ATOM.
03-30 13:56:32.267  1487  2190 W Binder  : 	at android.app.ContextImpl.enforce(ContextImpl.java:2559)
03-30 13:56:32.267  1487  2190 W Binder  : 	at android.app.ContextImpl.enforceCallingOrSelfPermission(ContextImpl.java:2587)
