03-30 13:14:57.134  1529  1529 W SettingsState: invalid override flag name device_personalization_services/EchoSearch__appsearch_show_day_of_week_in_clock_alarm_labels
03-30 13:14:57.134  1529  1529 W SettingsState: invalid override flag name device_personalization_services/SpeechRecognitionService__max_concurrent_recognition_sessions
03-30 13:14:57.134  1529  1529 W SettingsState: invalid override flag name package_manager_service/MinInstallableTargetSdkStrictMode__install_block_strict_mode_enabled
03-30 13:14:57.134  1529  1529 W SettingsState: invalid override flag name connectivity/ipclient_accept_ipv6_link_local_dns_version
03-30 13:14:57.157     0     0 E init    : Control message: Could not find 'aidl/android.frameworks.sensorservice.ISensorManager/default' for ctl.interface_start from pid: 395 (/system/bin/servicemanager)
03-30 13:14:57.165  1529  1825 E SystemServiceRegistry: Manager wrapper not available: dropbox
03-30 13:14:57.165  1529  1825 E SystemServiceRegistry: Manager wrapper not available: dropbox
03-30 13:14:57.166  1529  1825 E SystemServiceRegistry: Manager wrapper not available: dropbox
03-30 13:14:57.167  1529  1825 E SystemServiceRegistry: Manager wrapper not available: dropbox
03-30 13:14:57.168  1529  1825 E SystemServiceRegistry: Manager wrapper not available: dropbox
03-30 13:14:57.168  1529  1825 E SystemServiceRegistry: Manager wrapper not available: dropbox
03-30 13:14:57.169  1529  1825 E SystemServiceRegistry: Manager wrapper not available: dropbox
03-30 13:14:57.169  1529  1825 E SystemServiceRegistry: Manager wrapper not available: dropbox
03-30 13:14:57.169  1529  1825 E SystemServiceRegistry: Manager wrapper not available: dropbox
03-30 13:14:57.170  1529  1825 E SystemServiceRegistry: Manager wrapper not available: dropbox
03-30 13:14:57.170  1529  1825 E SystemServiceRegistry: Manager wrapper not available: dropbox
03-30 13:14:57.170  1529  1825 E SystemServiceRegistry: Manager wrapper not available: dropbox
03-30 13:14:57.171  1529  1825 E SystemServiceRegistry: Manager wrapper not available: dropbox
03-30 13:14:57.171  1529  1825 E SystemServiceRegistry: Manager wrapper not available: dropbox
03-30 13:14:57.172  1529  1825 E SystemServiceRegistry: Manager wrapper not available: dropbox
03-30 13:14:57.179  1529  1529 E VibratorInfo: Invalid frequency profile received from HAL. resonantFrequencyHz=NaN, frequenciesHz=null, outputAccelerationsGs=null
03-30 13:14:57.179  1529  1529 E VibratorInfo: Invalid frequency profile received from HAL. resonantFrequencyHz=NaN, frequenciesHz=null, outputAccelerationsGs=null
03-30 13:14:57.179  1529  1529 E VibratorInfo: Invalid frequency profile received from HAL. resonantFrequencyHz=NaN, frequenciesHz=null, outputAccelerationsGs=null
03-30 13:14:57.185  1529  1822 W UserWakeupStore: User wakeup file not available: /data/system/alarms/usersWithAlarmClocks.xml
03-30 13:14:57.190  1529  1529 E DeviceStateManagerService: Cannot notify device state info change before the initial state has been committed.
03-30 13:14:57.254  1529  1804 W BroadcastLoopers: Found previously unknown looper Thread[android.ui,5,main]
03-30 13:14:57.280   970  1889 W Lyric   : shutter_notification_manager.cc:138: Sensor with vsync id : 0 creating vsync sensor connection spent 1.126253988s
03-30 13:14:57.281   970  1890 W Lyric   : shutter_notification_manager.cc:138: Sensor with vsync id : 2 creating vsync sensor connection spent 1.238556519s
03-30 13:14:57.283   970  1891 W Lyric   : shutter_notification_manager.cc:138: Sensor with vsync id : 1 creating vsync sensor connection spent 1.29589209s
03-30 13:14:57.309  1529  1806 W BroadcastLoopers: Found previously unknown looper Thread[android.display,5,main]
03-30 13:14:57.313     0     0 W init    : Activation of cgroup controller +memory failed in path /sys/fs/cgroup/system/uid_0: Invalid argument
03-30 13:14:57.331  1529  1822 W PinnerService: Could not find pinlist.meta for "/system_ext/priv-app/SystemUI/SystemUI.apk": pinning as blob
03-30 13:14:57.443  1529  2318 W BroadcastLoopers: Found previously unknown looper Thread[NsdService,5,main]
03-30 13:14:57.453  1529  1529 W BroadcastLoopers: Found previously unknown looper Thread[main,5,main]
03-30 13:14:57.472     0     0 W thermal_zone24: failed to read out thermal zone (-22)
03-30 13:14:57.472     0     0 W thermal_zone25: failed to read out thermal zone (-22)
03-30 13:14:57.473     0     0 W thermal_zone26: failed to read out thermal zone (-22)
03-30 13:14:57.473     0     0 W thermal_zone27: failed to read out thermal zone (-22)
03-30 13:14:57.473     0     0 W thermal_zone28: failed to read out thermal zone (-22)
03-30 13:14:57.473     0     0 W thermal_zone29: failed to read out thermal zone (-22)
03-30 13:14:57.473     0     0 W thermal_zone30: failed to read out thermal zone (-22)
03-30 13:14:57.518  1529  1529 W ActivityManager: Unable to start service Intent { act=android.service.notification.NotificationListenerService cmp=com.google.vr.vrcore/.notification.VrNotificationService } U=0: not found
03-30 13:14:57.518  1529  1529 W NotificationManagerService.NotificationListeners: Unable to bind notification listener service: Intent { act=android.service.notification.NotificationListenerService xflg=0x4 cmp=com.google.vr.vrcore/.notification.VrNotificationService (has extras) } in user 0
03-30 13:14:57.519  1529  1529 W ActivityManager: Unable to start service Intent { act=android.service.notification.NotificationListenerService cmp=com.google.android.apps.dreamliner/.notification.DreamlinerNotificationService } U=0: not found
03-30 13:14:57.519  1529  1529 W NotificationManagerService.NotificationListeners: Unable to bind notification listener service: Intent { act=android.service.notification.NotificationListenerService xflg=0x4 cmp=com.google.android.apps.dreamliner/.notification.DreamlinerNotificationService (has extras) } in user 0
03-30 13:14:57.519  1529  1529 W ActivityManager: Unable to start service Intent { act=android.service.notification.NotificationListenerService cmp=com.google.android.apps.nexuslauncher/com.android.launcher3.notification.NotificationListener } U=0: not found
03-30 13:14:57.519  1529  1529 W NotificationManagerService.NotificationListeners: Unable to bind notification listener service: Intent { act=android.service.notification.NotificationListenerService xflg=0x4 cmp=com.google.android.apps.nexuslauncher/com.android.launcher3.notification.NotificationListener (has extras) } in user 0
03-30 13:14:57.519  1529  1529 W ActivityManager: Unable to start service Intent { act=android.service.notification.NotificationListenerService cmp=com.google.android.as/com.google.android.apps.miphone.aiai.common.notification.service.AiAiNotificationListenerService } U=0: not found
03-30 13:14:57.519  1529  1529 W NotificationManagerService.NotificationListeners: Unable to bind notification listener service: Intent { act=android.service.notification.NotificationListenerService xflg=0x4 cmp=com.google.android.as/com.google.android.apps.miphone.aiai.common.notification.service.AiAiNotificationListenerService (has extras) } in user 0
03-30 13:14:57.521  1529  1529 W ActivityManager: Skipping saving the start info due to ongoing loading from storage
03-30 13:14:57.526  1529  1529 W SystemServiceManager: Service com.android.server.notification.NotificationManagerService took 71 ms in onStart
03-30 13:14:57.537  1529  1529 E SystemServiceRegistry: Manager wrapper not available: keyguard
03-30 13:14:57.565  1529  1822 W PinnerService: Could not find pinlist.meta for "/system_ext/priv-app/NexusLauncherRelease/NexusLauncherRelease.apk": pinning as blob
03-30 13:14:57.572  1529  1529 E PowerManagerService: Tried to acquire wake lock for invalid display: 0
03-30 13:14:57.580  1529  1529 W WiredAccessoryManager: This kernel does not have usb audio support
03-30 13:14:57.581  1529  1529 W WiredAccessoryManager: This kernel does not have HDMI audio support
03-30 13:14:57.581  1529  1529 E WiredAccessoryManager: file /sys/devices/platform/soc/soc:qcom,msm-ext-disp/extcon/extcon3/name not found
03-30 13:14:57.581  1529  1529 W WiredAccessoryManager: Conn soc:qcom,msm-ext-disp/3/1 does not have DP audio support
03-30 13:14:57.581  1529  1529 E WiredAccessoryManager: file /sys/devices/platform/soc/soc:qcom,msm-ext-disp/extcon/extcon2/name not found
03-30 13:14:57.581  1529  1529 W WiredAccessoryManager: Conn soc:qcom,msm-ext-disp/2/1 does not have DP audio support
03-30 13:14:57.581  1529  1529 E WiredAccessoryManager: file /sys/devices/platform/soc/soc:qcom,msm-ext-disp/extcon/extcon1/name not found
03-30 13:14:57.581  1529  1529 W WiredAccessoryManager: Conn soc:qcom,msm-ext-disp/1/1 does not have DP audio support
03-30 13:14:57.581  1529  1529 E WiredAccessoryManager: file /sys/devices/platform/soc/soc:qcom,msm-ext-disp/extcon/extcon0/name not found
03-30 13:14:57.581  1529  1529 W WiredAccessoryManager: Conn soc:qcom,msm-ext-disp/0/1 does not have DP audio support
03-30 13:14:57.581  1529  1529 E WiredAccessoryManager: file /sys/devices/platform/soc/soc:qcom,msm-ext-disp/extcon/extcon3/name not found
03-30 13:14:57.581  1529  1529 W WiredAccessoryManager: Conn soc:qcom,msm-ext-disp/3/0 does not have DP audio support
03-30 13:14:57.581  1529  1529 E WiredAccessoryManager: file /sys/devices/platform/soc/soc:qcom,msm-ext-disp/extcon/extcon2/name not found
03-30 13:14:57.581  1529  1529 W WiredAccessoryManager: Conn soc:qcom,msm-ext-disp/2/0 does not have DP audio support
03-30 13:14:57.581  1529  1529 E WiredAccessoryManager: file /sys/devices/platform/soc/soc:qcom,msm-ext-disp/extcon/extcon1/name not found
03-30 13:14:57.581  1529  1529 W WiredAccessoryManager: Conn soc:qcom,msm-ext-disp/1/0 does not have DP audio support
03-30 13:14:57.581  1529  1529 E WiredAccessoryManager: file /sys/devices/platform/soc/soc:qcom,msm-ext-disp/extcon/extcon0/name not found
03-30 13:14:57.581  1529  1529 W WiredAccessoryManager: Conn soc:qcom,msm-ext-disp/0/0 does not have DP audio support
03-30 13:14:57.583  1529  1529 W AdbAuthorizationStore: Ignoring tag 'keyStore'. Not recognized.
03-30 13:14:57.588  1529  2223 W StorageManagerService: No primary storage defined yet; hacking together a stub
03-30 13:14:57.589  1529  1665 E UsbDeviceManager: Usb getCurrentUsbFunctionsCb failed ,functions:1 ,status:2 ,transactionId:1
03-30 13:14:57.586     0     0 W servicemanager: Service 'serial' originally registered from UID 0 but it is now being registered from UID 1000. Multiple instances installed?
03-30 13:14:57.586     0     0 W servicemanager: Service 'serial' originally registered from SID u:r:su:s0 but it is now being registered from SID u:r:system_server:s0. Multiple instances installed?
03-30 13:14:57.599  1529  2340 W BroadcastLoopers: Found previously unknown looper Thread[AudioService,5,main]
03-30 13:14:57.658     0     0 W init    : Activation of cgroup controller +memory failed in path /sys/fs/cgroup/system/uid_1000: Invalid argument
03-30 13:14:57.703  1529  1529 E AutofillManagerServiceImpl: Bad service name: com.google.android.gms/.autofill.service.AutofillService
03-30 13:14:57.704  1529  1529 E RemoteAugmentedAutofillService: Bad service name for flags 1048704: com.google.android.as/com.google.android.apps.miphone.aiai.app.AiAiAugmentedAutofillService
03-30 13:14:57.727  1529  1529 W PocketService: Un-handled boot phase:480
03-30 13:14:57.729  1529  1529 W BatteryStatsImpl: Unexpected per uid modem model name ()
03-30 13:14:57.739  1529  1529 E DisplayPowerController[0]: failed to set up display white-balance: java.lang.IllegalStateException: cannot find sensor com.google.sensor.color
03-30 13:14:57.743  1529  1529 E DeviceConfig: Parsing int failed for location_mode
03-30 13:14:57.746  1529  1860 W KeyguardServiceDelegate: onScreenTurningOn(): no keyguard service!
03-30 13:14:57.812     0     0 W healthd : battery l=74 v=3940 t=27.8 h=2 st=3 c=-2770312 fc=4730000 cc=132 chg=
03-30 13:14:57.827  1529  1838 W KernelCpuUidFreqTimeBpfMapReader: Failed to start tracking
03-30 13:14:57.827  1529  1838 W KernelCpuProcStringReader: File not found. It's normal if not implemented: /proc/uid_time_in_state
03-30 13:14:57.828  1529  1838 W KernelCpuUidActiveTimeBpfMapReader: Failed to start tracking
03-30 13:14:57.828  1529  1838 W KernelCpuProcStringReader: File not found. It's normal if not implemented: /proc/uid_concurrent_active_time
03-30 13:14:57.829  1529  1838 W KernelCpuUidClusterTimeBpfMapReader: Failed to start tracking
03-30 13:14:57.829  1529  1838 W KernelCpuProcStringReader: File not found. It's normal if not implemented: /proc/uid_concurrent_policy_time
03-30 13:14:57.834  1529  1838 W KernelMemoryBandwidthStats: No kernel memory bandwidth stats available
03-30 13:14:57.844  1529  1838 W BroadcastLoopers: Found previously unknown looper Thread[batterystats-handler,5,main]
03-30 13:14:57.848  1529  2298 W BroadcastLoopers: Found previously unknown looper Thread[WifiHandlerThread,5,main]
03-30 13:14:57.855     0     0 W healthd : battery l=74 v=3934 t=27.8 h=2 st=3 c=-2770312 fc=4730000 cc=132 chg=
03-30 13:14:57.859  1030  1092 W vendor.google.wifi_ext-service-vendor: Duplicate death notification registration
03-30 13:14:57.867  1030  1092 W vendor.google.wifi_ext-service-vendor: No active wlan interfaces in use! Using default
03-30 13:14:57.867  1030  1092 E vendor.google.wifi_ext-service-vendor: Unknown iface name: wlan0
03-30 13:14:57.867  1030  1092 E vendor.google.wifi_ext-service-vendor: Unknown iface name: wlan0
03-30 13:14:57.868  1030  1092 W vendor.google.wifi_ext-service-vendor: No active wlan interfaces in use! Using default
03-30 13:14:57.868  1030  1092 E vendor.google.wifi_ext-service-vendor: Unknown iface name: wlan0
03-30 13:14:57.868  1030  1092 E vendor.google.wifi_ext-service-vendor: Unknown iface name: wlan0
03-30 13:14:57.870  1030  1092 W vendor.google.wifi_ext-service-vendor: No active wlan interfaces in use! Using default
03-30 13:14:57.870  1030  1092 E vendor.google.wifi_ext-service-vendor: Unknown iface name: wlan0
03-30 13:14:57.870  1030  1092 E vendor.google.wifi_ext-service-vendor: Unknown iface name: wlan0
03-30 13:14:57.877  1529  1822 E KernelCpuThreadReader: Failed to initialize KernelCpuThreadReader
03-30 13:14:57.877  1529  1822 E KernelCpuThreadReader: java.nio.file.NoSuchFileException: /proc/self/time_in_state
03-30 13:14:57.877  1529  1822 E KernelCpuThreadReader: 	at sun.nio.fs.UnixFileSystemProvider.newByteChannel(UnixFileSystemProvider.java:220)
03-30 13:14:57.877  1529  1822 E KernelCpuThreadReader: 	at java.nio.file.Files.newByteChannel(Files.java:371)
03-30 13:14:57.877  1529  1822 E KernelCpuThreadReader: 	at java.nio.file.Files.newByteChannel(Files.java:422)
03-30 13:14:57.877  1529  1822 E KernelCpuThreadReader: 	at java.nio.file.Files.readAllBytes(Files.java:3214)
03-30 13:14:57.877  1529  1822 E KernelCpuThreadReader: 	at com.android.internal.os.ProcTimeInStateReader.initializeTimeInStateFormat(ProcTimeInStateReader.java:159)
03-30 13:14:57.877  1529  1822 E KernelCpuThreadReader: 	at com.android.internal.os.ProcTimeInStateReader.<init>(ProcTimeInStateReader.java:106)
03-30 13:14:57.877  1529  1822 E KernelCpuThreadReader: 	at com.android.internal.os.KernelCpuThreadReader.<init>(KernelCpuThreadReader.java:138)
03-30 13:14:57.877  1529  1822 E KernelCpuThreadReader: 	at com.android.internal.os.KernelCpuThreadReader.create(KernelCpuThreadReader.java:151)
03-30 13:14:57.877  1529  1822 E KernelCpuThreadReader: 	at com.android.internal.os.KernelCpuThreadReaderSettingsObserver.<init>(KernelCpuThreadReaderSettingsObserver.java:95)
03-30 13:14:57.877  1529  1822 E KernelCpuThreadReader: 	at com.android.internal.os.KernelCpuThreadReaderSettingsObserver.getSettingsModifiedReader(KernelCpuThreadReaderSettingsObserver.java:80)
03-30 13:14:57.877  1529  1822 E KernelCpuThreadReader: 	at com.android.server.stats.pull.StatsPullAtomService.initializePullersState(StatsPullAtomService.java:937)
03-30 13:14:57.877  1529  1822 E KernelCpuThreadReader: 	at com.android.server.stats.pull.StatsPullAtomService.lambda$onBootPhase$0(StatsPullAtomService.java:891)
03-30 13:14:57.877  1529  1822 E KernelCpuThreadReader: 	at com.android.server.stats.pull.StatsPullAtomService.$r8$lambda$qb74jErDmbpYjoDRKkDDIHHyoHk(StatsPullAtomService.java:0)
03-30 13:14:57.877  1529  1822 E KernelCpuThreadReader: 	at com.android.server.stats.pull.StatsPullAtomService$$ExternalSyntheticLambda0.run(R8$$SyntheticClass:0)
03-30 13:14:57.877  1529  1822 E KernelCpuThreadReader: 	at android.os.Handler.handleCallback(Handler.java:1070)
03-30 13:14:57.877  1529  1822 E KernelCpuThreadReader: 	at android.os.Handler.dispatchMessage(Handler.java:125)
03-30 13:14:57.877  1529  1822 E KernelCpuThreadReader: 	at android.os.Looper.dispatchMessage(Looper.java:333)
03-30 13:14:57.877  1529  1822 E KernelCpuThreadReader: 	at android.os.Looper.loopOnce(Looper.java:263)
03-30 13:14:57.877  1529  1822 E KernelCpuThreadReader: 	at android.os.Looper.loop(Looper.java:367)
03-30 13:14:57.877  1529  1822 E KernelCpuThreadReader: 	at android.os.HandlerThread.run(HandlerThread.java:139)
03-30 13:14:57.885  1529  1529 E UserManagerService: Auto-lock preference updated but private space user not found
03-30 13:14:57.913  1529  1869 W PackageManager: Not removing package com.google.android.libraries.internal.sampleads_20009 hosting lib com.google.android.libraries.internal.sampleads version 20009 used by [VersionedPackage[com.google.android.play.games/624524440]] for user 0
03-30 13:14:57.951  1529  1529 W PocketService: Un-handled boot phase:520
03-30 13:14:58.029  1529  1529 E ActivityManager: Unable to find com.google.android.trichromelibrary_768011933/u0
03-30 13:14:58.029  1529  1529 E ActivityManager: Unable to find com.google.android.trichromelibrary_768015333/u0
03-30 13:14:58.032  1529  1529 E ActivityManager: Unable to find com.google.android.trichromelibrary_763215933/u0
03-30 13:14:58.045  1529  1849 E AppStandbyController: Tried to restrict app com.pcfinancial.mobile for an unsupported reason
03-30 13:14:58.047     0     0 W init    : Activation of cgroup controller +memory failed in path /sys/fs/cgroup/system/uid_0: Invalid argument
03-30 13:14:58.049  1529  1849 E AppStandbyController: Tried to restrict app com.chiller3.bcr for an unsupported reason
03-30 13:14:58.050  1529  1529 W ActivityManager: Too early to start/bind service in system_server: Phase=550 ComponentInfo{com.android.server.telecom/com.android.server.telecom.components.TelecomService}
03-30 13:14:58.050  1529  1849 E AppStandbyController: Tried to restrict app com.google.android.apps.bard for an unsupported reason
03-30 13:14:58.050  1529  1529 W ActivityManager: Too early to start/bind service in system_server: Phase=550 ComponentInfo{com.android.server.telecom/com.android.server.telecom.components.TelecomService}
03-30 13:14:58.060  1529  2221 E NativeTombstoneManager: Tombstone's UID (1000) not an app, ignoring
03-30 13:14:58.063  1529  2221 E NativeTombstoneManager: Tombstone's UID (0) not an app, ignoring
03-30 13:14:58.064  1529  2221 E NativeTombstoneManager: Tombstone's UID (0) not an app, ignoring
03-30 13:14:58.069  1529  2221 E NativeTombstoneManager: Tombstone has invalid selinux label (u:r:priv_app:s0:c512,c768└Ć), ignoring
03-30 13:14:58.070  1529  2221 E NativeTombstoneManager: Tombstone's UID (0) not an app, ignoring
03-30 13:14:58.074  1529  2221 E NativeTombstoneManager: Tombstone has invalid selinux label (u:r:priv_app:s0:c512,c768└Ć), ignoring
03-30 13:14:58.078  1529  2221 E NativeTombstoneManager: Tombstone has invalid selinux label (u:r:priv_app:s0:c512,c768└Ć), ignoring
03-30 13:14:58.088  1529  2221 E NativeTombstoneManager: Tombstone has invalid selinux label (u:r:priv_app:s0:c512,c768└Ć), ignoring
03-30 13:14:58.090  1529  2221 E NativeTombstoneManager: Tombstone has invalid selinux label (u:r:priv_app:s0:c512,c768└Ć), ignoring
03-30 13:14:58.092  1529  2221 E NativeTombstoneManager: Tombstone has invalid selinux label (u:r:priv_app:s0:c512,c768└Ć), ignoring
03-30 13:14:58.095  1529  2221 E NativeTombstoneManager: Tombstone has invalid selinux label (u:r:priv_app:s0:c512,c768└Ć), ignoring
03-30 13:14:58.147     0     0 E cpif    : check_txq_space: PCIE: NOSPC FMT_TX{qsize:4096 in:1264 out:1312 space:47 len:2048}
03-30 13:14:58.149     0     0 E cpif    : check_txq_space: PCIE: NOSPC FMT_TX{qsize:4096 in:1216 out:1264 space:47 len:2048}
03-30 13:14:58.150     0     0 E cpif    : check_txq_space: PCIE: NOSPC FMT_TX{qsize:4096 in:1168 out:1216 space:47 len:2048}
03-30 13:14:58.151     0     0 E cpif    : check_txq_space: PCIE: NOSPC FMT_TX{qsize:4096 in:1120 out:1168 space:47 len:2048}
03-30 13:14:58.152     0     0 E cpif    : check_txq_space: PCIE: NOSPC FMT_TX{qsize:4096 in:1072 out:1120 space:47 len:2048}
03-30 13:14:58.153     0     0 E cpif    : check_txq_space: PCIE: NOSPC FMT_TX{qsize:4096 in:1024 out:1072 space:47 len:2048}
03-30 13:14:58.155     0     0 E cpif    : check_txq_space: PCIE: NOSPC FMT_TX{qsize:4096 in:976 out:1024 space:47 len:2048}
03-30 13:14:58.156     0     0 E cpif    : check_txq_space: PCIE: NOSPC FMT_TX{qsize:4096 in:976 out:1024 space:47 len:2048}
03-30 13:14:58.157     0     0 E cpif    : check_txq_space: PCIE: NOSPC FMT_TX{qsize:4096 in:928 out:976 space:47 len:2048}
03-30 13:14:58.158     0     0 E cpif    : check_txq_space: PCIE: NOSPC FMT_TX{qsize:4096 in:928 out:976 space:47 len:2048}
03-30 13:14:58.397  1030  1092 W vendor.google.wifi_ext-service-vendor: No active wlan interfaces in use! Using default
03-30 13:14:58.397  1030  1092 E vendor.google.wifi_ext-service-vendor: Failed to register radio mode change callback
03-30 13:14:58.397  1030  1092 W vendor.google.wifi_ext-service-vendor: No active wlan interfaces in use! Using default
03-30 13:14:58.400  1030  1092 E vendor.google.wifi_ext-service-vendor: Failed to get SupportedIfaceCombinations matrix from legacy HAL: NOT_SUPPORTED
03-30 13:14:58.400  1030  1092 W vendor.google.wifi_ext-service-vendor: No active wlan interfaces in use! Using default
03-30 13:14:58.402  1030  2456 W vendor.google.wifi_ext-service-vendor: No active wlan interfaces in use! Using default
03-30 13:14:58.409  1030  1092 E vendor.google.wifi_ext-service-vendor: Failed to set DFS flag; DFS channels may be unavailable.
03-30 13:14:58.422  1030  1092 E vendor.google.wifi_ext-service-vendor: Failed to get chip capabilities from legacy HAL: NOT_SUPPORTED
03-30 13:14:58.618     0     0 W init    : Activation of cgroup controller +memory failed in path /sys/fs/cgroup/system/uid_1010: Invalid argument
03-30 13:14:58.665  1529  1529 W SyncManager: Failure adding authority: auth=subscribedfeeds enabled=false syncable=1
03-30 13:14:58.670  1529  1529 W SystemServiceManager: Service com.android.server.content.ContentService$Lifecycle took 619 ms in onBootPhase
03-30 13:14:58.680     0     0 W init    : Activation of cgroup controller +memory failed in path /sys/fs/cgroup/system/uid_9999: Invalid argument
03-30 13:14:58.745  1529  1529 W SystemServiceManager: Service com.android.server.NetworkStatsServiceInitializer took 62 ms in onBootPhase
03-30 13:14:58.756  1529  2337 W BroadcastLoopers: Found previously unknown looper Thread[AudioDeviceBroker,5,main]
03-30 13:14:58.758  1529  1529 W PocketService: Un-handled boot phase:550
03-30 13:14:58.832  1529  2278 W PinnerService: Could not find pinlist.meta for "/data/app/~~fztXfQvTXo1-RJUj2F-v2A==/com.google.android.webview-GZL6dRNpeLdzF-p2ADSGVQ==/base.apk": pinning as blob
03-30 13:14:58.847  1529  2296 W NetworkPolicy: setRestrictBackgroundUL: already false
03-30 13:14:58.889  1529  2278 E AppOps  : Bad call made by uid 1000. Package "android" does not belong to uid 1037.
03-30 13:14:58.889  1529  2278 E AppOps  : Cannot getAppOpMode: non-application UID 1037
03-30 13:14:58.904  2486  2486 E VibratorInfo: Invalid frequency profile received from HAL. resonantFrequencyHz=NaN, frequenciesHz=null, outputAccelerationsGs=null
03-30 13:14:58.904  2486  2486 E VibratorInfo: Invalid frequency profile received from HAL. resonantFrequencyHz=NaN, frequenciesHz=null, outputAccelerationsGs=null
03-30 13:14:58.947  1529  2487 W PackageManager: Invalid dex load report. loadingPackageName=null, uid=1037
03-30 13:14:58.966  1529  2295 W BroadcastLoopers: Found previously unknown looper Thread[NetworkStats,5,main]
03-30 13:14:59.014  1529  2154 E TransitionChain: Can't collect into a chain with no transition
03-30 13:14:59.014  1529  2154 E TransitionChain: Can't collect into a chain with no transition
03-30 13:14:59.037  1529  1529 W WallpaperManagerService: Attempted wallpaper ComponentInfo{simosoftprojects.matrixlivewallpaper/simosoftprojects.matrixlivewallpaper.MatrixWallpaper} is unavailable
03-30 13:14:59.037  1529  1529 W WallpaperManagerService: Wallpaper isn't direct boot aware; using fallback until unlocked
03-30 13:14:59.065  1529  1803 W LocationTZDetector: onProviderStateChange: Ignoring provider state change because both providers have not yet completed initialization. providerState=ProviderState{stateEnum=Perm failure (5), event=null, currentUserConfiguration=null, mStateEntryTimeMillis=11348, mDebugInfo=Failed to initialize: onInitialize() returned false}
03-30 13:14:59.072  1529  1529 W PocketService: Un-handled boot phase:600
03-30 13:14:59.101  1529  2262 W BroadcastLoopers: Found previously unknown looper Thread[BluetoothSystemServer,5,main]
03-30 13:14:59.128  1529  1666 E AppLockManagerService: Config unavailable for user 0
03-30 13:14:59.128  1529  1529 W AppBindingService: [Supervision app] u0 feature disabled
03-30 13:14:59.135  1529  1529 W ActivityTaskManager: callingPackage for (uid=-1, pid=0) has no WPC
03-30 13:14:59.136  1529  1529 W ActivityStartInterceptor: Starting home with component specified, uid=0
03-30 13:14:59.166  1529  1529 W Looper  : Slow delivery took 2176ms main app=system_server main=true group=FOREGROUND h=android.app.ActivityThread$H c=null m=156
03-30 13:14:59.186  1529  1827 W ActivityManager: Slow operation: 56ms so far, now at startProcess: returned from zygote!
03-30 13:14:59.186  1529  1827 W ActivityManager: Slow operation: 57ms so far, now at startProcess: done updating battery stats
03-30 13:14:59.186  1529  1827 W ActivityManager: Slow operation: 57ms so far, now at startProcess: building log message
03-30 13:14:59.186  1529  1827 W ActivityManager: Slow operation: 57ms so far, now at startProcess: starting to update pids map
03-30 13:14:59.186  1529  1827 W ActivityManager: Slow operation: 57ms so far, now at startProcess: done updating pids map
03-30 13:14:59.186  1529  1827 W ActivityManager: Slow operation: 56ms so far, now at startProcess: asking zygote to start proc
03-30 13:14:59.192     0     0 W WLDEV-INFO) wldev_set_country: set country for 00 as XZ rev 0
03-30 13:14:59.197  1529  1827 W ActivityManager: Slow operation: 67ms so far, now at startProcess: returned from zygote!
03-30 13:14:59.197  1529  1827 W ActivityManager: Slow operation: 67ms so far, now at startProcess: done updating battery stats
03-30 13:14:59.197  1529  1827 W ActivityManager: Slow operation: 67ms so far, now at startProcess: building log message
03-30 13:14:59.197  1529  1827 W ActivityManager: Slow operation: 67ms so far, now at startProcess: starting to update pids map
03-30 13:14:59.197  1529  1827 W ActivityManager: Slow operation: 67ms so far, now at startProcess: done updating pids map
03-30 13:14:59.197  1529  1827 W ActivityManager: Slow operation: 67ms so far, now at startProcess: asking zygote to start proc
03-30 13:14:59.206  1529  1827 W ActivityManager: Slow operation: 76ms so far, now at startProcess: returned from zygote!
03-30 13:14:59.206  1529  1827 W ActivityManager: Slow operation: 76ms so far, now at startProcess: done updating battery stats
03-30 13:14:59.206  1529  1827 W ActivityManager: Slow operation: 76ms so far, now at startProcess: building log message
03-30 13:14:59.206  1529  1827 W ActivityManager: Slow operation: 76ms so far, now at startProcess: starting to update pids map
03-30 13:14:59.206  1529  1827 W ActivityManager: Slow operation: 76ms so far, now at startProcess: done updating pids map
03-30 13:14:59.207  1529  1827 W ActivityManager: Slow operation: 76ms so far, now at startProcess: asking zygote to start proc
03-30 13:14:59.211  1529  1827 W ActivityManager: Slow operation: 81ms so far, now at startProcess: returned from zygote!
03-30 13:14:59.211  1529  1827 W ActivityManager: Slow operation: 81ms so far, now at startProcess: done updating battery stats
03-30 13:14:59.211  1529  1827 W ActivityManager: Slow operation: 81ms so far, now at startProcess: building log message
03-30 13:14:59.211  1529  1827 W ActivityManager: Slow operation: 81ms so far, now at startProcess: starting to update pids map
03-30 13:14:59.211  1529  1827 W ActivityManager: Slow operation: 81ms so far, now at startProcess: done updating pids map
03-30 13:14:59.211  1529  1827 W ActivityManager: Slow operation: 81ms so far, now at startProcess: asking zygote to start proc
03-30 13:14:59.217  1529  1827 W ActivityManager: Slow operation: 86ms so far, now at startProcess: returned from zygote!
03-30 13:14:59.217  1529  1827 W ActivityManager: Slow operation: 86ms so far, now at startProcess: done updating battery stats
03-30 13:14:59.217  1529  1827 W ActivityManager: Slow operation: 86ms so far, now at startProcess: building log message
03-30 13:14:59.217  1529  1827 W ActivityManager: Slow operation: 86ms so far, now at startProcess: starting to update pids map
03-30 13:14:59.217  1529  1827 W ActivityManager: Slow operation: 86ms so far, now at startProcess: done updating pids map
03-30 13:14:59.217  1529  1827 W ActivityManager: Slow operation: 86ms so far, now at startProcess: asking zygote to start proc
03-30 13:14:59.221  1529  1827 W ActivityManager: Slow operation: 91ms so far, now at startProcess: returned from zygote!
03-30 13:14:59.221  1529  1827 W ActivityManager: Slow operation: 91ms so far, now at startProcess: done updating battery stats
03-30 13:14:59.221  1529  1827 W ActivityManager: Slow operation: 91ms so far, now at startProcess: building log message
03-30 13:14:59.221  1529  1827 W ActivityManager: Slow operation: 91ms so far, now at startProcess: starting to update pids map
03-30 13:14:59.221  1529  1827 W ActivityManager: Slow operation: 91ms so far, now at startProcess: done updating pids map
03-30 13:14:59.221  1529  1827 W ActivityManager: Slow operation: 91ms so far, now at startProcess: asking zygote to start proc
03-30 13:14:59.226  1529  1827 W ActivityManager: Slow operation: 96ms so far, now at startProcess: returned from zygote!
03-30 13:14:59.226  1529  1827 W ActivityManager: Slow operation: 96ms so far, now at startProcess: done updating battery stats
03-30 13:14:59.226  1529  1827 W ActivityManager: Slow operation: 96ms so far, now at startProcess: building log message
03-30 13:14:59.226  1529  1827 W ActivityManager: Slow operation: 96ms so far, now at startProcess: starting to update pids map
03-30 13:14:59.226  1529  1827 W ActivityManager: Slow operation: 96ms so far, now at startProcess: done updating pids map
03-30 13:14:59.226  1529  1827 W ActivityManager: Slow operation: 96ms so far, now at startProcess: asking zygote to start proc
03-30 13:14:59.231  1529  1827 W ActivityManager: Slow operation: 101ms so far, now at startProcess: returned from zygote!
03-30 13:14:59.231  1529  1827 W ActivityManager: Slow operation: 101ms so far, now at startProcess: done updating battery stats
03-30 13:14:59.231  1529  1827 W ActivityManager: Slow operation: 101ms so far, now at startProcess: building log message
03-30 13:14:59.231  1529  1827 W ActivityManager: Slow operation: 101ms so far, now at startProcess: starting to update pids map
03-30 13:14:59.231  1529  1827 W ActivityManager: Slow operation: 101ms so far, now at startProcess: done updating pids map
03-30 13:14:59.231  1529  1827 W ActivityManager: Slow operation: 100ms so far, now at startProcess: asking zygote to start proc
03-30 13:14:59.237  1529  1827 W ActivityManager: Slow operation: 106ms so far, now at startProcess: returned from zygote!
03-30 13:14:59.237  1529  1827 W ActivityManager: Slow operation: 106ms so far, now at startProcess: done updating battery stats
03-30 13:14:59.237  1529  1827 W ActivityManager: Slow operation: 106ms so far, now at startProcess: building log message
03-30 13:14:59.237  1529  1827 W ActivityManager: Slow operation: 106ms so far, now at startProcess: starting to update pids map
03-30 13:14:59.237  1529  1827 W ActivityManager: Slow operation: 106ms so far, now at startProcess: done updating pids map
03-30 13:14:59.237  1529  1827 W ActivityManager: Slow operation: 106ms so far, now at startProcess: asking zygote to start proc
03-30 13:14:59.242  1529  1827 W ActivityManager: Slow operation: 110ms so far, now at startProcess: returned from zygote!
03-30 13:14:59.242  1529  1827 W ActivityManager: Slow operation: 110ms so far, now at startProcess: done updating battery stats
03-30 13:14:59.242  1529  1827 W ActivityManager: Slow operation: 110ms so far, now at startProcess: building log message
03-30 13:14:59.242  1529  1827 W ActivityManager: Slow operation: 110ms so far, now at startProcess: starting to update pids map
03-30 13:14:59.242  1529  1827 W ActivityManager: Slow operation: 110ms so far, now at startProcess: done updating pids map
03-30 13:14:59.242  1529  1827 W ActivityManager: Slow operation: 111ms so far, now at startProcess: asking zygote to start proc
03-30 13:14:59.246  1529  1827 W ActivityManager: Slow operation: 115ms so far, now at startProcess: returned from zygote!
03-30 13:14:59.247  1529  1827 W ActivityManager: Slow operation: 115ms so far, now at startProcess: done updating battery stats
03-30 13:14:59.247  1529  1827 W ActivityManager: Slow operation: 115ms so far, now at startProcess: building log message
03-30 13:14:59.247  1529  1827 W ActivityManager: Slow operation: 116ms so far, now at startProcess: starting to update pids map
03-30 13:14:59.247  1529  1827 W ActivityManager: Slow operation: 116ms so far, now at startProcess: done updating pids map
03-30 13:14:59.247  1529  1827 W ActivityManager: Slow operation: 116ms so far, now at startProcess: asking zygote to start proc
03-30 13:14:59.254  1529  1827 W ActivityManager: Slow operation: 123ms so far, now at startProcess: returned from zygote!
03-30 13:14:59.254  1529  1827 W ActivityManager: Slow operation: 123ms so far, now at startProcess: done updating battery stats
03-30 13:14:59.254  1529  1827 W ActivityManager: Slow operation: 123ms so far, now at startProcess: building log message
03-30 13:14:59.254  1529  1827 W ActivityManager: Slow operation: 123ms so far, now at startProcess: starting to update pids map
03-30 13:14:59.254  1529  1827 W ActivityManager: Slow operation: 123ms so far, now at startProcess: done updating pids map
03-30 13:14:59.254  1529  1827 W ActivityManager: Slow operation: 123ms so far, now at startProcess: asking zygote to start proc
03-30 13:14:59.259  1529  1827 W ActivityManager: Slow operation: 127ms so far, now at startProcess: returned from zygote!
03-30 13:14:59.259  1529  1827 W ActivityManager: Slow operation: 127ms so far, now at startProcess: done updating battery stats
03-30 13:14:59.259  1529  1827 W ActivityManager: Slow operation: 127ms so far, now at startProcess: building log message
03-30 13:14:59.259  1529  1827 W ActivityManager: Slow operation: 127ms so far, now at startProcess: starting to update pids map
03-30 13:14:59.259  1529  1827 W ActivityManager: Slow operation: 127ms so far, now at startProcess: done updating pids map
03-30 13:14:59.259  1529  1827 W ActivityManager: Slow operation: 96ms so far, now at startProcess: asking zygote to start proc
03-30 13:14:59.264  1529  1827 W ActivityManager: Slow operation: 100ms so far, now at startProcess: returned from zygote!
03-30 13:14:59.264  1529  1827 W ActivityManager: Slow operation: 101ms so far, now at startProcess: done updating battery stats
03-30 13:14:59.264  1529  1827 W ActivityManager: Slow operation: 101ms so far, now at startProcess: building log message
03-30 13:14:59.264  1529  1827 W ActivityManager: Slow operation: 101ms so far, now at startProcess: starting to update pids map
03-30 13:14:59.264  1529  1827 W ActivityManager: Slow operation: 101ms so far, now at startProcess: done updating pids map
03-30 13:14:59.264  1529  1827 W ActivityManager: Slow operation: 84ms so far, now at startProcess: asking zygote to start proc
03-30 13:14:59.268  1529  1827 W ActivityManager: Slow operation: 87ms so far, now at startProcess: returned from zygote!
03-30 13:14:59.268  1529  1827 W ActivityManager: Slow operation: 87ms so far, now at startProcess: done updating battery stats
03-30 13:14:59.268  1529  1827 W ActivityManager: Slow operation: 87ms so far, now at startProcess: building log message
03-30 13:14:59.268  1529  1827 W ActivityManager: Slow operation: 88ms so far, now at startProcess: starting to update pids map
03-30 13:14:59.268  1529  1827 W ActivityManager: Slow operation: 88ms so far, now at startProcess: done updating pids map
03-30 13:14:59.272  1529  1665 W ActivityManager: Unable to start service Intent { act=com.google.android.gms.magictether.BIND xflg=0x4 pkg=com.google.android.gms } U=0: not found
03-30 13:14:59.297     0     0 W aoc_audio_control: 138 callbacks suppressed
03-30 13:14:59.292  1529  1822 E CountryDetector: Could not instantiate the custom country detector class
03-30 13:14:59.444  1529  1529 E AppOps  : package com.android.server.telecom.callsequencing.voip not found, can't check for attributionTag null
03-30 13:14:59.447  1529  1529 W Looper  : Slow dispatch took 222ms main app=system_server main=true group=FOREGROUND h=android.app.ActivityThread$H c=android.app.LoadedApk$ServiceDispatcher$RunConnection@161f51c m=0
03-30 13:14:59.450  1529  1529 W Looper  : Drained
03-30 13:14:59.455  1529  1529 E ContentCapturePerUserService: Bad service name: com.google.android.as/com.google.android.apps.miphone.aiai.app.AiAiContentCaptureService
03-30 13:14:59.455  1529  1529 E ContentCapturePerUserService: Bad service name: com.google.android.as/com.google.android.apps.miphone.aiai.app.AiAiContentCaptureService
03-30 13:14:59.455  1529  1529 E ContentCapturePerUserService: Bad service name: com.google.android.as/com.google.android.apps.miphone.aiai.app.AiAiContentCaptureService
03-30 13:14:59.455  1529  1529 E ContentSuggestionsPerUserService: Bad service name: com.google.android.as/com.google.android.apps.miphone.aiai.app.AiAiContentSuggestionsService
03-30 13:14:59.455  1529  1529 E AutofillManagerServiceImpl: Bad service name: com.google.android.gms/.autofill.service.AutofillService
03-30 13:14:59.455  1529  1529 E RemoteAugmentedAutofillService: Bad service name for flags 1048704: com.google.android.as/com.google.android.apps.miphone.aiai.app.AiAiAugmentedAutofillService
03-30 13:14:59.455  1529  2336 W BroadcastLoopers: Found previously unknown looper Thread[AudioService Broadcast,5,main]
03-30 13:14:59.462  1529  1529 W ActivityManager: Unable to start service Intent { act=android.service.contentcapture.ContentCaptureService xflg=0x4 cmp=com.google.android.as/com.google.android.apps.miphone.aiai.app.AiAiContentCaptureService } U=0: not found
03-30 13:14:59.462  1529  1529 W RemoteContentCaptureService: could not bind to Intent { act=android.service.contentcapture.ContentCaptureService xflg=0x4 cmp=com.google.android.as/com.google.android.apps.miphone.aiai.app.AiAiContentCaptureService } using flags 67112961
03-30 13:14:59.465  1529  1529 W ContentCapturePerUserService: remote service died: RemoteContentCaptureService[ComponentInfo{com.google.android.as/com.google.android.apps.miphone.aiai.app.AiAiContentCaptureService} 41608267 (unbound)]
03-30 13:14:59.468  1529  1529 W ActivityManager: Unbind failed: could not find connection for android.app.LoadedApk$ServiceDispatcher$InnerConnection@b917a27
03-30 13:14:59.469  1529  1529 W ActivityManager: Unable to start service Intent { act=android.service.contentcapture.ContentCaptureService xflg=0x4 cmp=com.google.android.as/com.google.android.apps.miphone.aiai.app.AiAiContentCaptureService } U=0: not found
03-30 13:14:59.469  1529  1529 W RemoteContentCaptureService: could not bind to Intent { act=android.service.contentcapture.ContentCaptureService xflg=0x4 cmp=com.google.android.as/com.google.android.apps.miphone.aiai.app.AiAiContentCaptureService } using flags 67112961
03-30 13:14:59.469  1529  1529 W ContentCapturePerUserService: remote service died: RemoteContentCaptureService[ComponentInfo{com.google.android.as/com.google.android.apps.miphone.aiai.app.AiAiContentCaptureService} 27667833 (unbound)]
03-30 13:14:59.469  1529  1529 W ActivityManager: Unbind failed: could not find connection for android.app.LoadedApk$ServiceDispatcher$InnerConnection@a326abe
03-30 13:14:59.596     0     0 W samsung-pinctrl 10c40000.pinctrl: not freeing pin 80 (gpp22-1) as part of deactivating group gpp22-1 - it is already used for some other setting
03-30 13:14:59.597     0     0 W samsung-pinctrl 10c40000.pinctrl: not freeing pin 80 (gpp22-1) as part of deactivating group gpp22-1 - it is already used for some other setting
03-30 13:14:59.605     0     0 W samsung-pinctrl 10c40000.pinctrl: not freeing pin 80 (gpp22-1) as part of deactivating group gpp22-1 - it is already used for some other setting
03-30 13:14:59.606     0     0 W samsung-pinctrl 10c40000.pinctrl: not freeing pin 80 (gpp22-1) as part of deactivating group gpp22-1 - it is already used for some other setting
03-30 13:14:59.610     0     0 W samsung-pinctrl 10c40000.pinctrl: not freeing pin 80 (gpp22-1) as part of deactivating group gpp22-1 - it is already used for some other setting
03-30 13:14:59.610     0     0 W samsung-pinctrl 10c40000.pinctrl: not freeing pin 80 (gpp22-1) as part of deactivating group gpp22-1 - it is already used for some other setting
03-30 13:14:59.621     0     0 W samsung-pinctrl 10c40000.pinctrl: not freeing pin 80 (gpp22-1) as part of deactivating group gpp22-1 - it is already used for some other setting
03-30 13:14:59.621     0     0 W samsung-pinctrl 10c40000.pinctrl: not freeing pin 80 (gpp22-1) as part of deactivating group gpp22-1 - it is already used for some other setting
03-30 13:14:59.630     0     0 W samsung-pinctrl 10c40000.pinctrl: not freeing pin 80 (gpp22-1) as part of deactivating group gpp22-1 - it is already used for some other setting
03-30 13:14:59.630     0     0 W samsung-pinctrl 10c40000.pinctrl: not freeing pin 80 (gpp22-1) as part of deactivating group gpp22-1 - it is already used for some other setting
03-30 13:14:59.641     0     0 W samsung-pinctrl 10c40000.pinctrl: not freeing pin 80 (gpp22-1) as part of deactivating group gpp22-1 - it is already used for some other setting
03-30 13:14:59.641     0     0 W samsung-pinctrl 10c40000.pinctrl: not freeing pin 80 (gpp22-1) as part of deactivating group gpp22-1 - it is already used for some other setting
03-30 13:14:59.668  1529  1980 W ActivityManager: Unable to start service Intent { xflg=0x4 cmp=com.google.android.apps.camera.services/.connectivity.service.ProxyCameraProviderService } U=0: not found
03-30 13:14:59.672  1529  2154 W ActivityManager: Unbind failed: could not find connection for android.os.BinderProxy@2688c15
03-30 13:14:59.706     0     0 W samsung-pinctrl 10c40000.pinctrl: not freeing pin 80 (gpp22-1) as part of deactivating group gpp22-1 - it is already used for some other setting
03-30 13:14:59.706     0     0 W samsung-pinctrl 10c40000.pinctrl: not freeing pin 80 (gpp22-1) as part of deactivating group gpp22-1 - it is already used for some other setting
03-30 13:14:59.712     0     0 W samsung-pinctrl 10c40000.pinctrl: not freeing pin 80 (gpp22-1) as part of deactivating group gpp22-1 - it is already used for some other setting
03-30 13:14:59.712     0     0 W samsung-pinctrl 10c40000.pinctrl: not freeing pin 80 (gpp22-1) as part of deactivating group gpp22-1 - it is already used for some other setting
03-30 13:14:59.762     0     0 W samsung-pinctrl 10c40000.pinctrl: not freeing pin 80 (gpp22-1) as part of deactivating group gpp22-1 - it is already used for some other setting
03-30 13:14:59.762     0     0 W samsung-pinctrl 10c40000.pinctrl: not freeing pin 80 (gpp22-1) as part of deactivating group gpp22-1 - it is already used for some other setting
03-30 13:14:59.774     0     0 W samsung-pinctrl 10c40000.pinctrl: not freeing pin 80 (gpp22-1) as part of deactivating group gpp22-1 - it is already used for some other setting
03-30 13:14:59.774     0     0 W samsung-pinctrl 10c40000.pinctrl: not freeing pin 80 (gpp22-1) as part of deactivating group gpp22-1 - it is already used for some other setting
03-30 13:14:59.792  1529  1838 W MobileRadioPowerStatsCollector: error reading modem stats:ERROR_PHONE_NOT_AVAILABLE
03-30 13:14:59.820     0     0 W samsung-pinctrl 10c40000.pinctrl: not freeing pin 80 (gpp22-1) as part of deactivating group gpp22-1 - it is already used for some other setting
03-30 13:14:59.820     0     0 W samsung-pinctrl 10c40000.pinctrl: not freeing pin 80 (gpp22-1) as part of deactivating group gpp22-1 - it is already used for some other setting
03-30 13:14:59.825     0     0 W samsung-pinctrl 10c40000.pinctrl: not freeing pin 80 (gpp22-1) as part of deactivating group gpp22-1 - it is already used for some other setting
03-30 13:14:59.825     0     0 W samsung-pinctrl 10c40000.pinctrl: not freeing pin 80 (gpp22-1) as part of deactivating group gpp22-1 - it is already used for some other setting
03-30 13:14:59.836  1529  2154 W TransitionChain: Combining setKGShown into #2(OPEN|R|0x0) from startHomeAct
03-30 13:14:59.875     0     0 W samsung-pinctrl 10c40000.pinctrl: not freeing pin 80 (gpp22-1) as part of deactivating group gpp22-1 - it is already used for some other setting
03-30 13:14:59.875     0     0 W samsung-pinctrl 10c40000.pinctrl: not freeing pin 80 (gpp22-1) as part of deactivating group gpp22-1 - it is already used for some other setting
03-30 13:14:59.879     0     0 W samsung-pinctrl 10c40000.pinctrl: not freeing pin 80 (gpp22-1) as part of deactivating group gpp22-1 - it is already used for some other setting
03-30 13:14:59.879     0     0 W samsung-pinctrl 10c40000.pinctrl: not freeing pin 80 (gpp22-1) as part of deactivating group gpp22-1 - it is already used for some other setting
03-30 13:14:59.893  1529  2155 W BluetoothPowerStatsCollector: BluetoothActivityEnergyInfo request failed with error code: 11
03-30 13:14:59.916  2847  2847 E VibratorInfo: Invalid frequency profile received from HAL. resonantFrequencyHz=NaN, frequenciesHz=null, outputAccelerationsGs=null
03-30 13:14:59.916  2847  2847 E VibratorInfo: Invalid frequency profile received from HAL. resonantFrequencyHz=NaN, frequenciesHz=null, outputAccelerationsGs=null
03-30 13:14:59.926     0     0 W samsung-pinctrl 10c40000.pinctrl: not freeing pin 80 (gpp22-1) as part of deactivating group gpp22-1 - it is already used for some other setting
03-30 13:14:59.927     0     0 W samsung-pinctrl 10c40000.pinctrl: not freeing pin 80 (gpp22-1) as part of deactivating group gpp22-1 - it is already used for some other setting
03-30 13:14:59.931     0     0 W samsung-pinctrl 10c40000.pinctrl: not freeing pin 80 (gpp22-1) as part of deactivating group gpp22-1 - it is already used for some other setting
03-30 13:14:59.931     0     0 W samsung-pinctrl 10c40000.pinctrl: not freeing pin 80 (gpp22-1) as part of deactivating group gpp22-1 - it is already used for some other setting
03-30 13:14:59.961  1529  2660 E BiometricServiceRegistry: No sensors found
03-30 13:14:59.961  1529  2660 W FingerprintService: Null provider for isHardwareDetectedDeprecated, caller: com.android.settings
03-30 13:14:59.963  1529  2661 E BiometricServiceRegistry: No sensors found
03-30 13:14:59.963  1529  2661 W FingerprintService: Null provider for isHardwareDetectedDeprecated, caller: com.android.settings
03-30 13:14:59.976     0     0 W samsung-pinctrl 10c40000.pinctrl: not freeing pin 80 (gpp22-1) as part of deactivating group gpp22-1 - it is already used for some other setting
03-30 13:14:59.977     0     0 W samsung-pinctrl 10c40000.pinctrl: not freeing pin 80 (gpp22-1) as part of deactivating group gpp22-1 - it is already used for some other setting
03-30 13:14:59.981     0     0 W samsung-pinctrl 10c40000.pinctrl: not freeing pin 80 (gpp22-1) as part of deactivating group gpp22-1 - it is already used for some other setting
03-30 13:14:59.981     0     0 W samsung-pinctrl 10c40000.pinctrl: not freeing pin 80 (gpp22-1) as part of deactivating group gpp22-1 - it is already used for some other setting
03-30 13:15:00.029     0     0 W samsung-pinctrl 10c40000.pinctrl: not freeing pin 80 (gpp22-1) as part of deactivating group gpp22-1 - it is already used for some other setting
03-30 13:15:00.029     0     0 W samsung-pinctrl 10c40000.pinctrl: not freeing pin 80 (gpp22-1) as part of deactivating group gpp22-1 - it is already used for some other setting
03-30 13:15:00.036     0     0 W samsung-pinctrl 10c40000.pinctrl: not freeing pin 80 (gpp22-1) as part of deactivating group gpp22-1 - it is already used for some other setting
03-30 13:15:00.036  1529  1822 W MagnificationConnectionManager: requestConnection duplicated request: connect=false, mConnectionState=DISCONNECTED
03-30 13:15:00.036     0     0 W samsung-pinctrl 10c40000.pinctrl: not freeing pin 80 (gpp22-1) as part of deactivating group gpp22-1 - it is already used for some other setting
03-30 13:15:00.083     0     0 W samsung-pinctrl 10c40000.pinctrl: not freeing pin 80 (gpp22-1) as part of deactivating group gpp22-1 - it is already used for some other setting
