03-30 13:12:13.269  1501  1501 W SettingsState: invalid override flag name device_personalization_services/Memory__enable_n_state_action_parser_v1c
03-30 13:12:13.269  1501  1501 W SettingsState: invalid override flag name device_personalization_services/MessageArmour__enable_hun_suppression
03-30 13:12:13.269  1501  1501 W SettingsState: invalid override flag name device_personalization_services/SmartNotification__reclassification_exemption_timeout_minutes
03-30 13:12:13.270  1501  1501 W SettingsState: invalid override flag name device_personalization_services/Pecan__enable_pecan_plugins
03-30 13:12:13.270  1501  1501 W SettingsState: invalid override flag name credential_manager/credential_manager_service_search_uri
03-30 13:12:13.270  1501  1501 W SettingsState: invalid override flag name adservices/u18_ux_enabled
03-30 13:12:13.270  1501  1501 W SettingsState: invalid override flag name device_personalization_services/Captions__enable_augmented_modality_input
03-30 13:12:13.270  1501  1501 W SettingsState: invalid override flag name aicore/AicDataRelease__build_id_5398059663487363370
03-30 13:12:13.270  1501  1501 W SettingsState: invalid override flag name profiling/heap_profile_flush_timeout_ms_default
03-30 13:12:13.270  1501  1501 W SettingsState: invalid override flag name appsearch/contacts_indexer_enabled
03-30 13:12:13.270  1501  1501 W SettingsState: invalid override flag name aicore/AicSafety__messages_output_screen_classification_enabled
03-30 13:12:13.270  1501  1501 W SettingsState: invalid override flag name device_personalization_services/SmartDictation__enable_biasing_for_interests_model
03-30 13:12:13.270  1501  1501 W SettingsState: invalid override flag name adservices/measurement_job_delete_uninstalled_kill_switch
03-30 13:12:13.270  1501  1501 W SettingsState: invalid override flag name connectivity/dhcp_rapid_commit_version
03-30 13:12:13.270  1501  1501 W SettingsState: invalid override flag name device_personalization_services/EchoSearch__enable_fetching_digital_document_content
03-30 13:12:13.270  1501  1501 W SettingsState: invalid override flag name profiling/java_heap_dump_size_kb_max
03-30 13:12:13.270  1501  1501 W SettingsState: invalid override flag name profiling/java_heap_dump_size_kb_min
03-30 13:12:13.270  1501  1501 W SettingsState: invalid override flag name device_personalization_services/NowPlaying__ambient_music_update_album_art_old_recognitions
03-30 13:12:13.270  1501  1501 W SettingsState: invalid override flag name adservices/measurement_max_triggers_per_destination
03-30 13:12:13.270  1501  1501 W SettingsState: invalid override flag name adservices/fledge_debug_report_sender_job_period_ms
03-30 13:12:13.270  1501  1501 W SettingsState: invalid override flag name adservices/measurement_aggregate_reporting_job_required_network_type
03-30 13:12:13.270  1501  1501 W SettingsState: invalid override flag name odad/phl_autofill_hint_critical_score
03-30 13:12:13.270  1501  1501 W SettingsState: invalid override flag name device_personalization_services/Memory__enable_zss_batched_bard_query_handling
03-30 13:12:13.270  1501  1501 W SettingsState: invalid override flag name adservices/fledge_background_fetch_network_connect_timeout_ms
03-30 13:12:13.270  1501  1501 W SettingsState: invalid override flag name device_personalization_services/NotificationAssistant__enable_service
03-30 13:12:13.270  1501  1501 W SettingsState: invalid override flag name autofill/fill_fields_from_current_session_only
03-30 13:12:13.270  1501  1501 W SettingsState: invalid override flag name device_personalization_services/Memory__enable_chrome_tab_processor
03-30 13:12:13.270  1501  1501 W SettingsState: invalid override flag name device_personalization_services/EchoSearch__running_timer_low_relevance_remaining_minutes
03-30 13:12:13.270  1501  1501 W SettingsState: invalid override flag name aicore/AicOnDeviceIntelligence__enable_fd_caching_for_lightweight_features
03-30 13:12:13.270  1501  1501 W SettingsState: invalid override flag name device_personalization_services/Translate__enable_dictionary_langid_detection
03-30 13:12:13.270  1501  1501 W SettingsState: invalid override flag name profiling/cost_system_trace
03-30 13:12:13.270  1501  1501 W SettingsState: invalid override flag name device_personalization_services/SmartNotification__excluded_packages
03-30 13:12:13.270  1501  1501 W SettingsState: invalid override flag name launcher_lily/HomeScreenShortcuts__enable_camera_block
03-30 13:12:13.270  1501  1501 W SettingsState: invalid override flag name adservices/measurement_enforce_foreground_status_register_source
03-30 13:12:13.270  1501  1501 W SettingsState: invalid override flag name device_personalization_services/EchoSearchAip__enable_filtering_out_already_processed_appcontent_ids
03-30 13:12:13.270  1501  1501 W SettingsState: invalid override flag name device_personalization_services/Memory__zero_state_suggestion_conv_bard_maps_model_prompt
03-30 13:12:13.270  1501  1501 W SettingsState: invalid override flag name adservices/measurement_event_reports_ctc_early_reporting_windows
03-30 13:12:13.270  1501  1501 W SettingsState: invalid override flag name adservices/measurement_enforce_foreground_status_register_web_source
03-30 13:12:13.270  1501  1501 W SettingsState: invalid override flag name device_personalization_services/NoOp__flag_for_droidfood
03-30 13:12:13.270  1501  1501 W SettingsState: invalid override flag name autofill/trigger_fill_request_on_unimportant_view
03-30 13:12:13.270  1501  1501 W SettingsState: invalid override flag name device_personalization_services/Superpacks__require_battery_not_low_by_default
03-30 13:12:13.270  1501  1501 W SettingsState: invalid override flag name configuration/beta_public_launch
03-30 13:12:13.270  1501  1501 W SettingsState: invalid override flag name device_personalization_services/NowPlaying__federated_analytics_allowed
03-30 13:12:13.270  1501  1501 W SettingsState: invalid override flag name device_personalization_services/ViewSemantics__model_version
03-30 13:12:13.270  1501  1501 W SettingsState: invalid override flag name device_personalization_services/SmartSelect__enable_smart_select_example_cache_on_suggest_selection
03-30 13:12:13.270  1501  1501 W SettingsState: invalid override flag name interaction_jank_monitor/trace_threshold_frame_time_millis
03-30 13:12:13.270  1501  1501 W SettingsState: invalid override flag name adservices/enable_appsearch_consent_data
03-30 13:12:13.270  1501  1501 W SettingsState: invalid override flag name uwb/device_error_bugreport_enabled
03-30 13:12:13.270  1501  1501 W SettingsState: invalid override flag name launcher/ENABLE_SEARCH_HAPTIC_HINT
03-30 13:12:13.270  1501  1501 W SettingsState: invalid override flag name aicore/AicSafety__periodic_refresh_only_requested_clients_enabled
03-30 13:12:13.270  1501  1501 W SettingsState: invalid override flag name device_personalization_services/Overview__enable_pir_westworld_logging
03-30 13:12:13.270  1501  1501 W SettingsState: invalid override flag name media_native/render_metrics_max_expected_content_frame_duration_us
03-30 13:12:13.270  1501  1501 W SettingsState: invalid override flag name activity_manager_native_boot/modern_queue_enabled
03-30 13:12:13.270  1501  1501 W SettingsState: invalid override flag name adservices/mdd_maintenance_gcm_task_period_seconds
03-30 13:12:13.270  1501  1501 W SettingsState: invalid override flag name media/player_metrics_per_app_use_time_allowlist
03-30 13:12:13.270  1501  1501 W SettingsState: invalid override flag name device_personalization_services/Personalization__personalized_slice_info_mdh_use_standalone
03-30 13:12:13.270  1501  1501 W SettingsState: invalid override flag name device_personalization_services/PccStorageStats__directory_report_known_directory_names
03-30 13:12:13.270  1501  1501 W SettingsState: invalid override flag name network_security/CertificateTransparencyLogList__service_enabled
03-30 13:12:13.270  1501  1501 W SettingsState: invalid override flag name device_personalization_services/EchoSearch__enable_term_matching_prefix_operator
03-30 13:12:13.270  1501  1501 W SettingsState: invalid override flag name device_personalization_services/EchoSmartspace__enable_ambient_data_predictor
03-30 13:12:13.270  1501  1501 W SettingsState: invalid override flag name textclassifier/manifest_url_annotator_universal
03-30 13:12:13.270  1501  1501 W SettingsState: invalid override flag name device_personalization_services/EchoSearch__appsearch_show_day_of_week_in_clock_alarm_labels
03-30 13:12:13.270  1501  1501 W SettingsState: invalid override flag name device_personalization_services/SpeechRecognitionService__max_concurrent_recognition_sessions
03-30 13:12:13.270  1501  1501 W SettingsState: invalid override flag name package_manager_service/MinInstallableTargetSdkStrictMode__install_block_strict_mode_enabled
03-30 13:12:13.270  1501  1501 W SettingsState: invalid override flag name connectivity/ipclient_accept_ipv6_link_local_dns_version
03-30 13:12:13.326  1501  1777 E SystemServiceRegistry: Manager wrapper not available: dropbox
03-30 13:12:13.326  1501  1777 E SystemServiceRegistry: Manager wrapper not available: dropbox
03-30 13:12:13.327  1501  1777 E SystemServiceRegistry: Manager wrapper not available: dropbox
03-30 13:12:13.327  1501  1777 E SystemServiceRegistry: Manager wrapper not available: dropbox
03-30 13:12:13.327  1501  1777 E SystemServiceRegistry: Manager wrapper not available: dropbox
03-30 13:12:13.328  1501  1777 E SystemServiceRegistry: Manager wrapper not available: dropbox
03-30 13:12:13.328  1501  1777 E SystemServiceRegistry: Manager wrapper not available: dropbox
03-30 13:12:13.328  1501  1777 E SystemServiceRegistry: Manager wrapper not available: dropbox
03-30 13:12:13.329  1501  1777 E SystemServiceRegistry: Manager wrapper not available: dropbox
03-30 13:12:13.329  1501  1777 E SystemServiceRegistry: Manager wrapper not available: dropbox
03-30 13:12:13.329  1501  1777 E SystemServiceRegistry: Manager wrapper not available: dropbox
03-30 13:12:13.329  1501  1777 E SystemServiceRegistry: Manager wrapper not available: dropbox
03-30 13:12:13.330  1501  1777 E SystemServiceRegistry: Manager wrapper not available: dropbox
03-30 13:12:13.330  1501  1777 E SystemServiceRegistry: Manager wrapper not available: dropbox
03-30 13:12:13.330  1501  1777 E SystemServiceRegistry: Manager wrapper not available: dropbox
03-30 13:12:13.330  1501  1777 E SystemServiceRegistry: Manager wrapper not available: dropbox
03-30 13:12:13.331  1501  1777 E SystemServiceRegistry: Manager wrapper not available: dropbox
03-30 13:12:13.331  1501  1777 E SystemServiceRegistry: Manager wrapper not available: dropbox
03-30 13:12:13.331  1501  1777 E SystemServiceRegistry: Manager wrapper not available: dropbox
03-30 13:12:13.332  1501  1777 E SystemServiceRegistry: Manager wrapper not available: dropbox
03-30 13:12:13.332  1501  1777 E SystemServiceRegistry: Manager wrapper not available: dropbox
03-30 13:12:13.332  1501  1777 E SystemServiceRegistry: Manager wrapper not available: dropbox
03-30 13:12:13.332  1501  1777 E SystemServiceRegistry: Manager wrapper not available: dropbox
03-30 13:12:13.333  1501  1777 E SystemServiceRegistry: Manager wrapper not available: dropbox
03-30 13:12:13.333  1501  1777 E SystemServiceRegistry: Manager wrapper not available: dropbox
03-30 13:12:13.333  1501  1777 E SystemServiceRegistry: Manager wrapper not available: dropbox
03-30 13:12:13.333  1501  1777 E SystemServiceRegistry: Manager wrapper not available: dropbox
03-30 13:12:13.334  1501  1777 E SystemServiceRegistry: Manager wrapper not available: dropbox
03-30 13:12:13.334  1501  1777 E SystemServiceRegistry: Manager wrapper not available: dropbox
03-30 13:12:13.334  1501  1777 E SystemServiceRegistry: Manager wrapper not available: dropbox
03-30 13:12:13.335  1501  1777 E SystemServiceRegistry: Manager wrapper not available: dropbox
03-30 13:12:13.335  1501  1777 E SystemServiceRegistry: Manager wrapper not available: dropbox
03-30 13:12:13.335  1501  1777 E SystemServiceRegistry: Manager wrapper not available: dropbox
03-30 13:12:13.336  1501  1777 E SystemServiceRegistry: Manager wrapper not available: dropbox
03-30 13:12:13.336  1501  1777 E SystemServiceRegistry: Manager wrapper not available: dropbox
03-30 13:12:13.336  1501  1777 E SystemServiceRegistry: Manager wrapper not available: dropbox
03-30 13:12:13.337  1501  1777 E SystemServiceRegistry: Manager wrapper not available: dropbox
03-30 13:12:13.337  1501  1777 E SystemServiceRegistry: Manager wrapper not available: dropbox
03-30 13:12:13.338  1501  1777 E SystemServiceRegistry: Manager wrapper not available: dropbox
03-30 13:12:13.338  1501  1777 E SystemServiceRegistry: Manager wrapper not available: dropbox
03-30 13:12:13.338  1501  1777 E SystemServiceRegistry: Manager wrapper not available: dropbox
03-30 13:12:13.338  1501  1777 E SystemServiceRegistry: Manager wrapper not available: dropbox
03-30 13:12:13.339  1501  1777 E SystemServiceRegistry: Manager wrapper not available: dropbox
03-30 13:12:13.339  1501  1777 E SystemServiceRegistry: Manager wrapper not available: dropbox
03-30 13:12:13.339  1501  1777 E SystemServiceRegistry: Manager wrapper not available: dropbox
03-30 13:12:13.340  1501  1777 E SystemServiceRegistry: Manager wrapper not available: dropbox
03-30 13:12:13.340  1501  1777 E SystemServiceRegistry: Manager wrapper not available: dropbox
03-30 13:12:13.341  1501  1777 E SystemServiceRegistry: Manager wrapper not available: dropbox
03-30 13:12:13.342  1501  1777 E SystemServiceRegistry: Manager wrapper not available: dropbox
03-30 13:12:13.342  1501  1777 E SystemServiceRegistry: Manager wrapper not available: dropbox
03-30 13:12:13.345     0     0 E init    : Control message: Could not find 'aidl/android.frameworks.sensorservice.ISensorManager/default' for ctl.interface_start from pid: 396 (/system/bin/servicemanager)
03-30 13:12:13.342  1501  1777 E SystemServiceRegistry: Manager wrapper not available: dropbox
03-30 13:12:13.343  1501  1777 E SystemServiceRegistry: Manager wrapper not available: dropbox
03-30 13:12:13.343  1501  1777 E SystemServiceRegistry: Manager wrapper not available: dropbox
03-30 13:12:13.344  1501  1777 E SystemServiceRegistry: Manager wrapper not available: dropbox
03-30 13:12:13.344  1501  1777 E SystemServiceRegistry: Manager wrapper not available: dropbox
03-30 13:12:13.353  1501  1501 E VibratorInfo: Invalid frequency profile received from HAL. resonantFrequencyHz=NaN, frequenciesHz=null, outputAccelerationsGs=null
03-30 13:12:13.353  1501  1501 E VibratorInfo: Invalid frequency profile received from HAL. resonantFrequencyHz=NaN, frequenciesHz=null, outputAccelerationsGs=null
03-30 13:12:13.353  1501  1501 E VibratorInfo: Invalid frequency profile received from HAL. resonantFrequencyHz=NaN, frequenciesHz=null, outputAccelerationsGs=null
03-30 13:12:13.360  1501  1775 W UserWakeupStore: User wakeup file not available: /data/system/alarms/usersWithAlarmClocks.xml
03-30 13:12:13.369  1501  1501 E DeviceStateManagerService: Cannot notify device state info change before the initial state has been committed.
03-30 13:12:13.430  1501  1763 W BroadcastLoopers: Found previously unknown looper Thread[android.ui,5,main]
03-30 13:12:13.463   953  1852 W Lyric   : shutter_notification_manager.cc:138: Sensor with vsync id : 1 creating vsync sensor connection spent 1.346783855s
03-30 13:12:13.465   953  1850 W Lyric   : shutter_notification_manager.cc:138: Sensor with vsync id : 0 creating vsync sensor connection spent 1.462285198s
03-30 13:12:13.471   953  1851 W Lyric   : shutter_notification_manager.cc:138: Sensor with vsync id : 2 creating vsync sensor connection spent 1.133898316s
03-30 13:12:13.495  1501  1765 W BroadcastLoopers: Found previously unknown looper Thread[android.display,5,main]
03-30 13:12:13.500     0     0 W init    : Activation of cgroup controller +memory failed in path /sys/fs/cgroup/system/uid_0: Invalid argument
03-30 13:12:13.501     0     0 W thermal_zone24: failed to read out thermal zone (-22)
03-30 13:12:13.501     0     0 W thermal_zone25: failed to read out thermal zone (-22)
03-30 13:12:13.501     0     0 W thermal_zone26: failed to read out thermal zone (-22)
03-30 13:12:13.501     0     0 W thermal_zone27: failed to read out thermal zone (-22)
03-30 13:12:13.501     0     0 W thermal_zone28: failed to read out thermal zone (-22)
03-30 13:12:13.501     0     0 W thermal_zone29: failed to read out thermal zone (-22)
03-30 13:12:13.501     0     0 W thermal_zone30: failed to read out thermal zone (-22)
03-30 13:12:13.515  1501  1501 W PackageManager: No disk maintenance in 270443464; running immediately
03-30 13:12:13.531  1501  1775 W PinnerService: Could not find pinlist.meta for "/system_ext/priv-app/SystemUI/SystemUI.apk": pinning as blob
03-30 13:12:13.642  1501  2292 W BroadcastLoopers: Found previously unknown looper Thread[NsdService,5,main]
03-30 13:12:13.653  1501  1501 W BroadcastLoopers: Found previously unknown looper Thread[main,5,main]
03-30 13:12:13.719  1501  1501 W ActivityManager: Unable to start service Intent { act=android.service.notification.NotificationListenerService cmp=com.google.vr.vrcore/.notification.VrNotificationService } U=0: not found
03-30 13:12:13.720  1501  1501 W NotificationManagerService.NotificationListeners: Unable to bind notification listener service: Intent { act=android.service.notification.NotificationListenerService xflg=0x4 cmp=com.google.vr.vrcore/.notification.VrNotificationService (has extras) } in user 0
03-30 13:12:13.720  1501  1501 W ActivityManager: Unable to start service Intent { act=android.service.notification.NotificationListenerService cmp=com.google.android.apps.dreamliner/.notification.DreamlinerNotificationService } U=0: not found
03-30 13:12:13.720  1501  1501 W NotificationManagerService.NotificationListeners: Unable to bind notification listener service: Intent { act=android.service.notification.NotificationListenerService xflg=0x4 cmp=com.google.android.apps.dreamliner/.notification.DreamlinerNotificationService (has extras) } in user 0
03-30 13:12:13.720  1501  1501 W ActivityManager: Unable to start service Intent { act=android.service.notification.NotificationListenerService cmp=com.google.android.apps.nexuslauncher/com.android.launcher3.notification.NotificationListener } U=0: not found
03-30 13:12:13.720  1501  1501 W NotificationManagerService.NotificationListeners: Unable to bind notification listener service: Intent { act=android.service.notification.NotificationListenerService xflg=0x4 cmp=com.google.android.apps.nexuslauncher/com.android.launcher3.notification.NotificationListener (has extras) } in user 0
03-30 13:12:13.720  1501  1501 W ActivityManager: Unable to start service Intent { act=android.service.notification.NotificationListenerService cmp=com.google.android.as/com.google.android.apps.miphone.aiai.common.notification.service.AiAiNotificationListenerService } U=0: not found
03-30 13:12:13.720  1501  1501 W NotificationManagerService.NotificationListeners: Unable to bind notification listener service: Intent { act=android.service.notification.NotificationListenerService xflg=0x4 cmp=com.google.android.as/com.google.android.apps.miphone.aiai.common.notification.service.AiAiNotificationListenerService (has extras) } in user 0
03-30 13:12:13.722  1501  1501 W ActivityManager: Skipping saving the start info due to ongoing loading from storage
03-30 13:12:13.726  1501  1501 W SystemServiceManager: Service com.android.server.notification.NotificationManagerService took 70 ms in onStart
03-30 13:12:13.736  1501  1501 E SystemServiceRegistry: Manager wrapper not available: keyguard
03-30 13:12:13.776  1501  1501 E PowerManagerService: Tried to acquire wake lock for invalid display: 0
03-30 13:12:13.787  1501  1775 W PinnerService: Could not find pinlist.meta for "/system_ext/priv-app/NexusLauncherRelease/NexusLauncherRelease.apk": pinning as blob
03-30 13:12:13.792  1501  1501 W WiredAccessoryManager: This kernel does not have usb audio support
03-30 13:12:13.792  1501  1501 W WiredAccessoryManager: This kernel does not have HDMI audio support
03-30 13:12:13.792  1501  1501 E WiredAccessoryManager: file /sys/devices/platform/soc/soc:qcom,msm-ext-disp/extcon/extcon3/name not found
03-30 13:12:13.792  1501  1501 W WiredAccessoryManager: Conn soc:qcom,msm-ext-disp/3/1 does not have DP audio support
03-30 13:12:13.792  1501  1501 E WiredAccessoryManager: file /sys/devices/platform/soc/soc:qcom,msm-ext-disp/extcon/extcon2/name not found
03-30 13:12:13.793  1501  1501 W WiredAccessoryManager: Conn soc:qcom,msm-ext-disp/2/1 does not have DP audio support
03-30 13:12:13.793  1501  1501 E WiredAccessoryManager: file /sys/devices/platform/soc/soc:qcom,msm-ext-disp/extcon/extcon1/name not found
03-30 13:12:13.793  1501  1501 W WiredAccessoryManager: Conn soc:qcom,msm-ext-disp/1/1 does not have DP audio support
03-30 13:12:13.793  1501  1501 E WiredAccessoryManager: file /sys/devices/platform/soc/soc:qcom,msm-ext-disp/extcon/extcon0/name not found
03-30 13:12:13.793  1501  1501 W WiredAccessoryManager: Conn soc:qcom,msm-ext-disp/0/1 does not have DP audio support
03-30 13:12:13.793  1501  1501 E WiredAccessoryManager: file /sys/devices/platform/soc/soc:qcom,msm-ext-disp/extcon/extcon3/name not found
03-30 13:12:13.793  1501  1501 W WiredAccessoryManager: Conn soc:qcom,msm-ext-disp/3/0 does not have DP audio support
03-30 13:12:13.793  1501  1501 E WiredAccessoryManager: file /sys/devices/platform/soc/soc:qcom,msm-ext-disp/extcon/extcon2/name not found
03-30 13:12:13.793  1501  1501 W WiredAccessoryManager: Conn soc:qcom,msm-ext-disp/2/0 does not have DP audio support
03-30 13:12:13.793  1501  1501 E WiredAccessoryManager: file /sys/devices/platform/soc/soc:qcom,msm-ext-disp/extcon/extcon1/name not found
03-30 13:12:13.793  1501  1501 W WiredAccessoryManager: Conn soc:qcom,msm-ext-disp/1/0 does not have DP audio support
03-30 13:12:13.793  1501  1501 E WiredAccessoryManager: file /sys/devices/platform/soc/soc:qcom,msm-ext-disp/extcon/extcon0/name not found
03-30 13:12:13.793  1501  1501 W WiredAccessoryManager: Conn soc:qcom,msm-ext-disp/0/0 does not have DP audio support
03-30 13:12:13.796  1501  1501 W AdbAuthorizationStore: Ignoring tag 'keyStore'. Not recognized.
03-30 13:12:13.799  1501  2311 W BroadcastLoopers: Found previously unknown looper Thread[AudioService,5,main]
03-30 13:12:13.803     0     0 W servicemanager: Service 'serial' originally registered from UID 0 but it is now being registered from UID 1000. Multiple instances installed?
03-30 13:12:13.803     0     0 W servicemanager: Service 'serial' originally registered from SID u:r:su:s0 but it is now being registered from SID u:r:system_server:s0. Multiple instances installed?
03-30 13:12:13.806  1501  2192 W StorageManagerService: No primary storage defined yet; hacking together a stub
03-30 13:12:13.808  1501  1659 E UsbDeviceManager: Usb getCurrentUsbFunctionsCb failed ,functions:1 ,status:2 ,transactionId:1
03-30 13:12:13.878     0     0 W init    : Activation of cgroup controller +memory failed in path /sys/fs/cgroup/system/uid_1000: Invalid argument
03-30 13:12:13.918  1501  1501 E AutofillManagerServiceImpl: Bad service name: com.google.android.gms/.autofill.service.AutofillService
03-30 13:12:13.919  1501  1501 E RemoteAugmentedAutofillService: Bad service name for flags 1048704: com.google.android.as/com.google.android.apps.miphone.aiai.app.AiAiAugmentedAutofillService
03-30 13:12:13.957  1501  1501 W PocketService: Un-handled boot phase:480
03-30 13:12:13.960  1501  1501 W BatteryStatsImpl: Unexpected per uid modem model name ()
03-30 13:12:13.971  1501  1501 E DisplayPowerController[0]: failed to set up display white-balance: java.lang.IllegalStateException: cannot find sensor com.google.sensor.color
03-30 13:12:13.975  1501  1501 E DeviceConfig: Parsing int failed for location_mode
03-30 13:12:13.975  1501  1805 W KeyguardServiceDelegate: onScreenTurningOn(): no keyguard service!
03-30 13:12:14.031     0     0 W healthd : battery l=75 v=3952 t=26.1 h=2 st=3 c=-2470312 fc=4730000 cc=132 chg=
03-30 13:12:14.044  1501  1787 W KernelCpuUidFreqTimeBpfMapReader: Failed to start tracking
03-30 13:12:14.044  1501  1787 W KernelCpuProcStringReader: File not found. It's normal if not implemented: /proc/uid_time_in_state
03-30 13:12:14.045  1501  1787 W KernelCpuUidActiveTimeBpfMapReader: Failed to start tracking
03-30 13:12:14.045  1501  1787 W KernelCpuProcStringReader: File not found. It's normal if not implemented: /proc/uid_concurrent_active_time
03-30 13:12:14.045  1501  1787 W KernelCpuUidClusterTimeBpfMapReader: Failed to start tracking
03-30 13:12:14.045  1501  1787 W KernelCpuProcStringReader: File not found. It's normal if not implemented: /proc/uid_concurrent_policy_time
03-30 13:12:14.050  1501  1787 W KernelMemoryBandwidthStats: No kernel memory bandwidth stats available
03-30 13:12:14.065  1501  1787 W BroadcastLoopers: Found previously unknown looper Thread[batterystats-handler,5,main]
03-30 13:12:14.073  1501  2266 W BroadcastLoopers: Found previously unknown looper Thread[WifiHandlerThread,5,main]
03-30 13:12:14.080     0     0 W healthd : battery l=75 v=3951 t=26.1 h=2 st=3 c=-2414843 fc=4730000 cc=132 chg=
03-30 13:12:14.088   998  1064 W vendor.google.wifi_ext-service-vendor: Duplicate death notification registration
03-30 13:12:14.100   998  1064 W vendor.google.wifi_ext-service-vendor: No active wlan interfaces in use! Using default
03-30 13:12:14.100   998  1064 E vendor.google.wifi_ext-service-vendor: Unknown iface name: wlan0
03-30 13:12:14.100   998  1064 E vendor.google.wifi_ext-service-vendor: Unknown iface name: wlan0
03-30 13:12:14.100   998  1064 W vendor.google.wifi_ext-service-vendor: No active wlan interfaces in use! Using default
03-30 13:12:14.100   998  1064 E vendor.google.wifi_ext-service-vendor: Unknown iface name: wlan0
03-30 13:12:14.100   998  1064 E vendor.google.wifi_ext-service-vendor: Unknown iface name: wlan0
03-30 13:12:14.101   998  1064 W vendor.google.wifi_ext-service-vendor: No active wlan interfaces in use! Using default
03-30 13:12:14.101   998  1064 E vendor.google.wifi_ext-service-vendor: Unknown iface name: wlan0
03-30 13:12:14.101   998  1064 E vendor.google.wifi_ext-service-vendor: Unknown iface name: wlan0
03-30 13:12:14.120  1501  1775 E KernelCpuThreadReader: Failed to initialize KernelCpuThreadReader
03-30 13:12:14.120  1501  1775 E KernelCpuThreadReader: java.nio.file.NoSuchFileException: /proc/self/time_in_state
03-30 13:12:14.120  1501  1775 E KernelCpuThreadReader: 	at sun.nio.fs.UnixFileSystemProvider.newByteChannel(UnixFileSystemProvider.java:220)
03-30 13:12:14.120  1501  1775 E KernelCpuThreadReader: 	at java.nio.file.Files.newByteChannel(Files.java:371)
03-30 13:12:14.120  1501  1775 E KernelCpuThreadReader: 	at java.nio.file.Files.newByteChannel(Files.java:422)
03-30 13:12:14.120  1501  1775 E KernelCpuThreadReader: 	at java.nio.file.Files.readAllBytes(Files.java:3214)
03-30 13:12:14.120  1501  1775 E KernelCpuThreadReader: 	at com.android.internal.os.ProcTimeInStateReader.initializeTimeInStateFormat(ProcTimeInStateReader.java:159)
03-30 13:12:14.120  1501  1775 E KernelCpuThreadReader: 	at com.android.internal.os.ProcTimeInStateReader.<init>(ProcTimeInStateReader.java:106)
03-30 13:12:14.120  1501  1775 E KernelCpuThreadReader: 	at com.android.internal.os.KernelCpuThreadReader.<init>(KernelCpuThreadReader.java:138)
03-30 13:12:14.120  1501  1775 E KernelCpuThreadReader: 	at com.android.internal.os.KernelCpuThreadReader.create(KernelCpuThreadReader.java:151)
03-30 13:12:14.120  1501  1775 E KernelCpuThreadReader: 	at com.android.internal.os.KernelCpuThreadReaderSettingsObserver.<init>(KernelCpuThreadReaderSettingsObserver.java:95)
03-30 13:12:14.120  1501  1775 E KernelCpuThreadReader: 	at com.android.internal.os.KernelCpuThreadReaderSettingsObserver.getSettingsModifiedReader(KernelCpuThreadReaderSettingsObserver.java:80)
03-30 13:12:14.120  1501  1775 E KernelCpuThreadReader: 	at com.android.server.stats.pull.StatsPullAtomService.initializePullersState(StatsPullAtomService.java:937)
03-30 13:12:14.120  1501  1775 E KernelCpuThreadReader: 	at com.android.server.stats.pull.StatsPullAtomService.lambda$onBootPhase$0(StatsPullAtomService.java:891)
03-30 13:12:14.120  1501  1775 E KernelCpuThreadReader: 	at com.android.server.stats.pull.StatsPullAtomService.$r8$lambda$qb74jErDmbpYjoDRKkDDIHHyoHk(StatsPullAtomService.java:0)
03-30 13:12:14.120  1501  1775 E KernelCpuThreadReader: 	at com.android.server.stats.pull.StatsPullAtomService$$ExternalSyntheticLambda0.run(R8$$SyntheticClass:0)
03-30 13:12:14.120  1501  1775 E KernelCpuThreadReader: 	at android.os.Handler.handleCallback(Handler.java:1070)
03-30 13:12:14.120  1501  1775 E KernelCpuThreadReader: 	at android.os.Handler.dispatchMessage(Handler.java:125)
03-30 13:12:14.120  1501  1775 E KernelCpuThreadReader: 	at android.os.Looper.dispatchMessage(Looper.java:333)
03-30 13:12:14.120  1501  1775 E KernelCpuThreadReader: 	at android.os.Looper.loopOnce(Looper.java:263)
03-30 13:12:14.120  1501  1775 E KernelCpuThreadReader: 	at android.os.Looper.loop(Looper.java:367)
03-30 13:12:14.120  1501  1775 E KernelCpuThreadReader: 	at android.os.HandlerThread.run(HandlerThread.java:139)
03-30 13:12:14.131  1501  1501 E UserManagerService: Auto-lock preference updated but private space user not found
03-30 13:12:14.176  1501  1815 W PackageManager: Not removing package com.google.android.libraries.internal.sampleads_20009 hosting lib com.google.android.libraries.internal.sampleads version 20009 used by [VersionedPackage[com.google.android.play.games/624524440]] for user 0
03-30 13:12:14.189     0     0 E cpif    : check_txq_space: PCIE: NOSPC FMT_TX{qsize:4096 in:1264 out:1312 space:47 len:2048}
03-30 13:12:14.190     0     0 E cpif    : check_txq_space: PCIE: NOSPC FMT_TX{qsize:4096 in:1216 out:1264 space:47 len:2048}
03-30 13:12:14.191     0     0 E cpif    : check_txq_space: PCIE: NOSPC FMT_TX{qsize:4096 in:1168 out:1216 space:47 len:2048}
03-30 13:12:14.192     0     0 E cpif    : check_txq_space: PCIE: NOSPC FMT_TX{qsize:4096 in:1120 out:1168 space:47 len:2048}
03-30 13:12:14.193     0     0 E cpif    : check_txq_space: PCIE: NOSPC FMT_TX{qsize:4096 in:1072 out:1120 space:47 len:2048}
03-30 13:12:14.194     0     0 E cpif    : check_txq_space: PCIE: NOSPC FMT_TX{qsize:4096 in:1024 out:1072 space:47 len:2048}
03-30 13:12:14.195     0     0 E cpif    : check_txq_space: PCIE: NOSPC FMT_TX{qsize:4096 in:976 out:1024 space:47 len:2048}
03-30 13:12:14.197     0     0 E cpif    : check_txq_space: PCIE: NOSPC FMT_TX{qsize:4096 in:928 out:976 space:47 len:2048}
03-30 13:12:14.198     0     0 E cpif    : check_txq_space: PCIE: NOSPC FMT_TX{qsize:4096 in:880 out:928 space:47 len:2048}
03-30 13:12:14.199     0     0 E cpif    : check_txq_space: PCIE: NOSPC FMT_TX{qsize:4096 in:880 out:928 space:47 len:2048}
03-30 13:12:14.225  1501  1501 W PocketService: Un-handled boot phase:520
03-30 13:12:14.323  1501  1501 E ActivityManager: Unable to find com.google.android.trichromelibrary_768011933/u0
03-30 13:12:14.323  1501  1501 E ActivityManager: Unable to find com.google.android.trichromelibrary_768015333/u0
03-30 13:12:14.332  1501  1501 E ActivityManager: Unable to find com.google.android.trichromelibrary_763215933/u0
03-30 13:12:14.346     0     0 W init    : Activation of cgroup controller +memory failed in path /sys/fs/cgroup/system/uid_0: Invalid argument
03-30 13:12:14.349  1501  1794 E AppStandbyController: Tried to restrict app com.pcfinancial.mobile for an unsupported reason
03-30 13:12:14.358  1501  1794 E AppStandbyController: Tried to restrict app com.chiller3.bcr for an unsupported reason
03-30 13:12:14.360  1501  1794 E AppStandbyController: Tried to restrict app com.google.android.apps.bard for an unsupported reason
03-30 13:12:14.375  1501  1501 W ActivityManager: Too early to start/bind service in system_server: Phase=550 ComponentInfo{com.android.server.telecom/com.android.server.telecom.components.TelecomService}
03-30 13:12:14.376  1501  1501 W ActivityManager: Too early to start/bind service in system_server: Phase=550 ComponentInfo{com.android.server.telecom/com.android.server.telecom.components.TelecomService}
03-30 13:12:14.383  1501  2190 E NativeTombstoneManager: Tombstone's UID (1000) not an app, ignoring
03-30 13:12:14.385  1501  2190 E NativeTombstoneManager: Tombstone's UID (0) not an app, ignoring
03-30 13:12:14.388  1501  2190 E NativeTombstoneManager: Tombstone's UID (0) not an app, ignoring
03-30 13:12:14.390  1501  2190 E NativeTombstoneManager: Tombstone has invalid selinux label (u:r:priv_app:s0:c512,c768À), ignoring
03-30 13:12:14.392  1501  2190 E NativeTombstoneManager: Tombstone's UID (0) not an app, ignoring
03-30 13:12:14.395  1501  2190 E NativeTombstoneManager: Tombstone has invalid selinux label (u:r:priv_app:s0:c512,c768À), ignoring
03-30 13:12:14.397  1501  2190 E NativeTombstoneManager: Tombstone has invalid selinux label (u:r:priv_app:s0:c512,c768À), ignoring
03-30 13:12:14.401  1501  2190 E NativeTombstoneManager: Tombstone has invalid selinux label (u:r:priv_app:s0:c512,c768À), ignoring
03-30 13:12:14.404  1501  2190 E NativeTombstoneManager: Tombstone has invalid selinux label (u:r:priv_app:s0:c512,c768À), ignoring
03-30 13:12:14.407  1501  2190 E NativeTombstoneManager: Tombstone has invalid selinux label (u:r:priv_app:s0:c512,c768À), ignoring
03-30 13:12:14.413  1501  2190 E NativeTombstoneManager: Tombstone has invalid selinux label (u:r:priv_app:s0:c512,c768À), ignoring
03-30 13:12:14.534  1501  2194 W SyncManager: Failure adding authority: auth=subscribedfeeds enabled=false syncable=1
03-30 13:12:14.539  1501  1501 W SystemServiceManager: Service com.android.server.content.ContentService$Lifecycle took 163 ms in onBootPhase
03-30 13:12:14.549     0     0 W init    : Activation of cgroup controller +memory failed in path /sys/fs/cgroup/system/uid_9999: Invalid argument
03-30 13:12:14.626  1501  2308 W BroadcastLoopers: Found previously unknown looper Thread[AudioDeviceBroker,5,main]
03-30 13:12:14.631  1501  1501 W PocketService: Un-handled boot phase:550
03-30 13:12:14.637   998  1064 W vendor.google.wifi_ext-service-vendor: No active wlan interfaces in use! Using default
03-30 13:12:14.637   998  1064 E vendor.google.wifi_ext-service-vendor: Failed to register radio mode change callback
03-30 13:12:14.637   998  1064 W vendor.google.wifi_ext-service-vendor: No active wlan interfaces in use! Using default
03-30 13:12:14.637   998  1064 E vendor.google.wifi_ext-service-vendor: Failed to get SupportedIfaceCombinations matrix from legacy HAL: NOT_SUPPORTED
03-30 13:12:14.637   998  1064 W vendor.google.wifi_ext-service-vendor: No active wlan interfaces in use! Using default
03-30 13:12:14.638   998  1064 W vendor.google.wifi_ext-service-vendor: No active wlan interfaces in use! Using default
03-30 13:12:14.649   998  1064 E vendor.google.wifi_ext-service-vendor: Failed to set DFS flag; DFS channels may be unavailable.
03-30 13:12:14.658   998  1064 E vendor.google.wifi_ext-service-vendor: Failed to get chip capabilities from legacy HAL: NOT_SUPPORTED
03-30 13:12:14.703  1501  1501 W SystemServiceManager: Service com.android.server.policy.PermissionPolicyService took 63 ms in onBootPhase
03-30 13:12:14.714  1501  2248 W PinnerService: Could not find pinlist.meta for "/data/app/~~fztXfQvTXo1-RJUj2F-v2A==/com.google.android.webview-GZL6dRNpeLdzF-p2ADSGVQ==/base.apk": pinning as blob
03-30 13:12:14.752  1501  2264 W NetworkPolicy: setRestrictBackgroundUL: already false
03-30 13:12:14.791  1501  2248 E AppOps  : Bad call made by uid 1000. Package "android" does not belong to uid 1037.
03-30 13:12:14.792  1501  2248 E AppOps  : Cannot getAppOpMode: non-application UID 1037
03-30 13:12:14.801  2431  2431 E VibratorInfo: Invalid frequency profile received from HAL. resonantFrequencyHz=NaN, frequenciesHz=null, outputAccelerationsGs=null
03-30 13:12:14.801  2431  2431 E VibratorInfo: Invalid frequency profile received from HAL. resonantFrequencyHz=NaN, frequenciesHz=null, outputAccelerationsGs=null
03-30 13:12:14.834  1501  1659 W PackageManager: Invalid dex load report. loadingPackageName=null, uid=1037
03-30 13:12:14.849  1501  2263 W BroadcastLoopers: Found previously unknown looper Thread[NetworkStats,5,main]
03-30 13:12:14.870     0     0 W init    : Activation of cgroup controller +memory failed in path /sys/fs/cgroup/system/uid_1010: Invalid argument
03-30 13:12:14.923  1501  1969 E TransitionChain: Can't collect into a chain with no transition
03-30 13:12:14.923  1501  1969 E TransitionChain: Can't collect into a chain with no transition
03-30 13:12:14.941  1501  1501 W SystemServiceManager: Service com.android.server.location.LocationManagerService$Lifecycle took 61 ms in onBootPhase
03-30 13:12:14.942  1501  1501 W WallpaperManagerService: Attempted wallpaper ComponentInfo{simosoftprojects.matrixlivewallpaper/simosoftprojects.matrixlivewallpaper.MatrixWallpaper} is unavailable
03-30 13:12:14.942  1501  1501 W WallpaperManagerService: Wallpaper isn't direct boot aware; using fallback until unlocked
03-30 13:12:14.964  1501  1762 W LocationTZDetector: onProviderStateChange: Ignoring provider state change because both providers have not yet completed initialization. providerState=ProviderState{stateEnum=Perm failure (5), event=null, currentUserConfiguration=null, mStateEntryTimeMillis=11245, mDebugInfo=Failed to initialize: onInitialize() returned false}
03-30 13:12:14.981  1501  1501 W PocketService: Un-handled boot phase:600
03-30 13:12:15.004  1501  1787 W MobileRadioPowerStatsCollector: error reading modem stats:ERROR_PHONE_NOT_AVAILABLE
03-30 13:12:15.012  1501  2228 W BroadcastLoopers: Found previously unknown looper Thread[BluetoothSystemServer,5,main]
03-30 13:12:15.033  1501  1659 E AppLockManagerService: Config unavailable for user 0
03-30 13:12:15.034  1501  1501 W AppBindingService: [Supervision app] u0 feature disabled
03-30 13:12:15.053  1501  1501 W ActivityTaskManager: callingPackage for (uid=-1, pid=0) has no WPC
03-30 13:12:15.054  1501  1501 W ActivityStartInterceptor: Starting home with component specified, uid=0
03-30 13:12:15.070  1501  2430 W ActivityManager: No pending application record for pid 2569 (IApplicationThread android.app.IApplicationThread$Stub$Proxy@8c188f5); dropping process
03-30 13:12:15.072  1501  1501 W Looper  : Slow delivery took 1932ms main app=system_server main=true group=FOREGROUND h=android.app.ActivityThread$H c=null m=156
03-30 13:12:15.084  1501  1775 E CountryDetector: Could not instantiate the custom country detector class
03-30 13:12:15.089     0     0 W aoc_audio_control: 138 callbacks suppressed
03-30 13:12:15.087  1501  1778 W ActivityManager: Slow operation: 53ms so far, now at startProcess: returned from zygote!
03-30 13:12:15.089  1501  1778 W ActivityManager: Slow operation: 54ms so far, now at startProcess: done updating battery stats
03-30 13:12:15.089  1501  1778 W ActivityManager: Slow operation: 54ms so far, now at startProcess: building log message
03-30 13:12:15.089  1501  1778 W ActivityManager: Slow operation: 54ms so far, now at startProcess: starting to update pids map
03-30 13:12:15.089  1501  1778 W ActivityManager: Slow operation: 54ms so far, now at startProcess: done updating pids map
03-30 13:12:15.103  1501  1778 W ActivityManager: Slow operation: 57ms so far, now at startProcess: done updating battery stats
03-30 13:12:15.103  1501  1778 W ActivityManager: Slow operation: 57ms so far, now at startProcess: building log message
03-30 13:12:15.103  1501  1778 W ActivityManager: Slow operation: 57ms so far, now at startProcess: starting to update pids map
03-30 13:12:15.104  1501  1778 W ActivityManager: Slow operation: 58ms so far, now at startProcess: done updating pids map
03-30 13:12:15.104  1501  1778 W ActivityManager: Slow operation: 57ms so far, now at startProcess: asking zygote to start proc
03-30 13:12:15.108  1501  1778 W ActivityManager: Slow operation: 62ms so far, now at startProcess: returned from zygote!
03-30 13:12:15.109  1501  1778 W ActivityManager: Slow operation: 62ms so far, now at startProcess: done updating battery stats
03-30 13:12:15.109  1501  1778 W ActivityManager: Slow operation: 62ms so far, now at startProcess: building log message
03-30 13:12:15.109  1501  1778 W ActivityManager: Slow operation: 62ms so far, now at startProcess: starting to update pids map
03-30 13:12:15.109  1501  1778 W ActivityManager: Slow operation: 62ms so far, now at startProcess: done updating pids map
03-30 13:12:15.109  1501  1778 W ActivityManager: Slow operation: 61ms so far, now at startProcess: asking zygote to start proc
03-30 13:12:15.115  1501  1778 W ActivityManager: Slow operation: 67ms so far, now at startProcess: returned from zygote!
03-30 13:12:15.121  1501  1778 W ActivityManager: Slow operation: 73ms so far, now at startProcess: done updating battery stats
03-30 13:12:15.121  1501  1778 W ActivityManager: Slow operation: 74ms so far, now at startProcess: building log message
03-30 13:12:15.121  1501  1778 W ActivityManager: Slow operation: 74ms so far, now at startProcess: starting to update pids map
03-30 13:12:15.121  1501  1778 W ActivityManager: Slow operation: 74ms so far, now at startProcess: done updating pids map
03-30 13:12:15.121  1501  1778 W ActivityManager: Slow operation: 74ms so far, now at startProcess: asking zygote to start proc
03-30 13:12:15.126  1501  1778 W ActivityManager: Slow operation: 78ms so far, now at startProcess: returned from zygote!
03-30 13:12:15.126  1501  1778 W ActivityManager: Slow operation: 78ms so far, now at startProcess: done updating battery stats
03-30 13:12:15.126  1501  1778 W ActivityManager: Slow operation: 78ms so far, now at startProcess: building log message
03-30 13:12:15.126  1501  1778 W ActivityManager: Slow operation: 78ms so far, now at startProcess: starting to update pids map
03-30 13:12:15.126  1501  1778 W ActivityManager: Slow operation: 78ms so far, now at startProcess: done updating pids map
03-30 13:12:15.126  1501  1778 W ActivityManager: Slow operation: 77ms so far, now at startProcess: asking zygote to start proc
03-30 13:12:15.130  1501  1778 W ActivityManager: Slow operation: 82ms so far, now at startProcess: returned from zygote!
03-30 13:12:15.130  1501  1778 W ActivityManager: Slow operation: 82ms so far, now at startProcess: done updating battery stats
03-30 13:12:15.130  1501  1778 W ActivityManager: Slow operation: 82ms so far, now at startProcess: building log message
03-30 13:12:15.130  1501  1778 W ActivityManager: Slow operation: 82ms so far, now at startProcess: starting to update pids map
03-30 13:12:15.130  1501  1778 W ActivityManager: Slow operation: 82ms so far, now at startProcess: done updating pids map
03-30 13:12:15.131  1501  1778 W ActivityManager: Slow operation: 82ms so far, now at startProcess: asking zygote to start proc
03-30 13:12:15.135  1501  1778 W ActivityManager: Slow operation: 86ms so far, now at startProcess: returned from zygote!
03-30 13:12:15.135  1501  1778 W ActivityManager: Slow operation: 86ms so far, now at startProcess: done updating battery stats
03-30 13:12:15.135  1501  1778 W ActivityManager: Slow operation: 86ms so far, now at startProcess: building log message
03-30 13:12:15.135  1501  1778 W ActivityManager: Slow operation: 86ms so far, now at startProcess: starting to update pids map
03-30 13:12:15.135  1501  1778 W ActivityManager: Slow operation: 87ms so far, now at startProcess: done updating pids map
03-30 13:12:15.135  1501  1778 W ActivityManager: Slow operation: 87ms so far, now at startProcess: asking zygote to start proc
03-30 13:12:15.139  1501  1778 W ActivityManager: Slow operation: 91ms so far, now at startProcess: returned from zygote!
03-30 13:12:15.139  1501  1778 W ActivityManager: Slow operation: 91ms so far, now at startProcess: done updating battery stats
03-30 13:12:15.139  1501  1778 W ActivityManager: Slow operation: 91ms so far, now at startProcess: building log message
03-30 13:12:15.140  1501  1778 W ActivityManager: Slow operation: 91ms so far, now at startProcess: starting to update pids map
03-30 13:12:15.140  1501  1778 W ActivityManager: Slow operation: 91ms so far, now at startProcess: done updating pids map
03-30 13:12:15.140  1501  1778 W ActivityManager: Slow operation: 90ms so far, now at startProcess: asking zygote to start proc
03-30 13:12:15.144  1501  1778 W ActivityManager: Slow operation: 94ms so far, now at startProcess: returned from zygote!
03-30 13:12:15.148  1501  1778 W ActivityManager: Slow operation: 99ms so far, now at startProcess: done updating battery stats
03-30 13:12:15.148  1501  1778 W ActivityManager: Slow operation: 99ms so far, now at startProcess: building log message
03-30 13:12:15.148  1501  1778 W ActivityManager: Slow operation: 99ms so far, now at startProcess: starting to update pids map
03-30 13:12:15.149  1501  1778 W ActivityManager: Slow operation: 99ms so far, now at startProcess: done updating pids map
03-30 13:12:15.149  1501  1778 W ActivityManager: Slow operation: 99ms so far, now at startProcess: asking zygote to start proc
03-30 13:12:15.155  1501  1778 W ActivityManager: Slow operation: 105ms so far, now at startProcess: returned from zygote!
03-30 13:12:15.164  1501  1778 W ActivityManager: Slow operation: 114ms so far, now at startProcess: done updating battery stats
03-30 13:12:15.164  1501  1778 W ActivityManager: Slow operation: 115ms so far, now at startProcess: building log message
03-30 13:12:15.164  1501  1778 W ActivityManager: Slow operation: 115ms so far, now at startProcess: starting to update pids map
03-30 13:12:15.164  1501  1778 W ActivityManager: Slow operation: 115ms so far, now at startProcess: done updating pids map
03-30 13:12:15.164  1501  1778 W ActivityManager: Slow operation: 115ms so far, now at startProcess: asking zygote to start proc
03-30 13:12:15.176  1501  1778 W ActivityManager: Slow operation: 126ms so far, now at startProcess: returned from zygote!
03-30 13:12:15.176  1501  1778 W ActivityManager: Slow operation: 126ms so far, now at startProcess: done updating battery stats
03-30 13:12:15.176  1501  1778 W ActivityManager: Slow operation: 126ms so far, now at startProcess: building log message
03-30 13:12:15.176  1501  1778 W ActivityManager: Slow operation: 126ms so far, now at startProcess: starting to update pids map
03-30 13:12:15.176  1501  1778 W ActivityManager: Slow operation: 126ms so far, now at startProcess: done updating pids map
03-30 13:12:15.176  1501  1778 W ActivityManager: Slow operation: 126ms so far, now at startProcess: asking zygote to start proc
03-30 13:12:15.183  1501  1778 W ActivityManager: Slow operation: 133ms so far, now at startProcess: returned from zygote!
03-30 13:12:15.183  1501  1778 W ActivityManager: Slow operation: 133ms so far, now at startProcess: done updating battery stats
03-30 13:12:15.183  1501  1778 W ActivityManager: Slow operation: 133ms so far, now at startProcess: building log message
03-30 13:12:15.183  1501  1778 W ActivityManager: Slow operation: 133ms so far, now at startProcess: starting to update pids map
03-30 13:12:15.183  1501  1778 W ActivityManager: Slow operation: 133ms so far, now at startProcess: done updating pids map
03-30 13:12:15.183  1501  1778 W ActivityManager: Slow operation: 133ms so far, now at startProcess: asking zygote to start proc
03-30 13:12:15.184  1501  2172 W ActivityManager: Unable to start service Intent { act=com.google.android.gms.magictether.BIND xflg=0x4 pkg=com.google.android.gms } U=0: not found
03-30 13:12:15.188  1501  1778 W ActivityManager: Slow operation: 139ms so far, now at startProcess: returned from zygote!
03-30 13:12:15.189  1501  1778 W ActivityManager: Slow operation: 139ms so far, now at startProcess: done updating battery stats
03-30 13:12:15.189  1501  1778 W ActivityManager: Slow operation: 139ms so far, now at startProcess: building log message
03-30 13:12:15.189  1501  1778 W ActivityManager: Slow operation: 139ms so far, now at startProcess: starting to update pids map
03-30 13:12:15.189  1501  1778 W ActivityManager: Slow operation: 139ms so far, now at startProcess: done updating pids map
03-30 13:12:15.189  1501  1778 W ActivityManager: Slow operation: 139ms so far, now at startProcess: asking zygote to start proc
03-30 13:12:15.193  1501  1778 W ActivityManager: Slow operation: 144ms so far, now at startProcess: returned from zygote!
03-30 13:12:15.194  1501  1778 W ActivityManager: Slow operation: 144ms so far, now at startProcess: done updating battery stats
03-30 13:12:15.194  1501  1778 W ActivityManager: Slow operation: 144ms so far, now at startProcess: building log message
03-30 13:12:15.194  1501  1778 W ActivityManager: Slow operation: 144ms so far, now at startProcess: starting to update pids map
03-30 13:12:15.194  1501  1778 W ActivityManager: Slow operation: 144ms so far, now at startProcess: done updating pids map
03-30 13:12:15.194  1501  1778 W ActivityManager: Slow operation: 118ms so far, now at startProcess: asking zygote to start proc
03-30 13:12:15.198  1501  1778 W ActivityManager: Slow operation: 122ms so far, now at startProcess: returned from zygote!
03-30 13:12:15.198  1501  1778 W ActivityManager: Slow operation: 122ms so far, now at startProcess: done updating battery stats
03-30 13:12:15.198  1501  1778 W ActivityManager: Slow operation: 122ms so far, now at startProcess: building log message
03-30 13:12:15.198  1501  1778 W ActivityManager: Slow operation: 123ms so far, now at startProcess: starting to update pids map
